Loaded 284 channels from results/discovered_challenge.txt
[1/284] https://www.youtube.com/@ReubenSchmitz
      Reuben Schmitz | Mid | 341,000 subs | med 430,000 views | 3 uploads/90d | travel (0.93) | sells=True
[2/284] https://www.youtube.com/@maxtabakin
      max tabakin | Low | 5,850 subs | med 3,934 views | 0 uploads/90d | travel (1.0) | sells=False
[3/284] https://www.youtube.com/@Niko
      Niko Omilana | Low | 9,000,000 subs | med 10,000,000 views | 2 uploads/90d | food (0.25) | sells=False
[4/284] https://www.youtube.com/@Kerr.Rawden
      Kerr Rawden | Low | 52,600 subs | med 30,000 views | 0 uploads/90d | finance (0.46) | sells=False
[5/284] https://www.youtube.com/@KellyWakasa
      Kelly Wakasa | Mid | 2,000,000 subs | med 417,000 views | 3 uploads/90d | travel (0.5) | sells=True
[6/284] https://www.youtube.com/@TFGVlogs
      TFG Vlogs | Low | 1,320,000 subs | med 41,000 views | 13 uploads/90d | travel (0.33) | sells=False
[7/284] https://www.youtube.com/@ryan
      Ryan Trahan | Low | 24,000,000 subs | med 7,700,000 views | 2 uploads/90d | travel (1.0) | sells=False
[8/284] https://www.youtube.com/@Muhammadjourney05
      Muhammad Journey | Low | 72,700 subs | med 25,000 views | 7 uploads/90d | travel (0.56) | sells=False
[9/284] https://www.youtube.com/@StokesTwins
      Stokes Twins | Mid | 147,000,000 subs | med 71,000,000 views | 6 uploads/90d | travel (1.0) | sells=False
[10/284] https://www.youtube.com/@IrelandBoysProductions
      Ireland Boys Productions | Mid | 5,570,000 subs | med 323,000 views | 7 uploads/90d | travel (1.0) | sells=True
[11/284] https://www.youtube.com/@adventurefreaksss
      Adventure Freaksss | High | 212,000 subs | med 18,000 views | 25 uploads/90d | travel (0.69) | sells=True
[12/284] https://www.youtube.com/@Sidemen
      Sidemen | Mid | 23,400,000 subs | med 6,600,000 views | 13 uploads/90d | travel (1.0) | sells=False
[13/284] https://www.youtube.com/@AaronMorali
      Aaron Morali | Mid | 1,760 subs | med 1,600 views | 0 uploads/90d | lifestyle_vlog (0.6) | sells=False
[14/284] https://www.youtube.com/@MarcusKristin
      Marcus&Kristin | Mid | 421,000 subs | med 340,000 views | 0 uploads/90d | fitness (1.0) | sells=False
[15/284] https://www.youtube.com/@Killem
      Killem | Low | 2,440,000 subs | med 389,000 views | 6 uploads/90d | travel (0.4) | sells=False
[16/284] https://www.youtube.com/@AbroadAbility
      Abroad Ability ® | Mid | 18,700 subs | med 3,700 views | 24 uploads/90d | lifestyle_vlog (0.5) | sells=True
[17/284] https://www.youtube.com/@benmorris
      Ben Morris | Mid | 1,050,000 subs | med 510,000 views | 3 uploads/90d | travel (1.0) | sells=False
[18/284] https://www.youtube.com/@noelphilips
      Noel Philips | High | 753,000 subs | med 282,000 views | 12 uploads/90d | travel (1.0) | sells=True
[19/284] https://www.youtube.com/@BetaSquad
      Beta Squad | Mid | 12,100,000 subs | med 8,700,000 views | 0 uploads/90d | travel (0.6) | sells=True
[20/284] https://www.youtube.com/@JakeAdvs
      Jake Adv | Mid | 39,300 subs | med 3,600 views | 1 uploads/90d | outdoors (0.6) | sells=False
[21/284] https://www.youtube.com/@Morgz
      Morgz | Low | 12,500,000 subs | med 823,000 views | 0 uploads/90d | martial_arts (0.5) | sells=True
[22/284] https://www.youtube.com/@EdChapman23
      Ed Chapman | High | 157,000 subs | med 77,000 views | 13 uploads/90d | travel (1.0) | sells=True
[23/284] https://www.youtube.com/@Sprouht
      Sprouht | Mid | 1,310,000 subs | med 196,000 views | 13 uploads/90d | travel (1.0) | sells=False
[24/284] https://www.youtube.com/@girlvsglobe
      Girl vs Globe | Mid | 274,000 subs | med 14,000 views | 0 uploads/90d | travel (1.0) | sells=False
[25/284] https://www.youtube.com/@MateToolsEN
      MateTools - Online Tools for Developers & Creators | Low | 102 subs | med 0 views | 0 uploads/90d | no niche (0.0) | sells=False
[26/284] https://www.youtube.com/@prod.c5303
      @Bluez_17 | Low | 6 subs | med 65 views | 0 uploads/90d | travel (1.0) | sells=False
[27/284] https://www.youtube.com/@jackpembrook
      Jack Pembrook | Low | 2,350,000 subs | med 5,600,000 views | 4 uploads/90d | food (0.5) | sells=False
[28/284] https://www.youtube.com/@PPPeter_Official
      PPPeter | High | 1,030,000 subs | med 143,500 views | 16 uploads/90d | food (0.62) | sells=True
[29/284] https://www.youtube.com/@JoeFazer
      Joe Fazer | Mid | 2,440,000 subs | med 2,000,000 views | 2 uploads/90d | travel (0.5) | sells=False
[30/284] https://www.youtube.com/@Jamie_Does_Life
      Jamie Does Life | Low | 1,740 subs | med 520 views | 3 uploads/90d | travel (1.0) | sells=False
[31/284] https://www.youtube.com/@ginosko-greek
      Ginosko | Low | 5,120 subs | med 121 views | 29 uploads/90d | food (1.0) | sells=False
[32/284] https://www.youtube.com/@YesTheory
      Yes Theory | Mid | 10,100,000 subs | med 3,400,000 views | 3 uploads/90d | travel (0.89) | sells=False
[33/284] https://www.youtube.com/@steve-marsh
      SteveMarsh | High | 396,000 subs | med 208,000 views | 20 uploads/90d | travel (0.86) | sells=True
[34/284] https://www.youtube.com/@WestenChamplin
      Westen Champlin | Mid | 5,900,000 subs | med 2,700,000 views | 13 uploads/90d | tech (0.4) | sells=False
[35/284] https://www.youtube.com/@LivingBobby
      LivingBobby | Low | 2,870,000 subs | med 1,500,000 views | 2 uploads/90d | travel (0.57) | sells=False
[36/284] https://www.youtube.com/@MoreJStu
      JStu | Low | 8,620,000 subs | med 1,500,000 views | 0 uploads/90d | travel (1.0) | sells=False
[37/284] https://www.youtube.com/@AbroadinJapan
      Abroad in Japan | Mid | 3,290,000 subs | med 1,200,000 views | 5 uploads/90d | food (0.44) | sells=True
[38/284] https://www.youtube.com/@worldnomac
      World Nomac | Mid | 821,000 subs | med 211,000 views | 7 uploads/90d | travel (0.67) | sells=False
[39/284] https://www.youtube.com/@DiscoverConnection
      Discover Connection | Mid | 1,630,000 subs | med 1,300,000 views | 4 uploads/90d | travel (1.0) | sells=False
[40/284] https://www.youtube.com/@ludwig
      Ludwig | Low | 7,080,000 subs | med 1,200,000 views | 19 uploads/90d | no niche (0.0) | sells=False
[41/284] https://www.youtube.com/@TFIL
      TFIL (Traveling to EVERY COUNTRY in A-Z Order) | Mid | 4,019,999 subs | med 84,000 views | 6 uploads/90d | travel (0.67) | sells=True
[42/284] https://www.youtube.com/@JojoAigner
      Jojo Aigner | Mid | 78,300 subs | med 2,400 views | 0 uploads/90d | outdoors (1.0) | sells=True
[43/284] https://www.youtube.com/@SeekDiscomfort
      Seek Discomfort | Mid | 895,000 subs | med 246,000 views | 1 uploads/90d | lifestyle_vlog (0.33) | sells=False
[44/284] https://www.youtube.com/@ryanjessiesaldana5850
      Ryan Jessie Saldaña | Low | 8 subs | med 156 views | 0 uploads/90d | no niche (0.0) | sells=False
[45/284] https://www.youtube.com/@pj4452
      PJ | Low | 448 subs | med 514 views | 1 uploads/90d | outdoors (0.67) | sells=False
[46/284] https://www.youtube.com/@alexanderjamestravel
      Freedom | Low | 122,000 subs | med 8,700 views | 0 uploads/90d | travel (0.5) | sells=False
[47/284] https://www.youtube.com/@sleepycharliee
      Sleepy Charlie | Mid | 371,000 subs | med 94,000 views | 3 uploads/90d | travel (1.0) | sells=False
[48/284] https://www.youtube.com/@fruitlessadventures
      Fruitless Adventures | Low | 4,270 subs | med 505 views | 2 uploads/90d | travel (0.67) | sells=False
[49/284] https://www.youtube.com/@Baydeann
      Bailey Dean | Mid | 9,810 subs | med 5,400 views | 2 uploads/90d | travel (1.0) | sells=False
[50/284] https://www.youtube.com/@ashlinmahoney
      Ashlin Mahoney | Low | 9,200 subs | med 2,700 views | 1 uploads/90d | food (0.5) | sells=False
[51/284] https://www.youtube.com/@LastFlightOutPodcast
      Last Flight Out Podcast | Low | 16,700 subs | med 55 views | 30 uploads/90d | running_endurance (0.33) | sells=False
[52/284] https://www.youtube.com/@Last_Flight_Out
      Last Flight Out | Low | 5,970 subs | med 4,200 views | 0 uploads/90d | travel (0.89) | sells=False
[53/284] https://www.youtube.com/@jordanmatter
      Jordan Matter | Mid | 38,200,000 subs | med 27,000,000 views | 12 uploads/90d | tech (0.25) | sells=True
[54/284] https://www.youtube.com/@PaytonDelu
      Payton Delu | Mid | 6,390,000 subs | med 7,400,000 views | 1 uploads/90d | travel (0.5) | sells=True
[55/284] https://www.youtube.com/@CaIeger
      Caleger | Low | 9,110 subs | med 13,000 views | 0 uploads/90d | food (1.0) | sells=False
[56/284] https://www.youtube.com/@Hangtime37
      Hangtime | Mid | 4,040,000 subs | med 6,300,000 views | 3 uploads/90d | travel (1.0) | sells=False
[57/284] https://www.youtube.com/@redbull
      Red Bull | Mid | 29,800,000 subs | med 7,800,000 views | 2 uploads/90d | lifestyle_vlog (0.4) | sells=False
[58/284] https://www.youtube.com/@ludmilayamalova
      Ludmila Yamalova | Low | 1,520 subs | med 9 views | 18 uploads/90d | tech (0.57) | sells=False
[59/284] https://www.youtube.com/@ExodusCollective
      The Exodus Collective | Mid | 13,800 subs | med 2,000 views | 0 uploads/90d | travel (0.62) | sells=True
[60/284] https://www.youtube.com/@drphil
      Dr. Phil | Mid | 6,480,000 subs | med 96,000 views | 30 uploads/90d | finance (1.0) | sells=False
[61/284] https://www.youtube.com/@TheSilentRevenge-j6b
      The Silent Revenge | Low | 549 subs | med 121 views | 30 uploads/90d | business (0.67) | sells=False
[62/284] https://www.youtube.com/@NBCNews
      NBC News | Mid | 12,100,000 subs | med 0 views | 19 uploads/90d | no niche (0.0) | sells=False
[63/284] https://www.youtube.com/@BacktoBasics
      Back 2 Basics Adventures | Mid | 1,480,000 subs | med 574,000 views | 2 uploads/90d | travel (0.5) | sells=True
[64/284] https://www.youtube.com/@gravitasdocumentaries
      Gravitas Documentaries | Mid | 226,000 subs | med 14,000 views | 0 uploads/90d | fitness (0.67) | sells=False
[65/284] https://www.youtube.com/@Optimist
      Optimist | Low | 11,700 subs | med 714 views | 0 uploads/90d | food (0.75) | sells=False
[66/284] https://www.youtube.com/@stash_movies
      Stash Movies & TV | Mid | 469,000 subs | med 1,100 views | 29 uploads/90d | tech (1.0) | sells=False
[67/284] https://www.youtube.com/@ETV007
      SOUTH TELEVISION (ETV) | Low | 1,260 subs | med 13 views | 13 uploads/90d | no niche (0.0) | sells=False
[68/284] https://www.youtube.com/@maryaubry
      Mary Aubry | Low | 2 subs | med 0 views | 0 uploads/90d | no niche (0.0) | sells=False
[69/284] https://www.youtube.com/@MrRoblox-fw7od
      basic | Low | 2 subs | med 855 views | 0 uploads/90d | no niche (0.0) | sells=False
[70/284] https://www.youtube.com/channel/UCuVPpxrm2VAgpH3Ktln4HXg
      Cancel | Low | 0 subs | med 0 views | 0 uploads/90d | no niche (0.0) | sells=False
[71/284] https://www.youtube.com/@SimonWilson12
      Simon Wilson | Mid | 2,230,000 subs | med 1,900,000 views | 2 uploads/90d | travel (0.89) | sells=True
[72/284] https://www.youtube.com/@MoreTravelsWithDrewBinsky
      The $10 Travel Show | Mid | 847,000 subs | med 170,000 views | 2 uploads/90d | travel (1.0) | sells=False
[73/284] https://www.youtube.com/@SpinningTheGlobe
      Spinning The Globe | Mid | 137,000 subs | med 47,000 views | 6 uploads/90d | travel (1.0) | sells=True
[74/284] https://www.youtube.com/@4funguys
      4fun | Low | 2,780,000 subs | med 2,900,000 views | 5 uploads/90d | food (0.5) | sells=False
[75/284] https://www.youtube.com/@SpinTheGlobe-rec
      SpinTGlobe | Low | 11 subs | med 0 views | 0 uploads/90d | no niche (0.0) | sells=False
[76/284] https://www.youtube.com/@SpinTheGlobe-w3b
      Spin The Globe | Low | 5 subs | med 45 views | 1 uploads/90d | travel (0.5) | sells=False
[77/284] https://www.youtube.com/@SpinTheGlobeFacts
      Spin The Globe | Low | 5 subs | med 0 views | 0 uploads/90d | no niche (0.0) | sells=False
[78/284] https://www.youtube.com/@SpinTheGlobeTravel
      Spin the Globe | Low | 3 subs | med 12 views | 0 uploads/90d | travel (1.0) | sells=False
[79/284] https://www.youtube.com/@SpinTheGlobeApp
      Spin The Globe | Low | 1 subs | med 0 views | 0 uploads/90d | no niche (0.0) | sells=False
[80/284] https://www.youtube.com/@mattygitli
      Matty Gitli | Low | 904 subs | med 619 views | 0 uploads/90d | running_endurance (0.4) | sells=False
[81/284] https://www.youtube.com/@GarettBearenger
      GarettBearenger | Low | 6,430 subs | med 1,000 views | 0 uploads/90d | fitness (0.43) | sells=False
[82/284] https://www.youtube.com/@SarahONeiill
      Sarah ONeill | Mid | 7,490 subs | med 426 views | 3 uploads/90d | lifestyle_vlog (0.8) | sells=False
[83/284] https://www.youtube.com/@GoalGuys
      Goal Guys | Mid | 561,000 subs | med 470,000 views | 3 uploads/90d | fitness (0.25) | sells=False
[84/284] https://www.youtube.com/@SaraiJones
      Sarai Jones | Mid | 3,610,000 subs | med 73,000 views | 8 uploads/90d | lifestyle_vlog (0.57) | sells=False
[85/284] https://www.youtube.com/@mikethecompass
      Mike. | Mid | 145,000 subs | med 2,700 views | 3 uploads/90d | food (1.0) | sells=False
[86/284] https://www.youtube.com/@inzolostrength
      Inzolo Strength | Low | 4,310 subs | med 68 views | 2 uploads/90d | fitness (0.8) | sells=False
[87/284] https://www.youtube.com/@reneemowatt
      Renée Mowatt | Mid | 282,000 subs | med 8,300 views | 2 uploads/90d | fitness (0.77) | sells=False
[88/284] https://www.youtube.com/@WillTennyson
      Will Tennyson | Mid | 5,450,000 subs | med 6,000,000 views | 7 uploads/90d | fitness (0.56) | sells=False
[89/284] https://www.youtube.com/@SusieJTodd
      SusieJTodd | Mid | 957,000 subs | med 127,000 views | 5 uploads/90d | lifestyle_vlog (0.5) | sells=False
[90/284] https://www.youtube.com/@naj_ibra
      Naj Ibra | Low | 797 subs | med 171 views | 4 uploads/90d | tech (0.23) | sells=False
[91/284] https://www.youtube.com/@JenLauren
      Jen Lauren | Mid | 27,900 subs | med 1,400 views | 9 uploads/90d | lifestyle_vlog (0.18) | sells=False
[92/284] https://www.youtube.com/@Mrandmrsmuscle
      MrandMrsMuscle | Mid | 1,690,000 subs | med 72,000 views | 12 uploads/90d | fitness (1.0) | sells=False
[93/284] https://www.youtube.com/@kar_bel
      Karen Belen | Low | 533 subs | med 1,107 views | 1 uploads/90d | food (0.4) | sells=False
[94/284] https://www.youtube.com/@Browney
      Browney | Mid | 12,400,000 subs | med 3,900,000 views | 5 uploads/90d | fitness (0.6) | sells=False
[95/284] https://www.youtube.com/@JeremyEthier
      Jeremy Ethier | Mid | 7,950,000 subs | med 3,600,000 views | 6 uploads/90d | fitness (0.67) | sells=False
[96/284] https://www.youtube.com/@Fletcho.
      Fletcho | Mid | 23,900 subs | med 90,500 views | 1 uploads/90d | food (1.0) | sells=True
[97/284] https://www.youtube.com/@Liftwsarah
      Liftwsarah | Mid | 277,000 subs | med 48,000 views | 7 uploads/90d | fitness (0.7) | sells=True
[98/284] https://www.youtube.com/@JesseJamesWest
      Jesse James West | Mid | 11,200,000 subs | med 9,200,000 views | 6 uploads/90d | fitness (0.67) | sells=True
[99/284] https://www.youtube.com/@scott_schroeder
      Scott Schroeder | Low | 4,300 subs | med 697 views | 0 uploads/90d | running_endurance (0.33) | sells=False
[100/284] https://www.youtube.com/@HybridCalisthenics
      Hybrid Calisthenics | Low | 4,470,000 subs | med 76,000 views | 0 uploads/90d | lifestyle_vlog (0.25) | sells=False
[101/284] https://www.youtube.com/@Megsquats
      megsquats | Mid | 696,000 subs | med 68,000 views | 6 uploads/90d | fitness (0.58) | sells=False
[102/284] https://www.youtube.com/@mattdavella
      Matt D'Avella | Mid | 4,050,000 subs | med 560,000 views | 3 uploads/90d | fitness (0.4) | sells=False
[103/284] https://www.youtube.com/@kayla.nelson
      Kayla Nelson | Mid | 99,500 subs | med 2,500 views | 0 uploads/90d | lifestyle_vlog (0.71) | sells=False
[104/284] https://www.youtube.com/@GreatBigStory
      Great Big Story | Mid | 6,290,000 subs | med 15,000 views | 5 uploads/90d | food (0.83) | sells=False
[105/284] https://www.youtube.com/@MichelleKhare
      Michelle Khare | Mid | 5,490,000 subs | med 4,300,000 views | 1 uploads/90d | travel (1.0) | sells=False
[106/284] https://www.youtube.com/@BeauMiles
      Beau Miles | Mid | 876,000 subs | med 412,000 views | 4 uploads/90d | travel (0.33) | sells=True
[107/284] https://www.youtube.com/@WillNE
      WillNE | Low | 5,350,000 subs | med 3,800,000 views | 2 uploads/90d | travel (0.6) | sells=False
[108/284] https://www.youtube.com/@gtn
      Global Triathlon Network | Mid | 1,100,000 subs | med 45,000 views | 30 uploads/90d | running_endurance (0.83) | sells=False
[109/284] https://www.youtube.com/@WatchMojo
      WatchMojo.com | Mid | 25,800,000 subs | med 0 views | 29 uploads/90d | no niche (0.0) | sells=False
[110/284] https://www.youtube.com/@find404
      find404 | Low | 335,000 subs | med 54,000 views | 0 uploads/90d | running_endurance (0.4) | sells=False
[111/284] https://www.youtube.com/@MoreJynxzi
      Jynxzi Live | Low | 2,130,000 subs | med 1,000,000 views | 30 uploads/90d | tech (0.5) | sells=False
[112/284] https://www.youtube.com/@iRunOnBeer
      iRunOnBeer | Low | 2,440 subs | med 392 views | 0 uploads/90d | running_endurance (0.46) | sells=True
[113/284] https://www.youtube.com/@isaiahphoto
      Isaiah Photo | Mid | 10,100,000 subs | med 971,000 views | 2 uploads/90d | travel (0.6) | sells=False
[114/284] https://www.youtube.com/@trainerwinny
      trainer winny | Mid | 936,000 subs | med 99,000 views | 8 uploads/90d | fitness (0.86) | sells=False
[115/284] https://www.youtube.com/@zachsalek
      zach salek | Low | 3,040 subs | med 147 views | 16 uploads/90d | lifestyle_vlog (0.6) | sells=False
[116/284] https://www.youtube.com/@JasonGrubb
      Jason Grubb | Mid | 36,400 subs | med 2,100 views | 21 uploads/90d | fitness (0.82) | sells=False
[117/284] https://www.youtube.com/@DoctorER
      Doctor ER | Mid | 2,910,000 subs | med 119,000 views | 30 uploads/90d | travel (0.5) | sells=False
[118/284] https://www.youtube.com/@scotthickenlooper
      Scott Hickenlooper | Low | 687 subs | med 280 views | 0 uploads/90d | lifestyle_vlog (0.67) | sells=False
[119/284] https://www.youtube.com/@wsj
      The Wall Street Journal | Mid | 6,710,000 subs | med 555,000 views | 30 uploads/90d | running_endurance (0.67) | sells=False
[120/284] https://www.youtube.com/@iamjohnnyjames
      Johnny James | Mid | 29,700 subs | med 1,300 views | 0 uploads/90d | food (1.0) | sells=False
[121/284] https://www.youtube.com/@SvenKoch
      Sven Koch | Mid | 26,300 subs | med 9,600 views | 0 uploads/90d | fitness (1.0) | sells=False
[122/284] https://www.youtube.com/@DorianDevelops
      Dorian Develops | Mid | 330,000 subs | med 9,500 views | 10 uploads/90d | tech (0.8) | sells=False
[123/284] https://www.youtube.com/@imvaleriewan
      Valerie | Low | 11,400 subs | med 2,900 views | 1 uploads/90d | food (0.5) | sells=False
[124/284] https://www.youtube.com/@doctorlegrand
      Dr. LeGrand | Mid | 178,000 subs | med 4,700 views | 13 uploads/90d | food (0.67) | sells=False
[125/284] https://www.youtube.com/@harrisheller
      Harris Heller | Low | 83,600 subs | med 32,500 views | 0 uploads/90d | food (0.5) | sells=True
[126/284] https://www.youtube.com/@DrAlexWibberley
      Doctor Alex | Low | 569,000 subs | med 122,000 views | 30 uploads/90d | food (0.57) | sells=False
[127/284] https://www.youtube.com/@FoodTheory
      The Food Theorists | Mid | 5,510,000 subs | med 332,000 views | 13 uploads/90d | food (0.73) | sells=False
[128/284] https://www.youtube.com/@AlaiasFittz
      Alaias Fittz | Low | 117,000 subs | med 3,900 views | 2 uploads/90d | fitness (0.38) | sells=False
[129/284] https://www.youtube.com/@BrowneyShorts
      Stan Browney | Mid | 4,810,000 subs | med 421,000 views | 4 uploads/90d | fitness (0.78) | sells=False
[130/284] https://www.youtube.com/@alinanaza
      Alina Naza | Mid | 54,600 subs | med 9,900 views | 1 uploads/90d | lifestyle_vlog (0.4) | sells=False
[131/284] https://www.youtube.com/@GuntherToo
      Gunther Too | Low | 15,100 subs | med 10,650 views | 0 uploads/90d | fitness (1.0) | sells=False
[132/284] https://www.youtube.com/@bigmuscles
      Big Muscles | Mid | 310,000 subs | med 58,000 views | 13 uploads/90d | fitness (1.0) | sells=False
[133/284] https://www.youtube.com/@athleanx
      ATHLEAN-X™ | Mid | 14,300,000 subs | med 610,000 views | 15 uploads/90d | fitness (0.75) | sells=False
[134/284] https://www.youtube.com/@JackClancy296
      Jack Clancy | Low | 2,940 subs | med 844 views | 0 uploads/90d | fitness (0.38) | sells=False
[135/284] https://www.youtube.com/@OFFICIALTHENXSTUDIOS
      THENX | Mid | 7,830,000 subs | med 101,000 views | 2 uploads/90d | fitness (0.86) | sells=False
[136/284] https://www.youtube.com/@BodyHub
      Body Hub | Mid | 1,520,000 subs | med 13,000 views | 12 uploads/90d | fitness (0.83) | sells=False
[137/284] https://www.youtube.com/@igorvoitenko4real
      NEXT Workout | Low | 2,890,000 subs | med 95,000 views | 1 uploads/90d | fitness (0.57) | sells=False
[138/284] https://www.youtube.com/@JasonLiLifts
      Jason Li | Mid | 16,100 subs | med 2,900 views | 1 uploads/90d | nutrition (0.33) | sells=True
[139/284] https://www.youtube.com/@colehershner
      Cole Hershner | Low | 9,160 subs | med 330 views | 1 uploads/90d | food (0.67) | sells=False
[140/284] https://www.youtube.com/@real_mattnguyen
      Matt Nguyen | Mid | 66,100 subs | med 5,200 views | 23 uploads/90d | nutrition (0.5) | sells=True
[141/284] https://www.youtube.com/@KeltieOConnor
      Keltie O'Connor | Mid | 774,000 subs | med 84,000 views | 14 uploads/90d | running_endurance (0.4) | sells=False
[142/284] https://www.youtube.com/@TomPetoTraining
      Tom Peto Training | Mid | 274,000 subs | med 3,700 views | 17 uploads/90d | fitness (0.75) | sells=False
[143/284] https://www.youtube.com/@bioforceman
      Bioforceman | High | 190,000 subs | med 86,000 views | 12 uploads/90d | fitness (1.0) | sells=True
[144/284] https://www.youtube.com/@sculptress_yt
      Sculptress | Mid | 77,100 subs | med 28,000 views | 6 uploads/90d | fitness (0.6) | sells=False
[145/284] https://www.youtube.com/@rileyrehl
      Riley Rehl | Mid | 434,000 subs | med 103,000 views | 10 uploads/90d | running_endurance (0.3) | sells=False
[146/284] https://www.youtube.com/@Celinelikedion
      Celine ♡ | Mid | 61,100 subs | med 15,000 views | 10 uploads/90d | travel (0.47) | sells=False
[147/284] https://www.youtube.com/@JosiahFitness
      Josiah Novak | Mid | 38,900 subs | med 3,800 views | 30 uploads/90d | lifestyle_vlog (0.5) | sells=False
[148/284] https://www.youtube.com/@sportybeth
      Sporty Beth | Mid | 60,500 subs | med 4,500 views | 0 uploads/90d | fitness (0.93) | sells=False
[149/284] https://www.youtube.com/@chungn22
      Nicholas Chung | Mid | 601 subs | med 1,700 views | 3 uploads/90d | fitness (0.88) | sells=False
[150/284] https://www.youtube.com/@elijahorr
      Elijah Orr | Low | 44,100 subs | med 7,600 views | 0 uploads/90d | fitness (0.79) | sells=False
[151/284] https://www.youtube.com/@ShervinShares
      Shervin Shares | Mid | 232,000 subs | med 21,000 views | 11 uploads/90d | running_endurance (0.7) | sells=False
[152/284] https://www.youtube.com/@lindasunyt
      Linda Sun | Mid | 1,600,000 subs | med 272,000 views | 6 uploads/90d | food (0.3) | sells=False
[153/284] https://www.youtube.com/@TriathlonTaren
      Taren's MōTTIV Method | Mid | 192,000 subs | med 20,000 views | 0 uploads/90d | running_endurance (0.67) | sells=False
[154/284] https://www.youtube.com/@buzzfeedmultiplayer
      BuzzFeed Multiplayer | Mid | 9,330,000 subs | med 37,000 views | 0 uploads/90d | food (1.0) | sells=True
[155/284] https://www.youtube.com/@GriffRuns
      Griff Duncan | Mid | 2,900 subs | med 1,600 views | 10 uploads/90d | running_endurance (0.67) | sells=False
[156/284] https://www.youtube.com/@IAmMattg
      ItsMattG | Low | 8,580 subs | med 1,000 views | 2 uploads/90d | tech (0.44) | sells=False
[157/284] https://www.youtube.com/@lani_mick
      Lani & Mick | Low | 2,140 subs | med 313 views | 7 uploads/90d | lifestyle_vlog (0.54) | sells=False
[158/284] https://www.youtube.com/@SierraSchultzzie
      Sierra Schultzzie | Low | 1,110,000 subs | med 133,000 views | 0 uploads/90d | tech (0.4) | sells=False
[159/284] https://www.youtube.com/@michaeladickson
      Michaela Dickson | Low | 33,300 subs | med 14,000 views | 4 uploads/90d | travel (0.33) | sells=False
[160/284] https://www.youtube.com/@KaraandNate
      Kara and Nate | Mid | 4,540,000 subs | med 1,400,000 views | 9 uploads/90d | travel (0.75) | sells=False
[161/284] https://www.youtube.com/@OutdoorBoys
      Outdoor Boys | Mid | 20,700,000 subs | med 19,000,000 views | 0 uploads/90d | outdoors (0.85) | sells=False
[162/284] https://www.youtube.com/@FieldDays
      Field Days | Mid | 2,000,000 subs | med 396,000 views | 6 uploads/90d | food (0.67) | sells=True
[163/284] https://www.youtube.com/@SurvivalDispatch
      Survival Dispatch | Mid | 448,000 subs | med 6,400 views | 20 uploads/90d | food (0.67) | sells=False
[164/284] https://www.youtube.com/@NotEnoughNelsons
      Not Enough Nelsons | Mid | 5,600,000 subs | med 1,000,000 views | 13 uploads/90d | lifestyle_vlog (0.83) | sells=False
[165/284] https://www.youtube.com/@Agent00IRL
      Agent 00 IRL | Mid | 15,400 subs | med 423,000 views | 14 uploads/90d | food (0.67) | sells=False
[166/284] https://www.youtube.com/@DutchBushcraftKnives
      Dutch Bushcraft Knives | Mid | 343,000 subs | med 48,000 views | 13 uploads/90d | food (0.5) | sells=True
[167/284] https://www.youtube.com/@RAWWFishing
      RAWWFishing | Mid | 8,320,000 subs | med 1,900,000 views | 3 uploads/90d | food (0.67) | sells=True
[168/284] https://www.youtube.com/@FLAIR.
      FLAIR | Mid | 2,920,000 subs | med 283,000 views | 24 uploads/90d | outdoors (0.5) | sells=False
[169/284] https://www.youtube.com/@ZachKlimes
      Zach Klimes | Mid | 8,300 subs | med 4,400 views | 1 uploads/90d | outdoors (0.83) | sells=False
[170/284] https://www.youtube.com/@TAOutdoors
      TA Outdoors | Mid | 2,490,000 subs | med 158,000 views | 6 uploads/90d | outdoors (0.73) | sells=True
[171/284] https://www.youtube.com/@XanderBudnick
      Xander Budnick | Mid | 1,980,000 subs | med 1,500,000 views | 3 uploads/90d | outdoors (0.62) | sells=False
[172/284] https://www.youtube.com/@FowlersMakeryandMischief
      Fowler's Makery and Mischief | Mid | 1,820,000 subs | med 241,000 views | 7 uploads/90d | travel (0.64) | sells=True
[173/284] https://www.youtube.com/@AllThe_Gear
      All The Gear | Mid | 462,000 subs | med 433,000 views | 12 uploads/90d | travel (0.29) | sells=True
[174/284] https://www.youtube.com/@Katieroams
      Katie Roams | Mid | 273,000 subs | med 188,000 views | 25 uploads/90d | outdoors (0.6) | sells=False
[175/284] https://www.youtube.com/@GoodBlokeOutdoors
      Good Bloke Outdoors | Mid | 70,000 subs | med 40,000 views | 15 uploads/90d | outdoors (0.57) | sells=True
[176/284] https://www.youtube.com/@AJTProductionsUK
      AJT Productions | Low | 208 subs | med 152 views | 8 uploads/90d | outdoors (0.5) | sells=False
[177/284] https://www.youtube.com/@HazeOutdoors
      Haze Outdoors | High | 134,000 subs | med 34,000 views | 10 uploads/90d | outdoors (0.67) | sells=True
[178/284] https://www.youtube.com/@StephenJReid
      Stephen J Reid | Mid | 195,000 subs | med 50,000 views | 13 uploads/90d | travel (0.5) | sells=True
[179/284] https://www.youtube.com/@Walkingwildcampinguk
      Walking wild camping uk | Low | 1,790 subs | med 414 views | 0 uploads/90d | outdoors (1.0) | sells=False
[180/284] https://www.youtube.com/@OvensRockyMountainBushcraft
      Ovens Rocky Mountain Bushcraft | Mid | 1,110,000 subs | med 153,000 views | 5 uploads/90d | travel (0.5) | sells=True
[181/284] https://www.youtube.com/@clayhayeshunter
      Clay Hayes | Mid | 1,000,000 subs | med 373,000 views | 4 uploads/90d | outdoors (0.67) | sells=False
[182/284] https://www.youtube.com/@WayPointSurvival
      WayPoint Survival | High | 463,000 subs | med 38,000 views | 14 uploads/90d | food (0.71) | sells=True
[183/284] https://www.youtube.com/@BushcraftHakankarahan
      Hakan Karahan Doğada | High | 907,000 subs | med 232,000 views | 13 uploads/90d | outdoors (0.87) | sells=True
[184/284] https://www.youtube.com/@TheWoodedBeardsman
      The Wooded Beardsman | Mid | 1,640,000 subs | med 19,000 views | 2 uploads/90d | food (0.33) | sells=False
[185/284] https://www.youtube.com/@dudeperfect
      Dude Perfect | Mid | 62,800,000 subs | med 9,400,000 views | 4 uploads/90d | food (1.0) | sells=True
[186/284] https://www.youtube.com/@thatyoutub3family
      That YouTub3 Family - The Adventurers | Mid | 3,570,000 subs | med 30,000 views | 0 uploads/90d | food (0.6) | sells=True
[187/284] https://www.youtube.com/@MattyFo.Outdoors
      Matty Fo Outdoors | Mid | 1,650 subs | med 994 views | 10 uploads/90d | outdoors (0.5) | sells=False
[188/284] https://www.youtube.com/@TheBearEssentials
      The Bear Essentials | Low | 1,510,000 subs | med 295,000 views | 1 uploads/90d | outdoors (0.57) | sells=False
[189/284] https://www.youtube.com/@davidmrule
      David Rule | Low | 833,000 subs | med 97,000 views | 0 uploads/90d | travel (0.82) | sells=False
[190/284] https://www.youtube.com/@Nick_Kratka
      Nick Kratka | Mid | 6,770,000 subs | med 4,200,000 views | 8 uploads/90d | food (1.0) | sells=False
[191/284] https://www.youtube.com/@Wadepapenfus
      Wade Papenfus - Offshore Tales | Mid | 1,330,000 subs | med 541,000 views | 5 uploads/90d | travel (0.64) | sells=True
[192/284] https://www.youtube.com/@Beardmeatsfood
      BeardMeatsFood | Mid | 6,870,000 subs | med 6,800,000 views | 13 uploads/90d | food (1.0) | sells=False
[193/284] https://www.youtube.com/@joelhansenraw
      Joel Hansen Raw | High | 182,000 subs | med 59,000 views | 13 uploads/90d | food (0.91) | sells=True
[194/284] https://www.youtube.com/@scotteats
      Scott Eats | High | 119,000 subs | med 64,000 views | 13 uploads/90d | food (0.88) | sells=True
[195/284] https://www.youtube.com/@KatinaEatsKilos
      Katina Eats Kilos | Mid | 1,180,000 subs | med 570,000 views | 7 uploads/90d | food (0.88) | sells=False
[196/284] https://www.youtube.com/@TravelChannel
      Travel Channel | Mid | 903,000 subs | med 11,000 views | 30 uploads/90d | travel (1.0) | sells=False
[197/284] https://www.youtube.com/@ErikTheElectric
      ErikTheElectric | Low | 5,410,000 subs | med 7,900,000 views | 1 uploads/90d | nutrition (0.44) | sells=True
[198/284] https://www.youtube.com/@JoelHansen
      Joel Hansen | High | 1,170,000 subs | med 102,000 views | 20 uploads/90d | food (0.78) | sells=True
[199/284] https://www.youtube.com/@RandySantel
      Randy Santel | High | 1,850,000 subs | med 210,000 views | 17 uploads/90d | food (0.71) | sells=True
[200/284] https://www.youtube.com/@SunnyV2
      SunnyV2 | Low | 4,410,000 subs | med 4,600,000 views | 0 uploads/90d | tech (1.0) | sells=False
[201/284] https://www.youtube.com/@LeahShutkever
      Leah Shutkever | Mid | 671,000 subs | med 156,000 views | 11 uploads/90d | food (0.55) | sells=False
[202/284] https://www.youtube.com/@MaxvsFood
      Max vs Food | Mid | 127,000 subs | med 113,000 views | 22 uploads/90d | food (0.78) | sells=False
[203/284] https://www.youtube.com/@NickDiGiovanni
      Nick DiGiovanni | Mid | 47,100,000 subs | med 40,000,000 views | 4 uploads/90d | food (0.67) | sells=False
[204/284] https://www.youtube.com/@MoreBestEverFoodReviewShow
      More Best Ever Food Review Show | Mid | 3,910,000 subs | med 2,300,000 views | 12 uploads/90d | food (0.71) | sells=False
[205/284] https://www.youtube.com/@AndrewStevenandAdam
      Andrew, Steven, and Adam | Mid | 552,000 subs | med 1,500,000 views | 3 uploads/90d | food (0.8) | sells=False
[206/284] https://www.youtube.com/@BuzzFeedVideo
      BuzzFeedVideo | Mid | 19,600,000 subs | med 31,000 views | 4 uploads/90d | tech (0.67) | sells=False
[207/284] https://www.youtube.com/@EvaBravoPlay
      Eva Bravo Play | Mid | 26,400,000 subs | med 183,000 views | 26 uploads/90d | travel (1.0) | sells=False
[208/284] https://www.youtube.com/@guga
      Guga | High | 3,500,000 subs | med 1,000,000 views | 13 uploads/90d | food (0.67) | sells=True
[209/284] https://www.youtube.com/@BestEverFoodReviewShow
      Best Ever Food Review Show | Mid | 12,100,000 subs | med 1,800,000 views | 11 uploads/90d | nutrition (0.36) | sells=True
[210/284] https://www.youtube.com/@norrisnuts
      The Norris Nuts | Mid | 8,029,999 subs | med 632,000 views | 13 uploads/90d | lifestyle_vlog (0.25) | sells=True
[211/284] https://www.youtube.com/@nenfam
      NEN FAM | Mid | 3,650,000 subs | med 1,400,000 views | 14 uploads/90d | travel (1.0) | sells=False
[212/284] https://www.youtube.com/@brentrivera
      Brent Rivera | Mid | 44,200,000 subs | med 46,000,000 views | 3 uploads/90d | business (0.5) | sells=False
[213/284] https://www.youtube.com/@FVFAMILY
      FV FAMILY | Mid | 12,000,000 subs | med 2,200,000 views | 0 uploads/90d | travel (1.0) | sells=True
[214/284] https://www.youtube.com/@PrestonYT
      Preston | High | 32,400,000 subs | med 2,200,000 views | 12 uploads/90d | tech (0.75) | sells=True
[215/284] https://www.youtube.com/@foltynOfficial
      KFoltyn | Low | 3,510,000 subs | med 5,800,000 views | 7 uploads/90d | food (0.57) | sells=False
[216/284] https://www.youtube.com/@KarissaEats
      KarissaEats | Mid | 5,200,000 subs | med 415,000 views | 4 uploads/90d | food (0.75) | sells=False
[217/284] https://www.youtube.com/@DingDongGirls
      Ding Dong Girls | Mid | 1,580,000 subs | med 172,000 views | 30 uploads/90d | tech (0.69) | sells=False
[218/284] https://www.youtube.com/@ClassicTVChannel24
      Classic TV | Mid | 105,000 subs | med 42,000 views | 14 uploads/90d | food (0.75) | sells=False
[219/284] https://www.youtube.com/@BHUVIEATINGSHOW
      BHUVI EATING SHOW | Mid | 558,000 subs | med 18,000 views | 26 uploads/90d | food (0.71) | sells=False
[220/284] https://www.youtube.com/@PriyankaTiwari
      Priyanka Tiwari | Mid | 2,780,000 subs | med 198,000 views | 14 uploads/90d | food (1.0) | sells=False
[221/284] https://www.youtube.com/@HarryUppal
      Harry Uppal | Mid | 1,130,000 subs | med 125,000 views | 30 uploads/90d | food (0.93) | sells=False
[222/284] https://www.youtube.com/@sosaute
      So Saute | Mid | 5,300,000 subs | med 368,000 views | 12 uploads/90d | food (0.7) | sells=False
[223/284] https://www.youtube.com/@apple.cheeks
      Apple Cheeks | Mid | 230,000 subs | med 39,000 views | 4 uploads/90d | travel (0.42) | sells=True
[224/284] https://www.youtube.com/@CarrieOnCoaching
      Carrie On | Mid | 36,400 subs | med 1,500 views | 21 uploads/90d | travel (0.4) | sells=True
[225/284] https://www.youtube.com/@AtoZenLife
      A to Zen Life | Mid | 431,000 subs | med 110,000 views | 9 uploads/90d | finance (0.4) | sells=False
[226/284] https://www.youtube.com/@justlifewithleah
      Life with Leah | Mid | 12,100 subs | med 1,700 views | 16 uploads/90d | finance (0.78) | sells=False
[227/284] https://www.youtube.com/@TheRamseyShow
      The Ramsey Show Highlights | Mid | 4,600,000 subs | med 128,500 views | 30 uploads/90d | finance (1.0) | sells=False
[228/284] https://www.youtube.com/@FestivalStyled
      FestivalStyled | Low | 17,500 subs | med 7,100 views | 3 uploads/90d | lifestyle_vlog (0.33) | sells=False
[229/284] https://www.youtube.com/@lunchmoneyapp
      Lunch Money | Low | 2,280 subs | med 343 views | 0 uploads/90d | finance (1.0) | sells=False
[230/284] https://www.youtube.com/@Financeunlocked6
      Finance unlocked | Low | 4 subs | med 3 views | 25 uploads/90d | finance (1.0) | sells=False
[231/284] https://www.youtube.com/@americanhighshorts
      American High | Low | 4,440,000 subs | med 16,000 views | 12 uploads/90d | no niche (0.0) | sells=False
[232/284] https://www.youtube.com/@CharlesBroomfieldOfficial
      Charles Broomfield | Mid | 50,200 subs | med 33,000 views | 5 uploads/90d | finance (0.57) | sells=True
[233/284] https://www.youtube.com/@Denver7
      Denver7 | Mid | 624,000 subs | med 0 views | 8 uploads/90d | no niche (0.0) | sells=False
[234/284] https://www.youtube.com/@saraconklinfrozenpennies
      Frozen Pennies | Mid | 160,000 subs | med 19,000 views | 21 uploads/90d | finance (1.0) | sells=False
[235/284] https://www.youtube.com/@jamesboone14
      jamesboone14 | Low | 1,700 subs | med 37 views | 0 uploads/90d | travel (0.67) | sells=False
[236/284] https://www.youtube.com/@illymation
      illymation | Mid | 2,800,000 subs | med 4,000,000 views | 0 uploads/90d | food (0.67) | sells=True
[237/284] https://www.youtube.com/@LondonCollects
      London Collects | Mid | 743 subs | med 476 views | 7 uploads/90d | food (0.67) | sells=False
[238/284] https://www.youtube.com/@VALUETAINMENT
      PBD Podcast | Low | 2,970,000 subs | med 426,000 views | 13 uploads/90d | business (0.5) | sells=False
[239/284] https://www.youtube.com/@thebudgetmom
      The Budget Mom | Mid | 279,000 subs | med 6,800 views | 3 uploads/90d | finance (1.0) | sells=False
[240/284] https://www.youtube.com/@GabeBult
      Gabe Bult | Mid | 867,000 subs | med 98,000 views | 14 uploads/90d | finance (0.83) | sells=False
[241/284] https://www.youtube.com/@FrugalFitMom
      Frugal Fit Mom | Mid | 693,000 subs | med 96,000 views | 14 uploads/90d | finance (0.67) | sells=False
[242/284] https://www.youtube.com/@PinayInvestor
      Pinay Investor | Mid | 65,800 subs | med 1,000 views | 0 uploads/90d | finance (0.91) | sells=False
[243/284] https://www.youtube.com/@debt2none
      Debt2None™️ | Low | 16,000 subs | med 3,600 views | 0 uploads/90d | finance (1.0) | sells=False
[244/284] https://www.youtube.com/@HomesteadTessie
      Homestead Tessie | Mid | 133,000 subs | med 10,000 views | 30 uploads/90d | finance (1.0) | sells=False
[245/284] https://www.youtube.com/@scottkress_
      Scott Kress | Low | 1,720,000 subs | med 788,000 views | 10 uploads/90d | no niche (0.0) | sells=False
[246/284] https://www.youtube.com/@Jezabzllz
      JeZAbelle | High | 347,000 subs | med 153,000 views | 11 uploads/90d | lifestyle_vlog (1.0) | sells=True
[247/284] https://www.youtube.com/@pierson
      pierson | Low | 7,320,000 subs | med 2,000,000 views | 9 uploads/90d | travel (0.5) | sells=False
[248/284] https://www.youtube.com/@emmachamberlain
      emma chamberlain | Low | 12,000,000 subs | med 4,600,000 views | 0 uploads/90d | no niche (0.0) | sells=False
[249/284] https://www.youtube.com/@CarterKench
      Carter Kench | Low | 6,690,000 subs | med 892,000 views | 14 uploads/90d | lifestyle_vlog (0.5) | sells=False
[250/284] https://www.youtube.com/@HudsonMatter
      Hudson Matter | Low | 2,220,000 subs | med 605,000 views | 0 uploads/90d | business (0.5) | sells=False
[251/284] https://www.youtube.com/@AlishaMarie
      AlishaMarie | Mid | 7,980,000 subs | med 210,000 views | 1 uploads/90d | travel (0.4) | sells=True
[252/284] https://www.youtube.com/@RhiandPete
      Rhi and Pete | Low | 230 subs | med 234 views | 0 uploads/90d | travel (1.0) | sells=False
[253/284] https://www.youtube.com/@HealthWealthRelationships
      ProsperityPaths | Low | 79 subs | med 0 views | 0 uploads/90d | no niche (0.0) | sells=False
[254/284] https://www.youtube.com/@amandamaryanna
      amandamaryanna | Mid | 345,000 subs | med 76,000 views | 2 uploads/90d | tech (1.0) | sells=True
[255/284] https://www.youtube.com/@TheDoctors
      The Doctors | Low | 1,960,000 subs | med 3,100 views | 0 uploads/90d | fitness (0.5) | sells=False
[256/284] https://www.youtube.com/@esimps
      Easton Simpson | Low | 72,800 subs | med 2,600 views | 2 uploads/90d | travel (0.5) | sells=False
[257/284] https://www.youtube.com/@LifehackMethod
      Lifehack Method | Mid | 30,800 subs | med 31 views | 12 uploads/90d | business (0.43) | sells=False
[258/284] https://www.youtube.com/@HealthyGamerGG
      HealthyGamerGG | Mid | 3,500,000 subs | med 534,000 views | 26 uploads/90d | no niche (0.0) | sells=True
[259/284] https://www.youtube.com/@TheHouseofWellness
      The House of Wellness | Mid | 26,100 subs | med 75 views | 24 uploads/90d | tech (0.5) | sells=False
[260/284] https://www.youtube.com/@SpeeedCo
      Speeed | Mid | 2,600,000 subs | med 1,900,000 views | 8 uploads/90d | outdoors (1.0) | sells=True
[261/284] https://www.youtube.com/@CalvinEatsClean
      Calvin Landis | Mid | 92,600 subs | med 247,000 views | 6 uploads/90d | food (0.6) | sells=False
[262/284] https://www.youtube.com/@nicolasberndt
      Nicolas Berndt | Low | 531,000 subs | med 438,000 views | 1 uploads/90d | fitness (0.6) | sells=False
[263/284] https://www.youtube.com/@Ryguyv2
      Ryguy v2 | Mid | 166,000 subs | med 528,000 views | 7 uploads/90d | no niche (0.0) | sells=False
[264/284] https://www.youtube.com/@ryguyrocky
      Ryguyrocky | Mid | 3,920,000 subs | med 1,200,000 views | 6 uploads/90d | travel (1.0) | sells=False
[265/284] https://www.youtube.com/@Vortrox
      Vortrox | Mid | 1,440,000 subs | med 2,300,000 views | 7 uploads/90d | food (0.8) | sells=False
[266/284] https://www.youtube.com/@VulturesMCYT
      Vultures | Mid | 53,100 subs | med 74,000 views | 4 uploads/90d | travel (1.0) | sells=False
[267/284] https://www.youtube.com/@DrPlants
      Dr. Plants | Low | 5,890,000 subs | med 76,500,000 views | 0 uploads/90d | no niche (0.0) | sells=False
[268/284] https://www.youtube.com/@WelcominTV
      WelcominTV | Mid | 1,080,000 subs | med 1,400,000 views | 3 uploads/90d | travel (1.0) | sells=True
[269/284] https://www.youtube.com/@lb_official.l
      LB. | Low | 3,950 subs | med 0 views | 2 uploads/90d | no niche (0.0) | sells=False
[270/284] https://www.youtube.com/@FoZoOfficial
      Fozo | Low | 1,400,000 subs | med 290,000 views | 5 uploads/90d | no niche (0.0) | sells=False
[271/284] https://www.youtube.com/@kurtisconner
      Kurtis Conner | Mid | 5,690,000 subs | med 8,199,999 views | 3 uploads/90d | food (0.5) | sells=True
[272/284] https://www.youtube.com/@TedNivison
      Ted Nivison | Low | 2,400,000 subs | med 2,800,000 views | 1 uploads/90d | food (0.4) | sells=False
[273/284] https://www.youtube.com/@adelalala
       | Mid | 0 subs | med 164,000 views | 6 uploads/90d | lifestyle_vlog (0.78) | sells=False
[274/284] https://www.youtube.com/@GarrettWatts
      Garrett Watts | Low | 3,210,000 subs | med 3,700,000 views | 1 uploads/90d | travel (0.5) | sells=False
[275/284] https://www.youtube.com/@cosmopolitan
      Cosmopolitan | Mid | 2,000,000 subs | med 35,000 views | 27 uploads/90d | travel (1.0) | sells=False
[276/284] https://www.youtube.com/@BRIGHTSIDEOFFICIAL
      BRIGHT SIDE | Low | 44,500,000 subs | med 0 views | 30 uploads/90d | no niche (0.0) | sells=False
[277/284] https://www.youtube.com/@JoeySalads
      Joey Salads | Mid | 10,400,000 subs | med 106,000 views | 4 uploads/90d | tech (1.0) | sells=False
[278/284] https://www.youtube.com/@MattTV7
      MattTV | Mid | 626,000 subs | med 2,400 views | 30 uploads/90d | tech (1.0) | sells=False
[279/284] https://www.youtube.com/@thevaluecatcher
      Value Catcher | Mid | 14,700 subs | med 780 views | 2 uploads/90d | food (1.0) | sells=False
[280/284] https://www.youtube.com/@WhatWouldYouDo
      What Would You Do? | Low | 6,240,000 subs | med 515,000 views | 0 uploads/90d | fitness (0.4) | sells=False
[281/284] https://www.youtube.com/@pescatariancashewnuts8761
      Wolf's Call | Low | 8,910 subs | med 2,400 views | 0 uploads/90d | no niche (0.0) | sells=False
[282/284] https://www.youtube.com/@brada011
      brada011 | Low | 759 subs | med 907,000 views | 0 uploads/90d | no niche (0.0) | sells=False
[283/284] https://www.youtube.com/@TreeMan
      TreeMan | Low | 3,170,000 subs | med 122,000 views | 0 uploads/90d | tech (1.0) | sells=False
[284/284] https://www.youtube.com/@Vsauce
      Vsauce | Low | 25,200,000 subs | med 4,400,000 views | 0 uploads/90d | no niche (0.0) | sells=False

284 leads -> challenge_leads.csv  {'High': 16, 'Mid': 170, 'Low': 98}
