Niche: 136 keywords from niche_broad.txt
   Instagram state file not found: instagram_storage_state.json - Instagram scraping disabled
Started chromium (headless)
Search filter: sp=CAI=

   Searching: bjj technique breakdown
      https://www.youtube.com/results?search_query=bjj+technique+breakdown&sp=CAI%3D
      Found 8 channels

   Searching: jiu jitsu for beginners
      https://www.youtube.com/results?search_query=jiu+jitsu+for+beginners&sp=CAI%3D
      Found 8 channels

   Searching: bjj white belt tips
      https://www.youtube.com/results?search_query=bjj+white+belt+tips&sp=CAI%3D
      Found 8 channels

   Searching: how to escape side control
      https://www.youtube.com/results?search_query=how+to+escape+side+control&sp=CAI%3D
      Found 8 channels

   Searching: bjj guard retention tutorial
      https://www.youtube.com/results?search_query=bjj+guard+retention+tutorial&sp=CAI%3D
      Found 8 channels

   Searching: no gi jiu jitsu technique
      https://www.youtube.com/results?search_query=no+gi+jiu+jitsu+technique&sp=CAI%3D
      Found 8 channels

   Searching: bjj leg lock tutorial
      https://www.youtube.com/results?search_query=bjj+leg+lock+tutorial&sp=CAI%3D
      Found 8 channels

   Searching: jiu jitsu instructional
      https://www.youtube.com/results?search_query=jiu+jitsu+instructional&sp=CAI%3D
      Found 8 channels

   Searching: how to roll bjj
      https://www.youtube.com/results?search_query=how+to+roll+bjj&sp=CAI%3D
      Found 8 channels

   Searching: bjj blue belt tips
      https://www.youtube.com/results?search_query=bjj+blue+belt+tips&sp=CAI%3D
      Found 8 channels

   Searching: bjj black belt advice
      https://www.youtube.com/results?search_query=bjj+black+belt+advice&sp=CAI%3D
      Found 8 channels

   Searching: how to start bjj
      https://www.youtube.com/results?search_query=how+to+start+bjj&sp=CAI%3D
      Found 8 channels

   Searching: muay thai technique
      https://www.youtube.com/results?search_query=muay+thai+technique&sp=CAI%3D
      Found 8 channels

   Searching: muay thai for beginners
      https://www.youtube.com/results?search_query=muay+thai+for+beginners&sp=CAI%3D
      Found 8 channels

   Searching: muay thai clinch tutorial
      https://www.youtube.com/results?search_query=muay+thai+clinch+tutorial&sp=CAI%3D
      Found 8 channels

   Searching: muay thai pad work
      https://www.youtube.com/results?search_query=muay+thai+pad+work&sp=CAI%3D
      Found 8 channels

   Searching: kickboxing combinations
      https://www.youtube.com/results?search_query=kickboxing+combinations&sp=CAI%3D
      Found 8 channels

   Searching: muay thai training at home
      https://www.youtube.com/results?search_query=muay+thai+training+at+home&sp=CAI%3D
      Found 8 channels

   Searching: boxing footwork drills
      https://www.youtube.com/results?search_query=boxing+footwork+drills&sp=CAI%3D
      Found 8 channels

   Searching: boxing training at home
      https://www.youtube.com/results?search_query=boxing+training+at+home&sp=CAI%3D
      Found 8 channels

   Searching: shadow boxing drills
      https://www.youtube.com/results?search_query=shadow+boxing+drills&sp=CAI%3D
      Found 8 channels

   Searching: boxing defence tutorial
      https://www.youtube.com/results?search_query=boxing+defence+tutorial&sp=CAI%3D
      Found 8 channels

   Searching: heavy bag workout
      https://www.youtube.com/results?search_query=heavy+bag+workout&sp=CAI%3D
      Found 8 channels

   Searching: boxing sparring breakdown
      https://www.youtube.com/results?search_query=boxing+sparring+breakdown&sp=CAI%3D
      Found 8 channels

   Searching: mma training routine
      https://www.youtube.com/results?search_query=mma+training+routine&sp=CAI%3D
      Found 8 channels

   Searching: mma striking breakdown
      https://www.youtube.com/results?search_query=mma+striking+breakdown&sp=CAI%3D
      Found 8 channels

   Searching: wrestling takedown tutorial
      https://www.youtube.com/results?search_query=wrestling+takedown+tutorial&sp=CAI%3D
      Found 8 channels

   Searching: wrestling for mma
      https://www.youtube.com/results?search_query=wrestling+for+mma&sp=CAI%3D
      Found 8 channels

   Searching: mma gym vlog
      https://www.youtube.com/results?search_query=mma+gym+vlog&sp=CAI%3D
      Found 8 channels

   Searching: karate kata tutorial
      https://www.youtube.com/results?search_query=karate+kata+tutorial&sp=CAI%3D
      Found 8 channels

   Searching: judo throws tutorial
      https://www.youtube.com/results?search_query=judo+throws+tutorial&sp=CAI%3D
      Found 8 channels

   Searching: taekwondo kicks tutorial
      https://www.youtube.com/results?search_query=taekwondo+kicks+tutorial&sp=CAI%3D
      Found 8 channels

   Searching: wing chun techniques
      https://www.youtube.com/results?search_query=wing+chun+techniques&sp=CAI%3D
      Found 8 channels

   Searching: krav maga techniques
      https://www.youtube.com/results?search_query=krav+maga+techniques&sp=CAI%3D
      Found 8 channels

   Searching: self defence techniques
      https://www.youtube.com/results?search_query=self+defence+techniques&sp=CAI%3D
      Found 8 channels

   Searching: self defense for beginners
      https://www.youtube.com/results?search_query=self+defense+for+beginners&sp=CAI%3D
      Found 8 channels

   Searching: street self defence breakdown
      https://www.youtube.com/results?search_query=street+self+defence+breakdown&sp=CAI%3D
      Found 8 channels

   Searching: bjj competition vlog
      https://www.youtube.com/results?search_query=bjj+competition+vlog&sp=CAI%3D
      Found 8 channels

   Searching: fight camp vlog
      https://www.youtube.com/results?search_query=fight+camp+vlog&sp=CAI%3D
      Found 8 channels

   Searching: bjj lifestyle vlog
      https://www.youtube.com/results?search_query=bjj+lifestyle+vlog&sp=CAI%3D
      Found 8 channels

   Searching: martial arts journey
      https://www.youtube.com/results?search_query=martial+arts+journey&sp=CAI%3D
      Found 8 channels

   Searching: bjj gym tour
      https://www.youtube.com/results?search_query=bjj+gym+tour&sp=CAI%3D
      Found 8 channels

   Searching: my first bjj competition
      https://www.youtube.com/results?search_query=my+first+bjj+competition&sp=CAI%3D
      Found 0 channels

   Searching: strength training for fighters
      https://www.youtube.com/results?search_query=strength+training+for+fighters&sp=CAI%3D
      Found 8 channels

   Searching: fighter conditioning workout
      https://www.youtube.com/results?search_query=fighter+conditioning+workout&sp=CAI%3D
      Found 8 channels

   Searching: bjj flexibility routine
      https://www.youtube.com/results?search_query=bjj+flexibility+routine&sp=CAI%3D
      Found 8 channels

   Searching: combat sports nutrition
      https://www.youtube.com/results?search_query=combat+sports+nutrition&sp=CAI%3D
      Found 8 channels

   Searching: grappling drills solo
      https://www.youtube.com/results?search_query=grappling+drills+solo&sp=CAI%3D
      Found 8 channels

   Searching: bjj gi review
      https://www.youtube.com/results?search_query=bjj+gi+review&sp=CAI%3D
      Found 8 channels

   Searching: boxing gloves review
      https://www.youtube.com/results?search_query=boxing+gloves+review&sp=CAI%3D
      Found 8 channels

   Searching: mma gear review
      https://www.youtube.com/results?search_query=mma+gear+review&sp=CAI%3D
      Found 8 channels

Discovered 261 unique channels across 51 terms
Limited to first 261 channels
Saved discovered channel list to discovered_martial.txt
--discover-only: stopping after 261 channels
