Loaded 106 channels from results/creators_around_100k.csv
[1/106] https://www.youtube.com/@TheLoversPassport
      4 recent videos
[2/106] https://www.youtube.com/@michaelaamari
      4 recent videos
[3/106] https://www.youtube.com/@maggymaa
      4 recent videos
      CREDIT: do you use
      CREDIT: do you use
      CREDIT: do you use
      CREDIT: do you use
[4/106] https://www.youtube.com/@camdendavid
      4 recent videos
[5/106] https://www.youtube.com/@ritzytravelguide
      4 recent videos
[6/106] https://www.youtube.com/@TravelSpreeOfficial
      4 recent videos
[7/106] https://www.youtube.com/@myprocoach123
      4 recent videos
      CREDIT: to the Professional
      CREDIT: to the Professional
      CREDIT: to the Professional
[8/106] https://www.youtube.com/@just_elias
      4 recent videos
[9/106] https://www.youtube.com/@Livingthelifeyoulove
      4 recent videos
[10/106] https://www.youtube.com/@thebangkokguide
      4 recent videos
[11/106] https://www.youtube.com/@NasmOrgPersonalTrainer
      4 recent videos
[12/106] https://www.youtube.com/@Explorcation
      4 recent videos
[13/106] https://www.youtube.com/@SortaHealthyTrainerEducation
      4 recent videos
[14/106] https://www.youtube.com/c/CheapHolidayExpert
      4 recent videos
[15/106] https://www.youtube.com/@styledbymckenz
      4 recent videos
[16/106] https://www.youtube.com/@ivandeguzman
      4 recent videos
[17/106] https://www.youtube.com/@mrsrebeccahobson
      4 recent videos
[18/106] https://www.youtube.com/@UHMovies
      4 recent videos
[19/106] https://www.youtube.com/@TheFrugalBrit
      4 recent videos
[20/106] https://www.youtube.com/@RealWorldTravelGuide
      4 recent videos
[21/106] https://www.youtube.com/@sydgrows
      4 recent videos
[22/106] https://www.youtube.com/@destinationwellknown
      4 recent videos
[23/106] https://www.youtube.com/@AshandKels
      4 recent videos
[24/106] https://www.youtube.com/@KevTheTrainer
      4 recent videos
[25/106] https://www.youtube.com/@Deanalex7
      4 recent videos
[26/106] https://www.youtube.com/@AWalkontheWildSideBlackpool
      4 recent videos
[27/106] https://www.youtube.com/@GoTimeTravels
      4 recent videos
[28/106] https://www.youtube.com/@ThisIsOurRetirement
      4 recent videos
[29/106] https://www.youtube.com/@MitchBoyer
      4 recent videos
[30/106] https://www.youtube.com/@sikastrength
      4 recent videos
[31/106] https://www.youtube.com/@emisspellbook
      4 recent videos
[32/106] https://www.youtube.com/@BupaHealth
      4 recent videos
[33/106] https://www.youtube.com/channel/UCm-MbeXbYivVMGFrT8E2oNQ
      4 recent videos
[34/106] https://www.youtube.com/@ridhi.culous
      4 recent videos
[35/106] https://www.youtube.com/@TheKrystalPalace
      4 recent videos
[36/106] https://www.youtube.com/@WoutoftheWorld
      4 recent videos
[37/106] https://www.youtube.com/@Arielyavuncu
      4 recent videos
[38/106] https://www.youtube.com/@MiaStephens
      4 recent videos
[39/106] https://www.youtube.com/@LauralieChapadosIFBBPro
      4 recent videos
[40/106] https://www.youtube.com/@ChewsToExplore
      4 recent videos
[41/106] https://www.youtube.com/@micawoodruns
      4 recent videos
[42/106] https://www.youtube.com/@WereintheRockies
      4 recent videos
[43/106] https://www.youtube.com/@cobrascalez
      4 recent videos
[44/106] https://www.youtube.com/@WayneAlgenio
      4 recent videos
[45/106] https://www.youtube.com/@wanderlustceo
      4 recent videos
[46/106] https://www.youtube.com/@jbauth
      4 recent videos
[47/106] https://www.youtube.com/@Coolist
      4 recent videos
[48/106] https://www.youtube.com/@emthenutritionist
      4 recent videos
[49/106] https://www.youtube.com/@andirenay
      4 recent videos
[50/106] https://www.youtube.com/@GriffandAlyssa
      4 recent videos
[51/106] https://www.youtube.com/@MichelleRoots
      4 recent videos
[52/106] https://www.youtube.com/@hollyjobrooks
      4 recent videos
[53/106] https://www.youtube.com/@Roots-In-The-Wild
      4 recent videos
[54/106] https://www.youtube.com/@JustinMedeiros34
      4 recent videos
[55/106] https://www.youtube.com/@UltimateBucketList
      4 recent videos
[56/106] https://www.youtube.com/@TheSanbrookeAdventures
      4 recent videos
[57/106] https://www.youtube.com/@SophieNadeau
      4 recent videos
[58/106] https://www.youtube.com/@Passport_Pages
      4 recent videos
[59/106] https://www.youtube.com/@bpnsupps
      4 recent videos
[60/106] https://www.youtube.com/@MoreMozi
      4 recent videos
[61/106] https://www.youtube.com/@ManaVlogs_yt
      4 recent videos
[62/106] https://www.youtube.com/@LucyCharlesBarclay
      4 recent videos
[63/106] https://www.youtube.com/@Celinelikedion
      4 recent videos
[64/106] https://www.youtube.com/@thecartwrights
      4 recent videos
[65/106] https://www.youtube.com/@lisa_mthembu
      4 recent videos
[66/106] https://www.youtube.com/@crystalpark
      4 recent videos
[67/106] https://www.youtube.com/@EatSeeTV
      4 recent videos
[68/106] https://www.youtube.com/@MindPumpClips
      4 recent videos
[69/106] https://www.youtube.com/@EmilyEnchanted
      4 recent videos
[70/106] https://www.youtube.com/@AdventuresofMattandNat
      4 recent videos
[71/106] https://www.youtube.com/@ThinkingwithaPump
      4 recent videos
[72/106] https://www.youtube.com/@anabolicbodybuilding
      4 recent videos
[73/106] https://www.youtube.com/@NICKYLYAN
      4 recent videos
[74/106] https://www.youtube.com/@RachelVinn
      4 recent videos
[75/106] https://www.youtube.com/@M10Fitness
      4 recent videos
[76/106] https://www.youtube.com/@ferguscrawley95
      4 recent videos
[77/106] https://www.youtube.com/@seerasan
      4 recent videos
[78/106] https://www.youtube.com/@lanaserenelife
      4 recent videos
[79/106] https://www.youtube.com/@beckymaelee
      4 recent videos
[80/106] https://www.youtube.com/@brogantatexo
      4 recent videos
[81/106] https://www.youtube.com/@takechu22
      4 recent videos
[82/106] https://www.youtube.com/@CatalystAthletics
      4 recent videos
[83/106] https://www.youtube.com/@adamhattan
      4 recent videos
[84/106] https://www.youtube.com/@brendaantonn
      4 recent videos
[85/106] https://www.youtube.com/@ryanwalkerT5
      4 recent videos
[86/106] https://www.youtube.com/@Ryguyv2
      4 recent videos
[87/106] https://www.youtube.com/@LifeWithUsTV
      4 recent videos
[88/106] https://www.youtube.com/@DanaBerez
      4 recent videos
[89/106] https://www.youtube.com/@valuejada
      4 recent videos
[90/106] https://www.youtube.com/@ameliedesai
      4 recent videos
[91/106] https://www.youtube.com/@TheHawaiiVacationGuide
      4 recent videos
[92/106] https://www.youtube.com/@BigLozOfficial
      4 recent videos
[93/106] https://www.youtube.com/@MollyThompsonx_
      4 recent videos
[94/106] https://www.youtube.com/@markwiemels
      4 recent videos
[95/106] https://www.youtube.com/@LoveSundays
      4 recent videos
[96/106] https://www.youtube.com/@Eatsleepcruise1
      4 recent videos
[97/106] https://www.youtube.com/@LaurenNicholsen
      4 recent videos
[98/106] https://www.youtube.com/@jtm_fit
      4 recent videos
[99/106] https://www.youtube.com/@NikkiGetsFit
      4 recent videos
[100/106] https://www.youtube.com/@FamilyFreedom
      4 recent videos
[101/106] https://www.youtube.com/@ExoticVacation
      4 recent videos
[102/106] https://www.youtube.com/@BeingNeiicey
      4 recent videos
[103/106] https://www.youtube.com/@TheHutchinsons
      4 recent videos
[104/106] https://www.youtube.com/@TheTKTwins.
      4 recent videos
[105/106] https://www.youtube.com/@HappytoWander
      4 recent videos
[106/106] https://www.youtube.com/@tfft
      4 recent videos

7 credits across 106 channels -> editors.csv
