Loaded 106 channels from results/creators_around_100k.csv
[1/106] https://www.youtube.com/@TheLoversPassport
      The Lovers Passport | Mid | 105,000 subs | med 0 views | 12 uploads/90d | travel (0.5) | sells=False
[2/106] https://www.youtube.com/@michaelaamari
      michaela amari | Mid | 102,000 subs | med 0 views | 9 uploads/90d | no niche (0.0) | sells=False
[3/106] https://www.youtube.com/@maggymaa
      maggy | Low | 102,000 subs | med 0 views | 2 uploads/90d | business (0.5) | sells=False
[4/106] https://www.youtube.com/@camdendavid
      Camden David | Mid | 107,000 subs | med 0 views | 6 uploads/90d | travel (0.5) | sells=False
[5/106] https://www.youtube.com/@ritzytravelguide
      Ritzy Travel Guide | Mid | 106,000 subs | med 0 views | 5 uploads/90d | travel (0.5) | sells=False
[6/106] https://www.youtube.com/@TravelSpreeOfficial
      Travel Spree | Mid | 105,000 subs | med 0 views | 13 uploads/90d | travel (0.5) | sells=True
[7/106] https://www.youtube.com/@myprocoach123
      Phil Mosley - MyProCoach Triathlon Training | Mid | 109,000 subs | med 0 views | 7 uploads/90d | fitness (0.5) | sells=False
[8/106] https://www.youtube.com/@just_elias
      Just Elias | Low | 95,700 subs | med 0 views | 2 uploads/90d | business (0.5) | sells=False
[9/106] https://www.youtube.com/@Livingthelifeyoulove
      Living the life you love | Mid | 94,000 subs | med 0 views | 12 uploads/90d | lifestyle_vlog (0.5) | sells=False
[10/106] https://www.youtube.com/@thebangkokguide
      Cal | Mid | 113,000 subs | med 0 views | 29 uploads/90d | travel (0.5) | sells=False
[11/106] https://www.youtube.com/@NasmOrgPersonalTrainer
      National Academy of Sports Medicine (NASM) | Mid | 107,000 subs | med 308 views | 23 uploads/90d | fitness (0.5) | sells=False
[12/106] https://www.youtube.com/@Explorcation
      Explorcation | Mid | 94,300 subs | med 0 views | 10 uploads/90d | travel (0.5) | sells=True
[13/106] https://www.youtube.com/@SortaHealthyTrainerEducation
      Sorta Healthy Trainer Education | Mid | 108,000 subs | med 0 views | 8 uploads/90d | fitness (0.5) | sells=False
[14/106] https://www.youtube.com/c/CheapHolidayExpert
      Holiday Expert | Mid | 111,000 subs | med 0 views | 3 uploads/90d | travel (0.5) | sells=False
[15/106] https://www.youtube.com/@styledbymckenz
      McKenzie Morgan | Mid | 91,500 subs | med 0 views | 17 uploads/90d | travel (0.5) | sells=True
[16/106] https://www.youtube.com/@ivandeguzman
      Ivan de Guzman | Mid | 113,000 subs | med 0 views | 30 uploads/90d | travel (0.5) | sells=False
[17/106] https://www.youtube.com/@mrsrebeccahobson
      Rebecca Hobson | Low | 111,000 subs | med 0 views | 2 uploads/90d | food (0.5) | sells=False
[18/106] https://www.youtube.com/@UHMovies
      UHM - Upcoming Horror Movies | Low | 112,000 subs | med 0 views | 0 uploads/90d | no niche (0.0) | sells=False
[19/106] https://www.youtube.com/@TheFrugalBrit
      The Frugal Brit - Orlando | Mid | 115,000 subs | med 0 views | 4 uploads/90d | travel (0.5) | sells=False
[20/106] https://www.youtube.com/@RealWorldTravelGuide
      World Travel Guide | Low | 115,000 subs | med 0 views | 5 uploads/90d | travel (0.5) | sells=False
[21/106] https://www.youtube.com/@sydgrows
      sydgrows | Mid | 85,900 subs | med 0 views | 3 uploads/90d | fitness (0.5) | sells=False
[22/106] https://www.youtube.com/@destinationwellknown
      Destination Well Known | Low | 87,900 subs | med 0 views | 6 uploads/90d | travel (0.5) | sells=False
[23/106] https://www.youtube.com/@AshandKels
      Ash and Kels | Low | 90,300 subs | med 0 views | 19 uploads/90d | travel (0.5) | sells=False
[24/106] https://www.youtube.com/@KevTheTrainer
      KevTheTrainer | Mid | 86,300 subs | med 562 views | 11 uploads/90d | fitness (0.5) | sells=False
[25/106] https://www.youtube.com/@Deanalex7
      Deanalex | Low | 88,700 subs | med 0 views | 9 uploads/90d | travel (0.5) | sells=False
[26/106] https://www.youtube.com/@AWalkontheWildSideBlackpool
      A Walk on the Wild Side | Mid | 85,400 subs | med 0 views | 29 uploads/90d | travel (0.5) | sells=True
[27/106] https://www.youtube.com/@GoTimeTravels
      GoTime Travels | Mid | 119,000 subs | med 0 views | 5 uploads/90d | travel (0.5) | sells=False
[28/106] https://www.youtube.com/@ThisIsOurRetirement
      This Is Our Retirement | Mid | 117,000 subs | med 0 views | 11 uploads/90d | travel (0.5) | sells=False
[29/106] https://www.youtube.com/@MitchBoyer
      Mitch Boyer | Low | 117,000 subs | med 0 views | 2 uploads/90d | no niche (0.0) | sells=False
[30/106] https://www.youtube.com/@sikastrength
      Sika Strength | Low | 83,100 subs | med 0 views | 15 uploads/90d | no niche (0.0) | sells=False
[31/106] https://www.youtube.com/@emisspellbook
      emi’s spellbook | Low | 123,000 subs | med 0 views | 6 uploads/90d | no niche (0.0) | sells=False
[32/106] https://www.youtube.com/@BupaHealth
      Bupa Health | Low | 118,000 subs | med 269 views | 1 uploads/90d | finance (0.5) | sells=False
[33/106] https://www.youtube.com/channel/UCm-MbeXbYivVMGFrT8E2oNQ
      Benidorm Enthusiast | Mid | 81,900 subs | med 0 views | 15 uploads/90d | travel (0.5) | sells=False
[34/106] https://www.youtube.com/@ridhi.culous
      Ridhi Sharma | Mid | 84,300 subs | med 0 views | 13 uploads/90d | tech (0.5) | sells=False
[35/106] https://www.youtube.com/@TheKrystalPalace
      The Krystal Palace | Mid | 82,400 subs | med 0 views | 22 uploads/90d | travel (0.5) | sells=True
[36/106] https://www.youtube.com/@WoutoftheWorld
      Wout of the World | Mid | 121,000 subs | med 0 views | 17 uploads/90d | travel (0.5) | sells=False
[37/106] https://www.youtube.com/@Arielyavuncu
      Ariel | Low | 78,800 subs | med 0 views | 5 uploads/90d | business (0.5) | sells=False
[38/106] https://www.youtube.com/@MiaStephens
      Mia Stephens | Mid | 124,000 subs | med 0 views | 9 uploads/90d | business (0.5) | sells=False
[39/106] https://www.youtube.com/@LauralieChapadosIFBBPro
      Lauralie Chapados | Mid | 123,000 subs | med 0 views | 19 uploads/90d | fitness (0.5) | sells=False
[40/106] https://www.youtube.com/@ChewsToExplore
      Chews to Explore | Mid | 127,000 subs | med 0 views | 13 uploads/90d | travel (0.5) | sells=False
[41/106] https://www.youtube.com/@micawoodruns
      Mica Rivera Wood | Low | 76,200 subs | med 0 views | 1 uploads/90d | running_endurance (0.5) | sells=False
[42/106] https://www.youtube.com/@WereintheRockies
      We're in the Rockies | Mid | 126,000 subs | med 0 views | 25 uploads/90d | travel (0.5) | sells=False
[43/106] https://www.youtube.com/@cobrascalez
      Cobra Scalez | Mid | 125,000 subs | med 0 views | 3 uploads/90d | fitness (0.5) | sells=True
[44/106] https://www.youtube.com/@WayneAlgenio
      Wayne Algenio | Mid | 75,400 subs | med 0 views | 25 uploads/90d | no niche (0.0) | sells=True
[45/106] https://www.youtube.com/@wanderlustceo
      Cyndi Williams | Mid | 74,400 subs | med 327 views | 11 uploads/90d | business (0.5) | sells=False
[46/106] https://www.youtube.com/@jbauth
      Jordan Bauth | Mid | 127,000 subs | med 0 views | 26 uploads/90d | travel (0.5) | sells=True
[47/106] https://www.youtube.com/@Coolist
      Coolist | Low | 132,000 subs | med 0 views | 3 uploads/90d | travel (0.5) | sells=False
[48/106] https://www.youtube.com/@emthenutritionist
      Emily English | Low | 72,700 subs | med 0 views | 6 uploads/90d | nutrition (0.5) | sells=False
[49/106] https://www.youtube.com/@andirenay
      Andi Renay | Mid | 131,000 subs | med 0 views | 6 uploads/90d | lifestyle_vlog (0.5) | sells=False
[50/106] https://www.youtube.com/@GriffandAlyssa
      Griff & Alyssa | Mid | 129,000 subs | med 0 views | 7 uploads/90d | travel (0.5) | sells=True
[51/106] https://www.youtube.com/@MichelleRoots
      Michelle Roots Fitness & Nutrition Coach | Mid | 129,000 subs | med 0 views | 8 uploads/90d | fitness (0.5) | sells=False
[52/106] https://www.youtube.com/@hollyjobrooks
      Holly Brooks | Low | 131,000 subs | med 0 views | 13 uploads/90d | fitness (0.5) | sells=False
[53/106] https://www.youtube.com/@Roots-In-The-Wild
      Roots in the Wild | Mid | 136,000 subs | med 0 views | 9 uploads/90d | travel (0.5) | sells=True
[54/106] https://www.youtube.com/@JustinMedeiros34
      Justin Medeiros | Low | 65,800 subs | med 0 views | 15 uploads/90d | no niche (0.0) | sells=False
[55/106] https://www.youtube.com/@UltimateBucketList
      Ultimate Bucket List | Low | 135,000 subs | med 0 views | 0 uploads/90d | travel (0.5) | sells=False
[56/106] https://www.youtube.com/@TheSanbrookeAdventures
      The Sanbrooke Adventures | Low | 137,000 subs | med 0 views | 20 uploads/90d | travel (0.5) | sells=False
[57/106] https://www.youtube.com/@SophieNadeau
      Sophie Nadeau | Mid | 143,000 subs | med 0 views | 11 uploads/90d | travel (0.5) | sells=True
[58/106] https://www.youtube.com/@Passport_Pages
      PP: Passport Pages | Low | 138,000 subs | med 0 views | 6 uploads/90d | travel (0.5) | sells=False
[59/106] https://www.youtube.com/@bpnsupps
      BPN | Low | 138,000 subs | med 0 views | 11 uploads/90d | nutrition (0.5) | sells=False
[60/106] https://www.youtube.com/@MoreMozi
      MoreMozi | Mid | 146,000 subs | med 0 views | 30 uploads/90d | no niche (0.0) | sells=True
[61/106] https://www.youtube.com/@ManaVlogs_yt
      Mana | Mid | 140,000 subs | med 0 views | 7 uploads/90d | travel (0.5) | sells=True
[62/106] https://www.youtube.com/@LucyCharlesBarclay
      Team Charles-Barclay | Mid | 139,000 subs | med 0 views | 5 uploads/90d | fitness (0.5) | sells=True
[63/106] https://www.youtube.com/@Celinelikedion
      Celine ♡ | Mid | 61,000 subs | med 0 views | 10 uploads/90d | no niche (0.0) | sells=False
[64/106] https://www.youtube.com/@thecartwrights
      The Cartwrights | Mid | 147,000 subs | med 0 views | 9 uploads/90d | business (0.5) | sells=False
[65/106] https://www.youtube.com/@lisa_mthembu
      Lisa Mthembu | Low | 59,200 subs | med 0 views | 4 uploads/90d | martial_arts (0.5) | sells=False
[66/106] https://www.youtube.com/@crystalpark
      Crystal Park | Mid | 60,900 subs | med 0 views | 5 uploads/90d | no niche (0.0) | sells=False
[67/106] https://www.youtube.com/@EatSeeTV
      Eat See TV | Low | 150,000 subs | med 0 views | 2 uploads/90d | travel (0.5) | sells=True
[68/106] https://www.youtube.com/@MindPumpClips
      Mind Pump Clips | Mid | 56,500 subs | med 318 views | 30 uploads/90d | fitness (0.5) | sells=False
[69/106] https://www.youtube.com/@EmilyEnchanted
      Emily Enchanted | Mid | 146,000 subs | med 0 views | 10 uploads/90d | travel (0.5) | sells=True
[70/106] https://www.youtube.com/@AdventuresofMattandNat
      Adventures of Matt and Nat | Mid | 146,000 subs | med 0 views | 5 uploads/90d | travel (0.5) | sells=True
[71/106] https://www.youtube.com/@ThinkingwithaPump
      Thinking with a Pump | Low | 146,000 subs | med 0 views | 6 uploads/90d | fitness (0.5) | sells=False
[72/106] https://www.youtube.com/@anabolicbodybuilding
      Anabolic Bodybuilding | Big Paul | Mid | 52,900 subs | med 0 views | 21 uploads/90d | fitness (0.5) | sells=True
[73/106] https://www.youtube.com/@NICKYLYAN
      Nicky Lyan | Mid | 53,600 subs | med 0 views | 9 uploads/90d | fitness (0.5) | sells=False
[74/106] https://www.youtube.com/@RachelVinn
      Rachel Vinn | Mid | 149,000 subs | med 0 views | 21 uploads/90d | business (0.5) | sells=False
[75/106] https://www.youtube.com/@M10Fitness
      Mark Coles | Mid | 50,600 subs | med 228 views | 16 uploads/90d | fitness (0.5) | sells=False
[76/106] https://www.youtube.com/@ferguscrawley95
      Fergus Crawley | Mid | 152,000 subs | med 0 views | 11 uploads/90d | fitness (0.5) | sells=False
[77/106] https://www.youtube.com/@seerasan
      seerasan | Mid | 156,000 subs | med 0 views | 10 uploads/90d | travel (0.5) | sells=True
[78/106] https://www.youtube.com/@lanaserenelife
      lana ♡ | Mid | 154,000 subs | med 0 views | 8 uploads/90d | business (0.5) | sells=False
[79/106] https://www.youtube.com/@beckymaelee
      Becky Mae | Mid | 155,000 subs | med 0 views | 7 uploads/90d | no niche (0.0) | sells=False
[80/106] https://www.youtube.com/@brogantatexo
      Brogan Tate | Mid | 155,000 subs | med 0 views | 16 uploads/90d | lifestyle_vlog (0.5) | sells=False
[81/106] https://www.youtube.com/@takechu22
      takechu | Mid | 159,000 subs | med 0 views | 26 uploads/90d | tech (0.5) | sells=False
[82/106] https://www.youtube.com/@CatalystAthletics
      Catalyst Athletics | Mid | 157,000 subs | med 0 views | 5 uploads/90d | fitness (0.5) | sells=False
[83/106] https://www.youtube.com/@adamhattan
      Adam Hattan | Mid | 159,000 subs | med 0 views | 8 uploads/90d | travel (0.5) | sells=True
[84/106] https://www.youtube.com/@brendaantonn
      Brenda Anton | Mid | 158,000 subs | med 0 views | 9 uploads/90d | fitness (0.5) | sells=False
[85/106] https://www.youtube.com/@ryanwalkerT5
      Ryan Walker | Low | 170,000 subs | med 0 views | 6 uploads/90d | travel (0.5) | sells=False
[86/106] https://www.youtube.com/@Ryguyv2
      Ryguy v2 | Mid | 164,000 subs | med 0 views | 7 uploads/90d | no niche (0.0) | sells=False
[87/106] https://www.youtube.com/@LifeWithUsTV
      LifeWithUsTV | Mid | 162,000 subs | med 0 views | 12 uploads/90d | travel (0.5) | sells=False
[88/106] https://www.youtube.com/@DanaBerez
      Dana Berez | Mid | 166,000 subs | med 0 views | 24 uploads/90d | travel (0.5) | sells=False
[89/106] https://www.youtube.com/@valuejada
      Jada Waters | Mid | 163,000 subs | med 0 views | 13 uploads/90d | no niche (0.0) | sells=False
[90/106] https://www.youtube.com/@ameliedesai
      Amelie Desai | Mid | 163,000 subs | med 0 views | 19 uploads/90d | travel (0.5) | sells=False
[91/106] https://www.youtube.com/@TheHawaiiVacationGuide
      The Hawaii Vacation Guide | Mid | 165,000 subs | med 0 views | 9 uploads/90d | travel (0.5) | sells=False
[92/106] https://www.youtube.com/@BigLozOfficial
      Big Loz Official | Mid | 168,000 subs | med 0 views | 30 uploads/90d | fitness (0.5) | sells=False
[93/106] https://www.youtube.com/@MollyThompsonx_
      Molly Thompson | Mid | 171,000 subs | med 0 views | 19 uploads/90d | travel (0.5) | sells=False
[94/106] https://www.youtube.com/@markwiemels
      Mark Wiemels | Mid | 171,000 subs | med 0 views | 7 uploads/90d | travel (0.5) | sells=False
[95/106] https://www.youtube.com/@LoveSundays
      Love Sundays | Mid | 169,000 subs | med 0 views | 13 uploads/90d | outdoors (0.5) | sells=True
[96/106] https://www.youtube.com/@Eatsleepcruise1
      Eat Sleep Cruise | Mid | 170,000 subs | med 0 views | 19 uploads/90d | travel (0.5) | sells=False
[97/106] https://www.youtube.com/@LaurenNicholsen
      Lauren Nicholsen | Mid | 175,000 subs | med 0 views | 22 uploads/90d | food (0.5) | sells=True
[98/106] https://www.youtube.com/@jtm_fit
      JTM_FIT | Low | 176,000 subs | med 0 views | 2 uploads/90d | no niche (0.0) | sells=False
[99/106] https://www.youtube.com/@NikkiGetsFit
      Nikki Gets Fit | Mid | 178,000 subs | med 0 views | 30 uploads/90d | food (0.5) | sells=True
[100/106] https://www.youtube.com/@FamilyFreedom
      Family Freedom | Mid | 181,000 subs | med 0 views | 29 uploads/90d | travel (0.5) | sells=False
[101/106] https://www.youtube.com/@ExoticVacation
      Exotic Vacation | Mid | 186,000 subs | med 0 views | 20 uploads/90d | travel (0.5) | sells=True
[102/106] https://www.youtube.com/@BeingNeiicey
      Being Neiicey | Mid | 186,000 subs | med 0 views | 3 uploads/90d | no niche (0.0) | sells=False
[103/106] https://www.youtube.com/@TheHutchinsons
      The Hutchinsons | Mid | 196,000 subs | med 0 views | 8 uploads/90d | travel (0.5) | sells=False
[104/106] https://www.youtube.com/@TheTKTwins.
      TK Twins | Low | 201,000 subs | med 0 views | 5 uploads/90d | no niche (0.0) | sells=False
[105/106] https://www.youtube.com/@HappytoWander
      Happy to Wander (Travel Tips & Inspo) | Mid | 202,000 subs | med 0 views | 8 uploads/90d | travel (0.5) | sells=False
[106/106] https://www.youtube.com/@tfft
      The Flip Flop Traveller | Mid | 203,000 subs | med 0 views | 29 uploads/90d | travel (0.5) | sells=True

106 leads -> leads.csv  {'Mid': 78, 'Low': 28}
