https://www.youtube.com/@TheLoversPassport/videos
  payload parsed: True

--- lockup 1  contentId=N-em6EgUSUo
    contentId                    'N-em6EgUSUo'
    contentType                  'LOCKUP_CONTENT_TYPE_VIDEO'
    clickTrackingParams          'CC0Q1MQMIhMIjpfC3omelwMV_g4vCB2LEAV5WhhVQ1RVNXBYb3pBVjU4dlNqR1R0R1lJeHeaAQMQ8jjKAQS0x4n2'
    videoId                      'N-em6EgUSUo'
    url                          'https://rr4---sn-2imeyn7r.googlevideo.com/initplayback?source=youtube&oeis=1&c=WEB&oad=320'
    url                          '/watch?v=N-em6EgUSUo'
    webPageType                  'WEB_PAGE_TYPE_WATCH'
    label                        'WATCH THIS BEFORE YOU VISIT TURKS\xa0AND\xa0CAICOS 26 minutes'
    trackingParams               'CC0Q1MQMIhMIjpfC3omelwMV_g4vCB2LEAV5'
    types                        '12'
    iconName                     'MORE_VERT'
    accessibilityText            'More actions'
    style                        'BUTTON_VIEW_MODEL_STYLE_MONO'
    trackingParams               'CC4Q8FsiEwiOl8LeiZ6XAxX-Di8IHYsQBXk='
    type                         'BUTTON_VIEW_MODEL_TYPE_TEXT'
    buttonSize                   'BUTTON_VIEW_MODEL_SIZE_DEFAULT'
    state                        'BUTTON_VIEW_MODEL_STATE_ACTIVE'
    clickTrackingParams          'CC4Q8FsiEwiOl8LeiZ6XAxX-Di8IHYsQBXnKAQS0x4n2'
    serializedShareEntity        'CgtOLWVtNkVnVVNVbw%3D%3D'
    popupType                    'DIALOG'
    trackingParams               'CC8QjmIiEwiOl8LeiZ6XAxX-Di8IHYsQBXk='
    apiUrl                       '/youtubei/v1/share/get_share_panel'
    imageName                    'SHARE'
    content                      'Share'
    clickTrackingParams          'CDAQ0aoFGAIiEwiOl8LeiZ6XAxX-Di8IHYsQBXnKAQS0x4n2'
    params                       'CAIQAA%3D%3D'
    trackingParams               'CDAQ0aoFGAIiEwiOl8LeiZ6XAxX-Di8IHYsQBXk='
    clickTrackingParams          'CDEQlKwJGAEiEwiOl8LeiZ6XAxX-Di8IHYsQBXnKAQS0x4n2'
    panelId                      'PAadd_to_playlist'
    params                       '-gYNCgtOLWVtNkVnVVNVbw%3D%3D'
    url                          'https://accounts.google.com/ServiceLogin?service=youtube&uilel=3&passive=true&continue=htt'
    webPageType                  'WEB_PAGE_TYPE_UNKNOWN'
    trackingParams               'CDEQlKwJGAEiEwiOl8LeiZ6XAxX-Di8IHYsQBXk='
    imageName                    'BOOKMARK_BORDER'
    content                      'Save to playlist'
    clickTrackingParams          'CDIQ_pgEGAAiEwiOl8LeiZ6XAxX-Di8IHYsQBXnKAQS0x4n2'
    signal                       'CLIENT_SIGNAL'
    listType                     'PLAYLIST_EDIT_LIST_TYPE_QUEUE'
    videoIds[]                   'N-em6EgUSUo'
    params                       'CAQ%3D'
    apiUrl                       '/youtubei/v1/playlist/create'
    trackingParams               'CDIQ_pgEGAAiEwiOl8LeiZ6XAxX-Di8IHYsQBXk='
    imageName                    'ADD_TO_QUEUE_TAIL'
    content                      'Add to queue'
    accessibilityLabel           '7 months ago'
    content                      '7mo ago'
    accessibilityLabel           '111 thousand views'
    name                         'PLAY_ARROW_OUTLINED'
    content                      '111K'
    content                      'WATCH THIS BEFORE YOU VISIT TURKS\xa0AND\xa0CAICOS'
    iconName                     'CHECK'
    accessibilityText            'Added'
    style                        'BUTTON_VIEW_MODEL_STYLE_OVERLAY_DARK'
    trackingParams               'CDMQ8FsiEwiOl8LeiZ6XAxX-Di8IHYsQBXk='
    type                         'BUTTON_VIEW_MODEL_TYPE_TONAL'
    buttonSize                   'BUTTON_VIEW_MODEL_SIZE_COMPACT'
    iconName                     'ADD_TO_QUEUE_TAIL'
    accessibilityText            'Add to queue'
    trackingParams               'CDQQ8FsiEwiOl8LeiZ6XAxX-Di8IHYsQBXk='
    clickTrackingParams          'CDQQ8FsiEwiOl8LeiZ6XAxX-Di8IHYsQBXnKAQS0x4n2'
    trackingParams               'CDUQ8FsiEwiOl8LeiZ6XAxX-Di8IHYsQBXk='
    clickTrackingParams          'CDUQ8FsiEwiOl8LeiZ6XAxX-Di8IHYsQBXnKAQS0x4n2'
    playlistId                   'WL'
    action                       'ACTION_REMOVE_VIDEO_BY_VIDEO_ID'
    removedVideoId               'N-em6EgUSUo'
    apiUrl                       '/youtubei/v1/browse/edit_playlist'
    iconName                     'WATCH_LATER'
    accessibilityText            'Watch later'
    trackingParams               'CDYQ8FsiEwiOl8LeiZ6XAxX-Di8IHYsQBXk='
    clickTrackingParams          'CDYQ8FsiEwiOl8LeiZ6XAxX-Di8IHYsQBXnKAQS0x4n2'
    addedVideoId                 'N-em6EgUSUo'
    action                       'ACTION_ADD_VIDEO'
    url                          'https://i.ytimg.com/an_webp/N-em6EgUSUo/mqdefault_6s.webp?du=3000&sqp=CMqQhNYG&rs=AOn4CLCr'
    text                         '26:28'
    badgeStyle                   'THUMBNAIL_OVERLAY_BADGE_STYLE_DEFAULT'
    animationActivationTargetId  'N-em6EgUSUo'
    animationActivationEntityKey 'Eh8veW91dHViZS9hcHAvd2F0Y2gvcGxheWVyX3N0YXRlIMMCKAE%3D'
    animatedText                 'Now playing'
    animationActivationEntitySelectorType 'THUMBNAIL_BADGE_ANIMATION_ENTITY_SELECTOR_TYPE_PLAYER_STATE'
    label                        '26 minutes, 28 seconds'
    url                          'https://www.gstatic.com/youtube/img/lottie/audio_indicator/audio_indicator_v2.json'
    url                          'https://i.ytimg.com/vi/N-em6EgUSUo/hq720.jpg?sqp=-oaymwEnCNAFEJQDSFryq4qpAxkIARUAAIhCGAHYA'
    url                          'https://i.ytimg.com/vi/N-em6EgUSUo/hq720.jpg?sqp=-oaymwEnCOgCEMoBSFryq4qpAxkIARUAAIhCGAHYA'

--- lockup 2  contentId=rSJa67aBRLc
    contentId                    'rSJa67aBRLc'
    contentType                  'LOCKUP_CONTENT_TYPE_VIDEO'
    clickTrackingParams          'CDgQ1MQMIhMIjpfC3omelwMV_g4vCB2LEAV5WhhVQ1RVNXBYb3pBVjU4dlNqR1R0R1lJeHeaAQMQ8jjKAQS0x4n2'
    videoId                      'rSJa67aBRLc'
    url                          'https://rr3---sn-2imeyn7r.googlevideo.com/initplayback?source=youtube&oeis=1&c=WEB&oad=320'
    url                          '/watch?v=rSJa67aBRLc'
    webPageType                  'WEB_PAGE_TYPE_WATCH'
    label                        'All 9 California National Parks Ranked (From Worst to Best) 15 minutes'
    trackingParams               'CDgQ1MQMIhMIjpfC3omelwMV_g4vCB2LEAV5'
    types                        '12'
    iconName                     'MORE_VERT'
    accessibilityText            'More actions'
    style                        'BUTTON_VIEW_MODEL_STYLE_MONO'
    trackingParams               'CDkQ8FsiEwiOl8LeiZ6XAxX-Di8IHYsQBXk='
    type                         'BUTTON_VIEW_MODEL_TYPE_TEXT'
    buttonSize                   'BUTTON_VIEW_MODEL_SIZE_DEFAULT'
    state                        'BUTTON_VIEW_MODEL_STATE_ACTIVE'
    clickTrackingParams          'CDkQ8FsiEwiOl8LeiZ6XAxX-Di8IHYsQBXnKAQS0x4n2'
    serializedShareEntity        'CgtyU0phNjdhQlJMYw%3D%3D'
    popupType                    'DIALOG'
    trackingParams               'CDoQjmIiEwiOl8LeiZ6XAxX-Di8IHYsQBXk='
    apiUrl                       '/youtubei/v1/share/get_share_panel'
    imageName                    'SHARE'
    content                      'Share'
    clickTrackingParams          'CDsQ0aoFGAIiEwiOl8LeiZ6XAxX-Di8IHYsQBXnKAQS0x4n2'
    params                       'CAIQAA%3D%3D'
    trackingParams               'CDsQ0aoFGAIiEwiOl8LeiZ6XAxX-Di8IHYsQBXk='
    clickTrackingParams          'CDwQlKwJGAEiEwiOl8LeiZ6XAxX-Di8IHYsQBXnKAQS0x4n2'
    panelId                      'PAadd_to_playlist'
    params                       '-gYNCgtyU0phNjdhQlJMYw%3D%3D'
    url                          'https://accounts.google.com/ServiceLogin?service=youtube&uilel=3&passive=true&continue=htt'
    webPageType                  'WEB_PAGE_TYPE_UNKNOWN'
    trackingParams               'CDwQlKwJGAEiEwiOl8LeiZ6XAxX-Di8IHYsQBXk='
    imageName                    'BOOKMARK_BORDER'
    content                      'Save to playlist'
    clickTrackingParams          'CD0Q_pgEGAAiEwiOl8LeiZ6XAxX-Di8IHYsQBXnKAQS0x4n2'
    signal                       'CLIENT_SIGNAL'
    listType                     'PLAYLIST_EDIT_LIST_TYPE_QUEUE'
    videoIds[]                   'rSJa67aBRLc'
    params                       'CAQ%3D'
    apiUrl                       '/youtubei/v1/playlist/create'
    trackingParams               'CD0Q_pgEGAAiEwiOl8LeiZ6XAxX-Di8IHYsQBXk='
    imageName                    'ADD_TO_QUEUE_TAIL'
    content                      'Add to queue'
    accessibilityLabel           '7 months ago'
    content                      '7mo ago'
    accessibilityLabel           '125 thousand views'
    name                         'PLAY_ARROW_OUTLINED'
    content                      '125K'
    content                      'All 9 California National Parks Ranked (From Worst to Best)'
    iconName                     'CHECK'
    accessibilityText            'Added'
    style                        'BUTTON_VIEW_MODEL_STYLE_OVERLAY_DARK'
    trackingParams               'CD4Q8FsiEwiOl8LeiZ6XAxX-Di8IHYsQBXk='
    type                         'BUTTON_VIEW_MODEL_TYPE_TONAL'
    buttonSize                   'BUTTON_VIEW_MODEL_SIZE_COMPACT'
    iconName                     'ADD_TO_QUEUE_TAIL'
    accessibilityText            'Add to queue'
    trackingParams               'CD8Q8FsiEwiOl8LeiZ6XAxX-Di8IHYsQBXk='
    clickTrackingParams          'CD8Q8FsiEwiOl8LeiZ6XAxX-Di8IHYsQBXnKAQS0x4n2'
    trackingParams               'CEAQ8FsiEwiOl8LeiZ6XAxX-Di8IHYsQBXk='
    clickTrackingParams          'CEAQ8FsiEwiOl8LeiZ6XAxX-Di8IHYsQBXnKAQS0x4n2'
    playlistId                   'WL'
    action                       'ACTION_REMOVE_VIDEO_BY_VIDEO_ID'
    removedVideoId               'rSJa67aBRLc'
    apiUrl                       '/youtubei/v1/browse/edit_playlist'
    iconName                     'WATCH_LATER'
    accessibilityText            'Watch later'
    trackingParams               'CEEQ8FsiEwiOl8LeiZ6XAxX-Di8IHYsQBXk='
    clickTrackingParams          'CEEQ8FsiEwiOl8LeiZ6XAxX-Di8IHYsQBXnKAQS0x4n2'
    addedVideoId                 'rSJa67aBRLc'
    action                       'ACTION_ADD_VIDEO'
    url                          'https://i.ytimg.com/an_webp/rSJa67aBRLc/mqdefault_6s.webp?du=3000&sqp=CJSchNYG&rs=AOn4CLAW'
    text                         '15:04'
    badgeStyle                   'THUMBNAIL_OVERLAY_BADGE_STYLE_DEFAULT'
    animationActivationTargetId  'rSJa67aBRLc'
    animationActivationEntityKey 'Eh8veW91dHViZS9hcHAvd2F0Y2gvcGxheWVyX3N0YXRlIMMCKAE%3D'
    animatedText                 'Now playing'
    animationActivationEntitySelectorType 'THUMBNAIL_BADGE_ANIMATION_ENTITY_SELECTOR_TYPE_PLAYER_STATE'
    label                        '15 minutes, 4 seconds'
    url                          'https://www.gstatic.com/youtube/img/lottie/audio_indicator/audio_indicator_v2.json'
    url                          'https://i.ytimg.com/vi/rSJa67aBRLc/hq720.jpg?sqp=-oaymwEnCNAFEJQDSFryq4qpAxkIARUAAIhCGAHYA'
    url                          'https://i.ytimg.com/vi/rSJa67aBRLc/hq720.jpg?sqp=-oaymwEnCOgCEMoBSFryq4qpAxkIARUAAIhCGAHYA'
