Loaded 255 channels from results/martial_new.txt
[1/255] https://www.youtube.com/@JordanTeachesJiujitsu
      Jordan Teaches Jiujitsu | Mid | 321,000 subs | med 52,000 views | 6 uploads/90d | martial_arts (1.0) | sells=True
[2/255] https://www.youtube.com/@JoelSnape1
      Joel Snape | Mid | 68,300 subs | med 12,000 views | 3 uploads/90d | outdoors (1.0) | sells=False
[3/255] https://www.youtube.com/@jiujitsubreakdowns
      Jiu-Jitsu Breakdowns | Mid | 30,400 subs | med 9,900 views | 3 uploads/90d | martial_arts (0.83) | sells=False
[4/255] https://www.youtube.com/@FloGrappling
      FloGrappling | Mid | 736,000 subs | med 63,000 views | 29 uploads/90d | martial_arts (1.0) | sells=False
[5/255] https://www.youtube.com/@JoshRichBJJ
      JoshRichBJJ | Mid | 108,000 subs | med 197,000 views | 0 uploads/90d | martial_arts (0.79) | sells=True
[6/255] https://www.youtube.com/@GracieBreakdown
      GracieBreakdown | Mid | 950,000 subs | med 13,000 views | 5 uploads/90d | martial_arts (0.5) | sells=False
[7/255] https://www.youtube.com/@BJJ.Fanatics
      BJJ Fanatics | High | 1,030,000 subs | med 3,800 views | 17 uploads/90d | martial_arts (1.0) | sells=True
[8/255] https://www.youtube.com/@Gordonlovesjiujitsu
      Gordon Ryan | Low | 136,000 subs | med 63,000 views | 1 uploads/90d | martial_arts (0.83) | sells=False
[9/255] https://www.youtube.com/@AbsoluteMMAStKilda
      Absolute MMA St Kilda - Melbourne | Mid | 118,000 subs | med 10,000 views | 12 uploads/90d | martial_arts (1.0) | sells=False
[10/255] https://www.youtube.com/@Chewjitsu
      Chewjitsu | Mid | 394,000 subs | med 12,000 views | 30 uploads/90d | martial_arts (0.85) | sells=False
[11/255] https://www.youtube.com/@gracieohio
      Gracie Ohio Jiu-Jitsu Academy | Mid | 60,000 subs | med 3,900 views | 0 uploads/90d | martial_arts (0.83) | sells=False
[12/255] https://www.youtube.com/@MMALeech
      MMA Leech | Mid | 70,300 subs | med 20,000 views | 1 uploads/90d | martial_arts (1.0) | sells=False
[13/255] https://www.youtube.com/@sarahhilliard
      Sarah Hilliard | Low | 23,200 subs | med 20,000 views | 1 uploads/90d | martial_arts (0.33) | sells=False
[14/255] https://www.youtube.com/@jasonsaggo
      Teaching you MMA & BJJ | Mid | 26,000 subs | med 1,700 views | 3 uploads/90d | martial_arts (1.0) | sells=False
[15/255] https://www.youtube.com/@willbrooksofficial
      Will Brooks Official | Mid | 69,700 subs | med 4,900 views | 13 uploads/90d | martial_arts (0.93) | sells=False
[16/255] https://www.youtube.com/@BernardoFariaBJJ
      Bernardo Faria BJJ Fanatics | Mid | 410,000 subs | med 8,300 views | 22 uploads/90d | martial_arts (1.0) | sells=False
[17/255] https://www.youtube.com/@HPUcoaching
      Josh Saunders | Mid | 81,300 subs | med 12,000 views | 4 uploads/90d | martial_arts (0.75) | sells=True
[18/255] https://www.youtube.com/@jiujitsujunction
      Jiu Jitsu Junction | Mid | 6,160 subs | med 1,800 views | 0 uploads/90d | martial_arts (0.87) | sells=False
[19/255] https://www.youtube.com/@joshuasettlage
      Joshua Settlage | Mid | 43,600 subs | med 1,200 views | 7 uploads/90d | fitness (0.57) | sells=False
[20/255] https://www.youtube.com/@TheGrapplingAcademy
      The Grappling Academy | Mid | 170,000 subs | med 8,600 views | 0 uploads/90d | martial_arts (0.9) | sells=True
[21/255] https://www.youtube.com/@MattArroyoMMA
      Matt Arroyo Jiu Jitsu | Mid | 344,000 subs | med 82,000 views | 0 uploads/90d | martial_arts (1.0) | sells=True
[22/255] https://www.youtube.com/@KnightJiuJitsu
      Knight Jiu-Jitsu | Mid | 380,000 subs | med 10,000 views | 4 uploads/90d | martial_arts (0.9) | sells=True
[23/255] https://www.youtube.com/@MMAShredded
      Jeff Chan MMAShredded | High | 827,000 subs | med 38,000 views | 13 uploads/90d | martial_arts (0.92) | sells=True
[24/255] https://www.youtube.com/@Heather_MorganBJJ
      Heather Morgan | Mid | 14,200 subs | med 1,800 views | 6 uploads/90d | martial_arts (0.82) | sells=False
[25/255] https://www.youtube.com/@JonThomasBJJ
      JonThomasBJJ | Mid | 146,000 subs | med 19,000 views | 6 uploads/90d | martial_arts (0.9) | sells=False
[26/255] https://www.youtube.com/@RobHoughtonBJJ
      Rob Houghton BJJ | Mid | 11,000 subs | med 35,000 views | 7 uploads/90d | martial_arts (1.0) | sells=True
[27/255] https://www.youtube.com/@bzglick
      Brian Glick | Mid | 47,400 subs | med 5,700 views | 10 uploads/90d | martial_arts (0.86) | sells=False
[28/255] https://www.youtube.com/@LIMIBJJ
      Less Impressed More Involved BJJ | Mid | 89,200 subs | med 6,100 views | 7 uploads/90d | martial_arts (0.67) | sells=False
[29/255] https://www.youtube.com/@BJJHacksTV
      BJJ Hacks TV | Mid | 117,000 subs | med 215,000 views | 0 uploads/90d | martial_arts (0.6) | sells=False
[30/255] https://www.youtube.com/@BTeamJiuJitsu
      The B-Team | Mid | 492,000 subs | med 167,000 views | 8 uploads/90d | martial_arts (0.67) | sells=False
[31/255] https://www.youtube.com/@brandonmcninja
      Brandon Mccaghren | Mid | 243,000 subs | med 47,855 views | 0 uploads/90d | martial_arts (1.0) | sells=False
[32/255] https://www.youtube.com/@the.BJJproject
      The BJJ Project | Mid | 40,700 subs | med 5,300 views | 7 uploads/90d | martial_arts (0.83) | sells=False
[33/255] https://www.youtube.com/@presleybjj
      Josh Presley | Low | 12,000 subs | med 100 views | 0 uploads/90d | martial_arts (1.0) | sells=False
[34/255] https://www.youtube.com/@joeyb10p
      Joey Balistreri - BJJ Coach | Low | 222 subs | med 0 views | 0 uploads/90d | no niche (0.0) | sells=False
[35/255] https://www.youtube.com/@DynamixMMA
      Dynamix MMA | Mid | 2,760 subs | med 603 views | 2 uploads/90d | martial_arts (0.85) | sells=False
[36/255] https://www.youtube.com/@NexusAJJ
      Nexus American Jiu Jitsu | Low | 2,009 subs | med 353 views | 0 uploads/90d | martial_arts (1.0) | sells=False
[37/255] https://www.youtube.com/@RVVBJJ
      RVV BJJ | Mid | 33,400 subs | med 466 views | 28 uploads/90d | martial_arts (0.75) | sells=False
[38/255] https://www.youtube.com/@tsunamibjj3574
      Tsunami BJJ | Low | 697 subs | med 48 views | 0 uploads/90d | fitness (0.6) | sells=False
[39/255] https://www.youtube.com/@Doubleblackjiujitsu
      Double Black Jiu Jitsu | Low | 580 subs | med 559 views | 0 uploads/90d | martial_arts (1.0) | sells=False
[40/255] https://www.youtube.com/@RitchieYip
      Ritchie Yip | Low | 26,900 subs | med 1,700 views | 0 uploads/90d | martial_arts (1.0) | sells=False
[41/255] https://www.youtube.com/@bangtaomuaythaimma
      Bangtao Muay Thai & MMA | High | 86,900 subs | med 4,200 views | 29 uploads/90d | martial_arts (0.75) | sells=True
[42/255] https://www.youtube.com/@bjjrealtor
      BJJ Realtor | Low | 912 subs | med 339 views | 0 uploads/90d | martial_arts (1.0) | sells=False
[43/255] https://www.youtube.com/@giancarlobodonibjj
      Giancarlo Bodoni | Low | 36,700 subs | med 18,000 views | 0 uploads/90d | martial_arts (0.5) | sells=False
[44/255] https://www.youtube.com/@ChasenHill
      Chasen Hill | Mid | 11,700 subs | med 1,400 views | 4 uploads/90d | martial_arts (0.6) | sells=False
[45/255] https://www.youtube.com/@TylerSpangler
      Tyler Spangler | Low | 128,000 subs | med 32,000 views | 1 uploads/90d | martial_arts (0.67) | sells=False
[46/255] https://www.youtube.com/@JockoPodcastOfficial
      Jocko Podcast | Low | 1,980,000 subs | med 35,000 views | 28 uploads/90d | martial_arts (0.33) | sells=False
[47/255] https://www.youtube.com/@StephanKesting
      Stephan Kesting | Low | 341,000 subs | med 2,200 views | 1 uploads/90d | martial_arts (0.7) | sells=False
[48/255] https://www.youtube.com/@CoachZahabi
      Tristar Gym | Mid | 331,000 subs | med 5,800 views | 7 uploads/90d | martial_arts (0.4) | sells=False
[49/255] https://www.youtube.com/@MorePlatesMoreDates
      More Plates More Dates | Low | 2,049,999 subs | med 182,000 views | 0 uploads/90d | no niche (0.0) | sells=False
[50/255] https://www.youtube.com/@KamaJiuJitsu
      Kama Jiu-Jitsu | Mid | 43,200 subs | med 704 views | 5 uploads/90d | martial_arts (1.0) | sells=True
[51/255] https://www.youtube.com/@berimbozo
      bea | Mid | 9,970 subs | med 4,800 views | 7 uploads/90d | martial_arts (0.89) | sells=False
[52/255] https://www.youtube.com/@rafeh_qazi
      Rafeh Qazi | Mid | 7,720 subs | med 1,000 views | 2 uploads/90d | finance (0.4) | sells=False
[53/255] https://www.youtube.com/@LexClips
      Lex Clips | Mid | 1,640,000 subs | med 15,000 views | 29 uploads/90d | food (1.0) | sells=False
[54/255] https://www.youtube.com/@JamesSmithPT
      James Smith | Mid | 470,000 subs | med 152,000 views | 3 uploads/90d | food (0.5) | sells=False
[55/255] https://www.youtube.com/@ChrisMatakas
      Chris Matakas | Low | 4,460 subs | med 389 views | 0 uploads/90d | martial_arts (0.86) | sells=False
[56/255] https://www.youtube.com/@bulletproofforbjj
      Bulletproof For BJJ | High | 43,200 subs | med 3,600 views | 11 uploads/90d | martial_arts (0.75) | sells=True
[57/255] https://www.youtube.com/@muaythaitechnician
      Paul Banasiak @MuayThaiTechnician | Mid | 43,300 subs | med 10,000 views | 0 uploads/90d | martial_arts (0.75) | sells=False
[58/255] https://www.youtube.com/@tigermuaythai
      Tiger Muay Thai and MMA Training Camp, Phuket, Thailand | Mid | 451,000 subs | med 18,000 views | 1 uploads/90d | martial_arts (1.0) | sells=False
[59/255] https://www.youtube.com/@AKAThailandGym
      AKA Thailand | Mid | 35,500 subs | med 401 views | 9 uploads/90d | martial_arts (1.0) | sells=False
[60/255] https://www.youtube.com/@fighttips
      fightTIPS | Mid | 3,430,000 subs | med 17,800 views | 19 uploads/90d | martial_arts (0.5) | sells=False
[61/255] https://www.youtube.com/@PentagonMMA
      Vivek Nakarmi - Pentagon MMA | Mid | 175,000 subs | med 5,400 views | 0 uploads/90d | martial_arts (0.64) | sells=False
[62/255] https://www.youtube.com/@prostriking
      Pro Striking | High | 86,600 subs | med 11,000 views | 30 uploads/90d | martial_arts (0.6) | sells=True
[63/255] https://www.youtube.com/@deusAXEmachina
      deusAXEmachina | Low | 102,000 subs | med 1,900,000 views | 0 uploads/90d | martial_arts (1.0) | sells=False
[64/255] https://www.youtube.com/@teepmuaythai
      Teep Muay Thai | Mid | 13,300 subs | med 7,900 views | 5 uploads/90d | martial_arts (0.8) | sells=False
[65/255] https://www.youtube.com/@CombatCultureUSA
      Combat Culture | Mid | 47,500 subs | med 11,000 views | 7 uploads/90d | martial_arts (1.0) | sells=False
[66/255] https://www.youtube.com/@MartialSpirit
      Martial Spirit: Martial Arts & Fitness | Mid | 85,300 subs | med 6,900 views | 0 uploads/90d | fitness (0.62) | sells=False
[67/255] https://www.youtube.com/@seanfagan
      Sean "Muay Thai Guy" Fagan | Low | 454,000 subs | med 28,000 views | 0 uploads/90d | fitness (0.53) | sells=False
[68/255] https://www.youtube.com/@8TribeMuayThai
      8Tribe Muay Thai | Mid | 15,900 subs | med 756 views | 1 uploads/90d | martial_arts (1.0) | sells=False
[69/255] https://www.youtube.com/@SpringSia_HeartMuaythai
      Spring Sia | Low | 30,600 subs | med 4,900 views | 0 uploads/90d | fitness (0.5) | sells=False
[70/255] https://www.youtube.com/@FairtexTrainingCenter
      Fairtex Training Center | Low | 28,800 subs | med 2,300 views | 0 uploads/90d | martial_arts (0.5) | sells=False
[71/255] https://www.youtube.com/@thenightmarekb
      Jacob Rodriguez | Low | 140,000 subs | med 27,000 views | 2 uploads/90d | fitness (0.5) | sells=False
[72/255] https://www.youtube.com/@topmuaythaigear
      Top Muay Thai Gear | Low | 56,500 subs | med 320 views | 0 uploads/90d | martial_arts (1.0) | sells=False
[73/255] https://www.youtube.com/@utcultimate
      Lollo Fight Channel | Low | 11,300 subs | med 926 views | 0 uploads/90d | martial_arts (1.0) | sells=False
[74/255] https://www.youtube.com/@warriorcollective
      Stuart Tomlinson | Mid | 750,000 subs | med 7,200 views | 7 uploads/90d | martial_arts (0.87) | sells=False
[75/255] https://www.youtube.com/@SiamBoxing
      Siam Boxing | Mid | 217,000 subs | med 3,900 views | 13 uploads/90d | martial_arts (0.86) | sells=False
[76/255] https://www.youtube.com/@ExperienceMMA
      Danny Fung | Mid | 33,000 subs | med 472 views | 14 uploads/90d | martial_arts (0.75) | sells=False
[77/255] https://www.youtube.com/@PrecisionBoxing
      Precision Striking | Mid | 1,450,000 subs | med 26,000 views | 8 uploads/90d | martial_arts (0.67) | sells=False
[78/255] https://www.youtube.com/@MultiSv7
      Simeon Velkov | Low | 15 subs | med 59 views | 0 uploads/90d | no niche (0.0) | sells=False
[79/255] https://www.youtube.com/@FightCamp
      FightCamp | Mid | 614,000 subs | med 10,000 views | 3 uploads/90d | martial_arts (0.54) | sells=False
[80/255] https://www.youtube.com/@GabrielVargaOfficial
      Gabriel Varga | Mid | 389,000 subs | med 15,500 views | 29 uploads/90d | martial_arts (0.62) | sells=False
[81/255] https://www.youtube.com/@The_CombatAcademy
      The Combat Academy | Mid | 6,410 subs | med 2,700 views | 0 uploads/90d | martial_arts (1.0) | sells=False
[82/255] https://www.youtube.com/@kidk007
      kidk007 | Low | 21 subs | med 94 views | 0 uploads/90d | martial_arts (1.0) | sells=False
[83/255] https://www.youtube.com/@MOABSelfDefense
      Coach Tim / Self defense | Low | 155,000 subs | med 3,500 views | 0 uploads/90d | martial_arts (0.57) | sells=False
[84/255] https://www.youtube.com/@TeamMayhemMMA
      Team Mayhem MMA | Low | 6,630 subs | med 241 views | 8 uploads/90d | martial_arts (0.89) | sells=False
[85/255] https://www.youtube.com/@etobicokemartialarts-10thp20
      Etobicoke Martial Arts - 10th Planet Etobicoke | Mid | 32,100 subs | med 8,000 views | 0 uploads/90d | martial_arts (0.8) | sells=False
[86/255] https://www.youtube.com/@Fighter_Ryan
      Fighter_Ryan | Mid | 58,200 subs | med 5,700 views | 1 uploads/90d | martial_arts (0.45) | sells=False
[87/255] https://www.youtube.com/@JoslinsMMA
      Joslin's MMA | Low | 22,900 subs | med 986 views | 0 uploads/90d | martial_arts (1.0) | sells=False
[88/255] https://www.youtube.com/@GlobalMartialArtsUniversity
      Global Martial Arts University | Mid | 383,000 subs | med 1,500 views | 6 uploads/90d | martial_arts (0.78) | sells=False
[89/255] https://www.youtube.com/@mikahdiazcruz
      Mikah Diaz-Cruz | Low | 540 subs | med 5,500 views | 0 uploads/90d | fitness (1.0) | sells=False
[90/255] https://www.youtube.com/@Tony_Jeffries
      Tony Jeffries | Mid | 3,140,000 subs | med 68,000 views | 30 uploads/90d | martial_arts (0.9) | sells=False
[91/255] https://www.youtube.com/@hitfit_training
      Hitfit | Mid | 71,900 subs | med 237 views | 1 uploads/90d | martial_arts (0.75) | sells=False
[92/255] https://www.youtube.com/@daveboxingcoaching
      Dave Boxing Coach | Mid | 13,100 subs | med 1,900 views | 0 uploads/90d | martial_arts (0.75) | sells=True
[93/255] https://www.youtube.com/@boxinghomeworkouts
      Boxing Home Workouts | Low | 65,400 subs | med 32,000 views | 0 uploads/90d | fitness (0.8) | sells=False
[94/255] https://www.youtube.com/@DTBXING
      DTBXING | Low | 64,300 subs | med 9,600 views | 2 uploads/90d | martial_arts (1.0) | sells=False
[95/255] https://www.youtube.com/@ElYuyuBoxing
      El Yuyu | Low | 52,200 subs | med 5,700 views | 0 uploads/90d | martial_arts (0.64) | sells=False
[96/255] https://www.youtube.com/@rickbhullarfitness
      Get Fit With Rick | Mid | 1,030,000 subs | med 328,000 views | 7 uploads/90d | fitness (1.0) | sells=False
[97/255] https://www.youtube.com/@TheQuietAlpha06
      The Quiet Alpha | Low | 20,500 subs | med 1,400 views | 3 uploads/90d | fitness (0.5) | sells=False
[98/255] https://www.youtube.com/@Wellandgood
      Well+Good | Mid | 764,000 subs | med 6,900 views | 0 uploads/90d | fitness (1.0) | sells=False
[99/255] https://www.youtube.com/@natebowerfitness
      NateBowerFitness | Mid | 459,000 subs | med 6,600 views | 10 uploads/90d | martial_arts (0.5) | sells=False
[100/255] https://www.youtube.com/@WorldClassBoxingChannel
      World Class Boxing Channel | Mid | 215,000 subs | med 3,900 views | 2 uploads/90d | martial_arts (0.67) | sells=False
[101/255] https://www.youtube.com/@oracle_boxing
      Oliver Betts Boxing | Mid | 323,000 subs | med 21,000 views | 5 uploads/90d | martial_arts (0.62) | sells=False
[102/255] https://www.youtube.com/@BoxingLife
      Boxing Life | Mid | 196,000 subs | med 29,000 views | 17 uploads/90d | martial_arts (0.33) | sells=True
[103/255] https://www.youtube.com/@FightHealthTV
      Fight Health TV | Low | 58,700 subs | med 4,700 views | 0 uploads/90d | martial_arts (0.91) | sells=False
[104/255] https://www.youtube.com/@skillrboxing
      Skillr Boxing | Mid | 344,000 subs | med 168,000 views | 13 uploads/90d | martial_arts (0.92) | sells=False
[105/255] https://www.youtube.com/@CoachAnthonyBoxing
      Coach Anthony | Mid | 325,000 subs | med 11,000 views | 0 uploads/90d | martial_arts (0.83) | sells=False
[106/255] https://www.youtube.com/@Fookcanbox
      Jab Force Fitness | Low | 18,300 subs | med 550 views | 0 uploads/90d | fitness (0.5) | sells=False
[107/255] https://www.youtube.com/@GosiaCanoFitness
      Get Fit with Gosia | Mid | 16,700 subs | med 1,200 views | 0 uploads/90d | fitness (1.0) | sells=False
[108/255] https://www.youtube.com/@regalrobertboxing
      Regal Boxing | Mid | 30,100 subs | med 1,300 views | 8 uploads/90d | food (0.83) | sells=False
[109/255] https://www.youtube.com/@OfficialParallel8
      Parallel 8 Productions | Mid | 151,000 subs | med 9,700 views | 27 uploads/90d | martial_arts (1.0) | sells=False
[110/255] https://www.youtube.com/@delcardo_boxing
      DelCardo Boxing | Mid | 21,300 subs | med 15,000 views | 4 uploads/90d | martial_arts (0.8) | sells=False
[111/255] https://www.youtube.com/@claytonmorrow2438
      Clayton Morrow | Low | 18 subs | med 0 views | 0 uploads/90d | martial_arts (1.0) | sells=False
[112/255] https://www.youtube.com/@ValidMMA
      ValidMMA | Low | 4,680 subs | med 27,700 views | 0 uploads/90d | fitness (0.67) | sells=False
[113/255] https://www.youtube.com/@GaleaBrothers
      Galea Brothers | Low | 33,200 subs | med 22,000 views | 2 uploads/90d | martial_arts (0.77) | sells=False
[114/255] https://www.youtube.com/@PowerTraining
      PowerTraining | Mid | 98,300 subs | med 57,000 views | 7 uploads/90d | fitness (0.46) | sells=False
[115/255] https://www.youtube.com/@systematicwrestling
      Systematic Wrestling | Mid | 40,800 subs | med 12,000 views | 1 uploads/90d | martial_arts (0.88) | sells=False
[116/255] https://www.youtube.com/@officialfightlab
      Fight Lab | Low | 483,000 subs | med 16,000 views | 0 uploads/90d | food (0.5) | sells=False
[117/255] https://www.youtube.com/@FreeStylebender
      FREESTYLEBENDER | Mid | 1,350,000 subs | med 63,000 views | 12 uploads/90d | food (0.62) | sells=False
[118/255] https://www.youtube.com/@ThomasKincaidMMA
      Thomas Kincaid MMA | Low | 74,200 subs | med 4,900 views | 0 uploads/90d | food (0.6) | sells=False
[119/255] https://www.youtube.com/@TheFightSite
      The Fight Site | Low | 29,600 subs | med 3,000 views | 0 uploads/90d | martial_arts (1.0) | sells=False
[120/255] https://www.youtube.com/@BangPivot
      Bang & Pivot | Mid | 21,800 subs | med 83,000 views | 9 uploads/90d | martial_arts (0.67) | sells=True
[121/255] https://www.youtube.com/@ironfaithwrestling
      Iron Faith Wrestling | High | 109,000 subs | med 4,300 views | 27 uploads/90d | martial_arts (1.0) | sells=True
[122/255] https://www.youtube.com/@fanaticwrestling3904
      FANATIC WRESTLING | Mid | 87,600 subs | med 826 views | 4 uploads/90d | martial_arts (1.0) | sells=False
[123/255] https://www.youtube.com/@CaydenHenschel
      Cayden Henschel | Mid | 578,000 subs | med 33,000 views | 8 uploads/90d | martial_arts (0.88) | sells=False
[124/255] https://www.youtube.com/@KOLATCOM
      Cary Kolat | Mid | 362,000 subs | med 29,000 views | 0 uploads/90d | martial_arts (1.0) | sells=False
[125/255] https://www.youtube.com/@PredatorsMMAGym
      Gavin Boardman - Predators MMA and BJJ Manchester | Low | 4,460 subs | med 871 views | 7 uploads/90d | martial_arts (1.0) | sells=False
[126/255] https://www.youtube.com/@kylerlarkin159
      Kyler Larkin | Low | 33,500 subs | med 36,000 views | 0 uploads/90d | martial_arts (0.75) | sells=False
[127/255] https://www.youtube.com/@braydenmirjavadi
      Brayden Mirjavadi | Mid | 2,940 subs | med 1,000 views | 0 uploads/90d | martial_arts (0.6) | sells=False
[128/255] https://www.youtube.com/@CoachKajan
      Kajan Johnson MMA | Mid | 116,000 subs | med 3,500 views | 4 uploads/90d | martial_arts (1.0) | sells=False
[129/255] https://www.youtube.com/@PakMMA-7
      Pak MMA | Low | 2,370 subs | med 2,300 views | 1 uploads/90d | martial_arts (1.0) | sells=False
[130/255] https://www.youtube.com/@Adrianleemma
      Adrian Lee | Mid | 21,300 subs | med 34,000 views | 5 uploads/90d | martial_arts (0.71) | sells=False
[131/255] https://www.youtube.com/@Alexei.Pergande
      Alexei Pergande | Low | 191,000 subs | med 16,000 views | 6 uploads/90d | fitness (0.4) | sells=False
[132/255] https://www.youtube.com/@PBKMMA
      PeanutButterKidMMA | Mid | 1,950 subs | med 1,500 views | 4 uploads/90d | martial_arts (0.64) | sells=True
[133/255] https://www.youtube.com/@danielcuttle
      Daniel Cuttle | Mid | 37,100 subs | med 48,500 views | 6 uploads/90d | fitness (0.55) | sells=False
[134/255] https://www.youtube.com/@TimWelchMT
      Tim Welch | Mid | 255,000 subs | med 70,000 views | 29 uploads/90d | lifestyle_vlog (0.5) | sells=True
[135/255] https://www.youtube.com/@anthonyexeltahunter
      Anthony Hunter | Mid | 196,000 subs | med 196,000 views | 16 uploads/90d | fitness (0.71) | sells=False
[136/255] https://www.youtube.com/@ArmanTsarukyanOfficial
      Arman Tsarukyan | Mid | 295,000 subs | med 316,000 views | 7 uploads/90d | lifestyle_vlog (0.73) | sells=False
[137/255] https://www.youtube.com/@ULTIMATEKARATEOFFICIAL
      ULTIMATE KARATE | Mid | 329,000 subs | med 39,000 views | 4 uploads/90d | martial_arts (0.93) | sells=False
[138/255] https://www.youtube.com/@KarateDojowaKu
      Karate Dojo waKu | Mid | 437,000 subs | med 11,000 views | 0 uploads/90d | martial_arts (0.85) | sells=False
[139/255] https://www.youtube.com/@ZenShin
      Zen-Shin Martial Arts | Mid | 9,350 subs | med 3,300 views | 0 uploads/90d | martial_arts (1.0) | sells=True
[140/255] https://www.youtube.com/@y_warrior
      Young Warrior | Low | 10,200 subs | med 0 views | 0 uploads/90d | no niche (0.0) | sells=False
[141/255] https://www.youtube.com/@KARATESIR
      KARATE SIR | Mid | 108,000 subs | med 308 views | 13 uploads/90d | fitness (0.71) | sells=False
[142/255] https://www.youtube.com/@OnlineKarateLessons
      Online Karate Lessons | Low | 5,870 subs | med 282 views | 0 uploads/90d | martial_arts (0.91) | sells=False
[143/255] https://www.youtube.com/@bushidotamashi5739
      Bushido Tamashi | Low | 20,700 subs | med 2,800 views | 0 uploads/90d | martial_arts (1.0) | sells=False
[144/255] https://www.youtube.com/@FitnessKarateAcademy
      Fitness Karate Academy | Low | 19,000 subs | med 1,000 views | 0 uploads/90d | martial_arts (0.54) | sells=False
[145/255] https://www.youtube.com/@Shigashi84
      Shintaro Higashi | High | 294,000 subs | med 5,600 views | 11 uploads/90d | martial_arts (0.91) | sells=True
[146/255] https://www.youtube.com/@k.o_Academy
      KO Academy | Low | 30,600 subs | med 2,800 views | 0 uploads/90d | martial_arts (0.83) | sells=False
[147/255] https://www.youtube.com/@TravisStevensgrappling
      Travis Stevens | Mid | 79,000 subs | med 2,600 views | 0 uploads/90d | martial_arts (1.0) | sells=False
[148/255] https://www.youtube.com/@skyhookschool
      Skyhook Martial Arts & Fitness | Low | 3,110 subs | med 593 views | 0 uploads/90d | martial_arts (0.64) | sells=False
[149/255] https://www.youtube.com/@shintaronakano2842
      Shintaro Nakano | Mid | 84,000 subs | med 10,000 views | 1 uploads/90d | martial_arts (0.5) | sells=False
[150/255] https://www.youtube.com/@KODOKANJUDO
      KODOKAN | Low | 185,000 subs | med 24,000 views | 0 uploads/90d | travel (0.5) | sells=False
[151/255] https://www.youtube.com/@grapmedia
      Grappling Education | Low | 50,400 subs | med 842 views | 0 uploads/90d | martial_arts (1.0) | sells=False
[152/255] https://www.youtube.com/@Slamzone1
      SlamZone | Low | 41,800 subs | med 2,400 views | 0 uploads/90d | martial_arts (1.0) | sells=False
[153/255] https://www.youtube.com/@tkdguide
      Taekwondo Guide | Low | 44,100 subs | med 694 views | 0 uploads/90d | martial_arts (0.89) | sells=False
[154/255] https://www.youtube.com/@VTEAMTaekwondo
      VTEAM Taekwondo | Kids Confidence & Discipline | Low | 19,000 subs | med 976 views | 0 uploads/90d | martial_arts (1.0) | sells=False
[155/255] https://www.youtube.com/@GingerNinjaTrickster
      Ginger Ninja Trickster | Mid | 1,420,000 subs | med 35,000 views | 0 uploads/90d | martial_arts (0.93) | sells=True
[156/255] https://www.youtube.com/@taekwondofury
      Tae Kwon Do Fury | High | 108,000 subs | med 36,000 views | 16 uploads/90d | martial_arts (0.91) | sells=True
[157/255] https://www.youtube.com/@ChampionsTKD
      Champions Taekwondo Academy | Low | 60,600 subs | med 575 views | 13 uploads/90d | martial_arts (0.55) | sells=False
[158/255] https://www.youtube.com/@trevorhannant
      Trevor Hannant | Low | 2,200,000 subs | med 141,000 views | 0 uploads/90d | fitness (0.33) | sells=False
[159/255] https://www.youtube.com/@nathearn
      Nat Hearn | Mid | 2,940,000 subs | med 34,000 views | 2 uploads/90d | martial_arts (0.89) | sells=False
[160/255] https://www.youtube.com/@TaekwondowithChadi
      Taekwondo with Chadi | Mid | 37,600 subs | med 2,300 views | 4 uploads/90d | martial_arts (0.91) | sells=False
[161/255] https://www.youtube.com/@DanLok
      Dan Lok | Mid | 4,890,000 subs | med 14,000 views | 0 uploads/90d | business (0.8) | sells=False
[162/255] https://www.youtube.com/@masterwong101
      Master Wong | High | 2,880,000 subs | med 4,500 views | 26 uploads/90d | martial_arts (1.0) | sells=True
[163/255] https://www.youtube.com/@davidwongmastery
      David Wong - Health Tech Visionary | Mid | 473,000 subs | med 834 views | 25 uploads/90d | food (0.5) | sells=False
[164/255] https://www.youtube.com/@KevinLeeVlog
      Kevin Lee | Mid | 481,000 subs | med 148,000 views | 4 uploads/90d | martial_arts (0.88) | sells=False
[165/255] https://www.youtube.com/@SenseiSeth
      Sensei Seth | Mid | 492,000 subs | med 185,000 views | 8 uploads/90d | martial_arts (0.77) | sells=False
[166/255] https://www.youtube.com/@GIURIT
      GIURIT | Low | 567 subs | med 0 views | 0 uploads/90d | martial_arts (0.62) | sells=False
[167/255] https://www.youtube.com/@entertaichi
      Enter Tai Chi | Low | 177,000 subs | med 766 views | 0 uploads/90d | fitness (0.67) | sells=True
[168/255] https://www.youtube.com/@qodir17
      Qodir 17 | Mid | 402,000 subs | med 2,700 views | 17 uploads/90d | martial_arts (0.93) | sells=False
[169/255] https://www.youtube.com/@theKravMagaTraining
      KRAV MAGA TRAINING | Mid | 1,730,000 subs | med 1,300,000 views | 0 uploads/90d | fitness (0.93) | sells=True
[170/255] https://www.youtube.com/@howcast
      Howcast | Low | 9,400,000 subs | med 0 views | 0 uploads/90d | no niche (0.0) | sells=False
[171/255] https://www.youtube.com/@IsraelDefenseForces
      Israel Defense Forces | Mid | 1,510,000 subs | med 24,000 views | 8 uploads/90d | no niche (0.0) | sells=False
[172/255] https://www.youtube.com/@ahmedhamza1140
      َAhmed Hamza | Low | 5 subs | med 0 views | 0 uploads/90d | no niche (0.0) | sells=False
[173/255] https://www.youtube.com/@kravmagaprotectioninternat1609
      KRAV MAGA PROTECTION INTERNATIONAL KMP | Mid | 22,400 subs | med 3,200 views | 0 uploads/90d | martial_arts (1.0) | sells=False
[174/255] https://www.youtube.com/@BudoBrothers
      Budo Brothers | Mid | 2,130,000 subs | med 7,700 views | 9 uploads/90d | martial_arts (1.0) | sells=False
[175/255] https://www.youtube.com/@elitedefenceacademyinterna6903
      Elite Defence Academy International | Low | 1,430 subs | med 810 views | 0 uploads/90d | martial_arts (0.73) | sells=False
[176/255] https://www.youtube.com/@JasonHansonSpyBriefing
      Jason Hanson | High | 866,000 subs | med 22,000 views | 30 uploads/90d | travel (1.0) | sells=True
[177/255] https://www.youtube.com/@LondonSelfDefenceAcademy
      London Self Defence Academy | Mid | 90,100 subs | med 9,200 views | 6 uploads/90d | martial_arts (0.83) | sells=False
[178/255] https://www.youtube.com/@LexFitness
      Lex Fitness | Mid | 1,210,000 subs | med 11,000 views | 6 uploads/90d | fitness (0.78) | sells=False
[179/255] https://www.youtube.com/@joannasohofficial
      Joanna Soh Official | Low | 3,110,000 subs | med 137,000 views | 0 uploads/90d | fitness (0.5) | sells=False
[180/255] https://www.youtube.com/@FightFast
      FightFast | Mid | 516,000 subs | med 48,000 views | 0 uploads/90d | food (0.83) | sells=False
[181/255] https://www.youtube.com/@Aikidoflow
      Aikidoflow | Mid | 293,000 subs | med 2,600 views | 6 uploads/90d | fitness (1.0) | sells=True
[182/255] https://www.youtube.com/@bobbieknott4643
      Bobbie Knott | Low | 550 subs | med 0 views | 0 uploads/90d | martial_arts (0.62) | sells=False
[183/255] https://www.youtube.com/@ekayy.8
      Ekayy Boxing | Mid | 424,000 subs | med 4,800 views | 0 uploads/90d | martial_arts (1.0) | sells=True
[184/255] https://www.youtube.com/@pasquinilli
      Matt Pasquinilli | High | 221,000 subs | med 4,050 views | 23 uploads/90d | martial_arts (1.0) | sells=True
[185/255] https://www.youtube.com/@ActiveSelfProtection
      Active Self Protection | High | 3,480,000 subs | med 166,000 views | 30 uploads/90d | outdoors (1.0) | sells=True
[186/255] https://www.youtube.com/@vladtv
      djvlad | Mid | 6,460,000 subs | med 0 views | 29 uploads/90d | no niche (0.0) | sells=False
[187/255] https://www.youtube.com/@kevinwisdom6283
      Kevin Wisdom | Low | 5,240 subs | med 283 views | 0 uploads/90d | food (0.33) | sells=False
[188/255] https://www.youtube.com/@VNDLJiuJitsu
      VNDL Jiu-Jitsu | Low | 26,500 subs | med 33,000 views | 0 uploads/90d | martial_arts (0.93) | sells=False
[189/255] https://www.youtube.com/@kimberlykinch
      Kimberly Kinch | Low | 13,200 subs | med 1,600 views | 0 uploads/90d | martial_arts (0.46) | sells=False
[190/255] https://www.youtube.com/@RyanJuliano
      Ryan Juliano | Low | 148,000 subs | med 27,000 views | 0 uploads/90d | martial_arts (0.87) | sells=False
[191/255] https://www.youtube.com/@swiggitystreams
      SwiggityMan Streams | Low | 2,580 subs | med 213 views | 2 uploads/90d | fitness (0.33) | sells=False
[192/255] https://www.youtube.com/@robrolls
      ROB ROLLS | Low | 1,820 subs | med 1,300 views | 0 uploads/90d | martial_arts (0.6) | sells=False
[193/255] https://www.youtube.com/@alexwendling
      Alexandra Wendling | Low | 67,300 subs | med 291 views | 3 uploads/90d | martial_arts (0.71) | sells=False
[194/255] https://www.youtube.com/@TomDrakeMedia
      Tom Drake Media | Low | 269 subs | med 12,000 views | 0 uploads/90d | lifestyle_vlog (1.0) | sells=False
[195/255] https://www.youtube.com/@paulhughesmma
      Paul Hughes | Low | 11,700 subs | med 6,100 views | 6 uploads/90d | lifestyle_vlog (0.4) | sells=False
[196/255] https://www.youtube.com/@davidbenavidez300
      Benavidez Family | Low | 15,100 subs | med 49,000 views | 0 uploads/90d | martial_arts (0.6) | sells=False
[197/255] https://www.youtube.com/@gabriellederamos
      Gabrielle de Ramos | Mid | 6,520 subs | med 4,600 views | 0 uploads/90d | lifestyle_vlog (0.77) | sells=False
[198/255] https://www.youtube.com/@PaddyTheBaddyUFC
      Paddy The Baddy | Mid | 1,430,000 subs | med 173,000 views | 10 uploads/90d | lifestyle_vlog (0.5) | sells=True
[199/255] https://www.youtube.com/@SugaSeanUFC
      Suga Sean O'Malley | Mid | 1,080,000 subs | med 205,000 views | 16 uploads/90d | martial_arts (0.6) | sells=False
[200/255] https://www.youtube.com/@nicocarrillokotn
      Nico Carrillo | Mid | 12,000 subs | med 5,200 views | 8 uploads/90d | martial_arts (0.71) | sells=False
[201/255] https://www.youtube.com/@UpwardKev
      Kevin Cruz | Low | 372 subs | med 156 views | 0 uploads/90d | fitness (0.38) | sells=False
[202/255] https://www.youtube.com/@shawnmelanson160
      shawn melanson | Mid | 9,220 subs | med 2,100 views | 7 uploads/90d | martial_arts (0.62) | sells=False
[203/255] https://www.youtube.com/@simplemanmartialarts
      Simple Man Martial Arts | High | 35,100 subs | med 13,000 views | 12 uploads/90d | lifestyle_vlog (0.67) | sells=True
[204/255] https://www.youtube.com/@EvolveNowYoga
      Evolve Now - Yoga for Athletes | Low | 6,620 subs | med 1,100 views | 3 uploads/90d | lifestyle_vlog (0.47) | sells=False
[205/255] https://www.youtube.com/@usdc.rokasleo
      USDC by Rokas Leo | Mid | 663,000 subs | med 330,000 views | 11 uploads/90d | martial_arts (0.75) | sells=False
[206/255] https://www.youtube.com/@JourneyMA-Cabot
      Journey Martial Arts | Low | 79 subs | med 38 views | 2 uploads/90d | no niche (0.0) | sells=False
[207/255] https://www.youtube.com/@ClaytonCJohnson
      Journey Martial Arts | Low | 135 subs | med 0 views | 0 uploads/90d | no niche (0.0) | sells=False
[208/255] https://www.youtube.com/@journey.martialarts
      Journey Martial Arts Academy | Low | 79 subs | med 449 views | 0 uploads/90d | martial_arts (1.0) | sells=False
[209/255] https://www.youtube.com/@JREClips
      JRE Clips | Low | 8,320,000 subs | med 173,000 views | 30 uploads/90d | outdoors (0.33) | sells=False
[210/255] https://www.youtube.com/@KARATEbyJesse
      Jesse Enkamp | Mid | 1,660,000 subs | med 2,100,000 views | 3 uploads/90d | martial_arts (1.0) | sells=True
[211/255] https://www.youtube.com/@ibjjf
      IBJJF (International Brazilian Jiu-Jitsu Federation) | Mid | 469,000 subs | med 0 views | 22 uploads/90d | no niche (0.0) | sells=False
[212/255] https://www.youtube.com/@ReventBuilds
      Revent Builds | Mid | 42,700 subs | med 8,400 views | 7 uploads/90d | fitness (1.0) | sells=False
[213/255] https://www.youtube.com/@Albajiujitsu
      Alba Jiu Jitsu | Low | 342 subs | med 869 views | 0 uploads/90d | martial_arts (0.83) | sells=False
[214/255] https://www.youtube.com/@ORIGINUSA
      ORIGIN USA | Mid | 170,000 subs | med 8,500 views | 8 uploads/90d | martial_arts (0.5) | sells=False
[215/255] https://www.youtube.com/@Krufessor_Rad
      Krufessor Rad | Mid | 34,700 subs | med 412 views | 12 uploads/90d | martial_arts (0.7) | sells=True
[216/255] https://www.youtube.com/@bobbyarmijobjj
      Bobby Armijo | Low | 739 subs | med 693 views | 0 uploads/90d | fitness (0.36) | sells=False
[217/255] https://www.youtube.com/@maxholloway
      Max Holloway | High | 444,000 subs | med 41,000 views | 13 uploads/90d | martial_arts (0.83) | sells=True
[218/255] https://www.youtube.com/@charlesallanprice
      Charles Allan Price | Mid | 46,400 subs | med 2,800 views | 5 uploads/90d | martial_arts (0.58) | sells=True
[219/255] https://www.youtube.com/@mikechandlermma
      Michael Chandler | Low | 107,000 subs | med 4,300 views | 0 uploads/90d | martial_arts (0.33) | sells=False
[220/255] https://www.youtube.com/@wildhuntconditioning
      Wild Hunt Conditioning - James Pieratt | Mid | 320,000 subs | med 53,000 views | 6 uploads/90d | fitness (0.5) | sells=True
[221/255] https://www.youtube.com/@BenWinney
      Ben Winney | Mid | 122,000 subs | med 33,000 views | 8 uploads/90d | fitness (0.83) | sells=True
[222/255] https://www.youtube.com/@PhilDaruStrong
      Phil Daru | Mid | 485,000 subs | med 12,000 views | 9 uploads/90d | fitness (1.0) | sells=True
[223/255] https://www.youtube.com/@rushfitworkout8425
      rushfit workout | Low | 7,390 subs | med 138,000 views | 0 uploads/90d | fitness (1.0) | sells=False
[224/255] https://www.youtube.com/@FunkRoberts
      Funk Roberts | Mid | 737,000 subs | med 2,000 views | 29 uploads/90d | fitness (0.75) | sells=False
[225/255] https://www.youtube.com/@BodyweightWarrior
      Tom Merrick | Mid | 1,160,000 subs | med 32,000 views | 5 uploads/90d | lifestyle_vlog (0.6) | sells=False
[226/255] https://www.youtube.com/@LuStrengthTherapy
      Lu Strength & Therapy | Mid | 32,000 subs | med 2,200 views | 0 uploads/90d | lifestyle_vlog (0.64) | sells=False
[227/255] https://www.youtube.com/@KierenLefevre
      Kieren Lefevre Jiujitsu | Mid | 29,400 subs | med 6,100 views | 0 uploads/90d | fitness (0.6) | sells=False
[228/255] https://www.youtube.com/@WorkoutsbyDavid
      WorkoutsbyDavid | Low | 73,800 subs | med 10,000 views | 1 uploads/90d | lifestyle_vlog (0.5) | sells=True
[229/255] https://www.youtube.com/@edrfitness
      EDR Fitness | Mid | 159,000 subs | med 20,500 views | 30 uploads/90d | fitness (0.5) | sells=False
[230/255] https://www.youtube.com/@LiamHarrisonTraining
      Liam Harrison | Mid | 143,000 subs | med 29,000 views | 6 uploads/90d | martial_arts (0.36) | sells=False
[231/255] https://www.youtube.com/@romanjiujitsu
      RomanJiuJitsu | Mid | 11,900 subs | med 4,800 views | 10 uploads/90d | fitness (0.53) | sells=False
[232/255] https://www.youtube.com/@livetrained
      Live Trained | Low | 12,800 subs | med 49 views | 24 uploads/90d | martial_arts (0.71) | sells=False
[233/255] https://www.youtube.com/@gabrieltoouli2539
      Gabriel Toouli | Low | 762 subs | med 301 views | 0 uploads/90d | fitness (0.78) | sells=False
[234/255] https://www.youtube.com/@TheCombatSportsNutritionist
      Liam - The Combat Sports Nutritionist | Low | 30 subs | med 28 views | 0 uploads/90d | nutrition (0.29) | sells=False
[235/255] https://www.youtube.com/@TheArena
      THE ARENA | Mid | 427,000 subs | med 29,500 views | 0 uploads/90d | martial_arts (0.75) | sells=False
[236/255] https://www.youtube.com/@Grapplers_Guide
      The Grapplers Guide by Jason Scully | Mid | 167,000 subs | med 5,900 views | 0 uploads/90d | martial_arts (1.0) | sells=False
[237/255] https://www.youtube.com/@trustranker
      TrustRanker | AI-Free Reviews & Rankings | Mid | 29,300 subs | med 409 views | 29 uploads/90d | tech (0.5) | sells=False
[238/255] https://www.youtube.com/@TrueLegacyStudio
      True Legacy Studio | Low | 1,890 subs | med 147 views | 1 uploads/90d | martial_arts (0.75) | sells=False
[239/255] https://www.youtube.com/@Elitesportsus
      Elite Sports | Mid | 1,330 subs | med 124 views | 0 uploads/90d | martial_arts (1.0) | sells=False
[240/255] https://www.youtube.com/@fujisportsus
      FUJI Sports | Mid | 10,500 subs | med 177 views | 1 uploads/90d | martial_arts (1.0) | sells=False
[241/255] https://www.youtube.com/@grapplersgraveyard
      Grapplers Graveyard | Mid | 808 subs | med 1,400 views | 5 uploads/90d | martial_arts (1.0) | sells=False
[242/255] https://www.youtube.com/@TheSalesWhispererWes
      The Sales Whisperer® | Mid | 2,040 subs | med 20 views | 9 uploads/90d | business (0.71) | sells=False
[243/255] https://www.youtube.com/@ElbowsTight
      Elbows Tight | Low | 3,660 subs | med 169 views | 0 uploads/90d | martial_arts (0.57) | sells=False
[244/255] https://www.youtube.com/@csquaredboxing
      csquaredboxing | Mid | 75,800 subs | med 1,300 views | 26 uploads/90d | martial_arts (0.93) | sells=False
[245/255] https://www.youtube.com/@fightingspirit93
      Fighting Spirit | Mid | 1,510 subs | med 9,300 views | 1 uploads/90d | martial_arts (0.85) | sells=False
[246/255] https://www.youtube.com/@ratethisgear
      RATETHISGEAR | Mid | 3,960 subs | med 3,000 views | 0 uploads/90d | martial_arts (0.77) | sells=False
[247/255] https://www.youtube.com/@MuayThaiMadness
      Muay Thai Madness | Low | 1,100 subs | med 308 views | 0 uploads/90d | martial_arts (0.5) | sells=False
[248/255] https://www.youtube.com/@Fit2Box
      Fit2Box | Mid | 30,700 subs | med 841 views | 12 uploads/90d | martial_arts (0.78) | sells=False
[249/255] https://www.youtube.com/@combat_corp
      Thee Combat Corporation | Low | 14,800 subs | med 952 views | 7 uploads/90d | martial_arts (0.83) | sells=False
[250/255] https://www.youtube.com/@BMFRanch
      Cowboy Cerrone | Low | 117,000 subs | med 9,600 views | 0 uploads/90d | martial_arts (0.5) | sells=True
[251/255] https://www.youtube.com/@hard2hurt
      hard2hurt | Mid | 640,000 subs | med 53,000 views | 0 uploads/90d | martial_arts (0.82) | sells=True
[252/255] https://www.youtube.com/@MMACoach79
      MMA Coach | Low | 45,900 subs | med 627 views | 0 uploads/90d | martial_arts (0.75) | sells=False
[253/255] https://www.youtube.com/@Mighty15x
      Mighty | Mid | 1,860,000 subs | med 189,000 views | 30 uploads/90d | martial_arts (0.43) | sells=True
[254/255] https://www.youtube.com/@rideoutmma
      Rideout MMA | Low | 4,260 subs | med 328 views | 0 uploads/90d | martial_arts (0.91) | sells=False
[255/255] https://www.youtube.com/@manipolean1952
      manipolean | Low | 73 subs | med 8,850 views | 0 uploads/90d | martial_arts (1.0) | sells=False

255 leads -> martial_leads.csv  {'High': 14, 'Mid': 145, 'Low': 96}
