Niche: 136 keywords from niche_broad.txt
   Instagram state file not found: instagram_storage_state.json - Instagram scraping disabled
Started chromium (headless)
Search filter: sp=CAI=

   Searching: bjj technique breakdown
      https://www.youtube.com/results?search_query=bjj+technique+breakdown&sp=CAI%3D
      Found 8 channels

   Searching: jiu jitsu for beginners
      https://www.youtube.com/results?search_query=jiu+jitsu+for+beginners&sp=CAI%3D
      Found 8 channels

   Searching: bjj white belt tips
      https://www.youtube.com/results?search_query=bjj+white+belt+tips&sp=CAI%3D
      Found 8 channels

   Searching: how to escape side control
      https://www.youtube.com/results?search_query=how+to+escape+side+control&sp=CAI%3D
      Found 8 channels

   Searching: bjj guard retention tutorial
      https://www.youtube.com/results?search_query=bjj+guard+retention+tutorial&sp=CAI%3D
      Found 8 channels

   Searching: no gi jiu jitsu technique
      https://www.youtube.com/results?search_query=no+gi+jiu+jitsu+technique&sp=CAI%3D
      Found 8 channels

   Searching: bjj leg lock tutorial
      https://www.youtube.com/results?search_query=bjj+leg+lock+tutorial&sp=CAI%3D
      Found 8 channels

   Searching: jiu jitsu instructional
      https://www.youtube.com/results?search_query=jiu+jitsu+instructional&sp=CAI%3D
      Found 8 channels

   Searching: how to roll bjj
      https://www.youtube.com/results?search_query=how+to+roll+bjj&sp=CAI%3D
      Found 8 channels

   Searching: bjj blue belt tips
      https://www.youtube.com/results?search_query=bjj+blue+belt+tips&sp=CAI%3D
      Found 8 channels

   Searching: bjj black belt advice
      https://www.youtube.com/results?search_query=bjj+black+belt+advice&sp=CAI%3D
      Found 8 channels

   Searching: how to start bjj
      https://www.youtube.com/results?search_query=how+to+start+bjj&sp=CAI%3D
      Found 8 channels

   Searching: muay thai technique
      https://www.youtube.com/results?search_query=muay+thai+technique&sp=CAI%3D
      Found 8 channels

   Searching: muay thai for beginners
      https://www.youtube.com/results?search_query=muay+thai+for+beginners&sp=CAI%3D
      Found 8 channels

   Searching: muay thai clinch tutorial
      https://www.youtube.com/results?search_query=muay+thai+clinch+tutorial&sp=CAI%3D
      Found 8 channels

   Searching: muay thai pad work
      https://www.youtube.com/results?search_query=muay+thai+pad+work&sp=CAI%3D
      Found 8 channels

   Searching: kickboxing combinations
      https://www.youtube.com/results?search_query=kickboxing+combinations&sp=CAI%3D
      Found 8 channels

   Searching: muay thai training at home
      https://www.youtube.com/results?search_query=muay+thai+training+at+home&sp=CAI%3D
      Found 8 channels

   Searching: boxing footwork drills
      https://www.youtube.com/results?search_query=boxing+footwork+drills&sp=CAI%3D
      Found 8 channels

   Searching: boxing training at home
      https://www.youtube.com/results?search_query=boxing+training+at+home&sp=CAI%3D
      Found 8 channels

   Searching: shadow boxing drills
      https://www.youtube.com/results?search_query=shadow+boxing+drills&sp=CAI%3D
      Found 8 channels

   Searching: boxing defence tutorial
      https://www.youtube.com/results?search_query=boxing+defence+tutorial&sp=CAI%3D
      Found 8 channels

   Searching: heavy bag workout
      https://www.youtube.com/results?search_query=heavy+bag+workout&sp=CAI%3D
      Found 8 channels

   Searching: boxing sparring breakdown
      https://www.youtube.com/results?search_query=boxing+sparring+breakdown&sp=CAI%3D
      Found 8 channels

   Searching: mma training routine
      https://www.youtube.com/results?search_query=mma+training+routine&sp=CAI%3D
      Found 8 channels

   Searching: mma striking breakdown
      https://www.youtube.com/results?search_query=mma+striking+breakdown&sp=CAI%3D
      Found 8 channels

   Searching: wrestling takedown tutorial
      https://www.youtube.com/results?search_query=wrestling+takedown+tutorial&sp=CAI%3D
      Found 8 channels

   Searching: wrestling for mma
      https://www.youtube.com/results?search_query=wrestling+for+mma&sp=CAI%3D
      Found 8 channels

   Searching: mma gym vlog
      https://www.youtube.com/results?search_query=mma+gym+vlog&sp=CAI%3D
      Found 8 channels

   Searching: karate kata tutorial
      https://www.youtube.com/results?search_query=karate+kata+tutorial&sp=CAI%3D
      Found 8 channels

   Searching: judo throws tutorial
      https://www.youtube.com/results?search_query=judo+throws+tutorial&sp=CAI%3D
      Found 8 channels

   Searching: taekwondo kicks tutorial
      https://www.youtube.com/results?search_query=taekwondo+kicks+tutorial&sp=CAI%3D
      Found 8 channels

   Searching: wing chun techniques
      https://www.youtube.com/results?search_query=wing+chun+techniques&sp=CAI%3D
      Found 8 channels

   Searching: krav maga techniques
      https://www.youtube.com/results?search_query=krav+maga+techniques&sp=CAI%3D
      Found 8 channels

   Searching: self defence techniques
      https://www.youtube.com/results?search_query=self+defence+techniques&sp=CAI%3D
      Found 8 channels

   Searching: self defense for beginners
      https://www.youtube.com/results?search_query=self+defense+for+beginners&sp=CAI%3D
      Found 8 channels

   Searching: street self defence breakdown
      https://www.youtube.com/results?search_query=street+self+defence+breakdown&sp=CAI%3D
      Found 8 channels

   Searching: bjj competition vlog
      https://www.youtube.com/results?search_query=bjj+competition+vlog&sp=CAI%3D
      Found 8 channels

   Searching: fight camp vlog
      https://www.youtube.com/results?search_query=fight+camp+vlog&sp=CAI%3D
      Found 8 channels

   Searching: bjj lifestyle vlog
      https://www.youtube.com/results?search_query=bjj+lifestyle+vlog&sp=CAI%3D
      Found 8 channels

   Searching: martial arts journey
      https://www.youtube.com/results?search_query=martial+arts+journey&sp=CAI%3D
      Found 8 channels

   Searching: bjj gym tour
      https://www.youtube.com/results?search_query=bjj+gym+tour&sp=CAI%3D
      Found 8 channels

   Searching: my first bjj competition
      https://www.youtube.com/results?search_query=my+first+bjj+competition&sp=CAI%3D
      Found 0 channels

   Searching: strength training for fighters
      https://www.youtube.com/results?search_query=strength+training+for+fighters&sp=CAI%3D
      Found 8 channels

   Searching: fighter conditioning workout
      https://www.youtube.com/results?search_query=fighter+conditioning+workout&sp=CAI%3D
      Found 8 channels

   Searching: bjj flexibility routine
      https://www.youtube.com/results?search_query=bjj+flexibility+routine&sp=CAI%3D
      Found 8 channels

   Searching: combat sports nutrition
      https://www.youtube.com/results?search_query=combat+sports+nutrition&sp=CAI%3D
      Found 8 channels

   Searching: grappling drills solo
      https://www.youtube.com/results?search_query=grappling+drills+solo&sp=CAI%3D
      Found 8 channels

   Searching: bjj gi review
      https://www.youtube.com/results?search_query=bjj+gi+review&sp=CAI%3D
      Found 8 channels

   Searching: boxing gloves review
      https://www.youtube.com/results?search_query=boxing+gloves+review&sp=CAI%3D
      Found 8 channels

   Searching: mma gear review
      https://www.youtube.com/results?search_query=mma+gear+review&sp=CAI%3D
      Found 8 channels

Discovered 263 unique channels across 51 terms
Limited to first 263 channels
Saved discovered channel list to discovered_martial.txt

Scraping 263 channels with 3 workers

   [w2] (1/263) https://www.youtube.com/@JordanTeachesJiujitsu
   [w1] (2/263) https://www.youtube.com/@JoelSnape1
   [w3] (3/263) https://www.youtube.com/@jiujitsubreakdowns
         Name: Jiu-Jitsu Breakdowns
         Subscribers: 30.4K subscribers (30400)
         Email listed: yes
         Type: unclear (United States)
         Name: Jordan Teaches Jiujitsu
         Subscribers: 321K subscribers (321000)
         Email listed: no
         Type: solo (Canada)
         Instagram: https://www.instagram.com/jordanteachesjiujitsu
         Name: Joel Snape
         Subscribers: 68.3K subscribers (68300)
         Email listed: yes
         Type: unclear
         Uploads: monthly, last 14d ago, 3 in 90d (sampled 30)
         No travel/holiday wording - off niche
   [w3] (4/263) https://www.youtube.com/@FloGrappling
         Uploads: biweekly, last 2d ago, 6 in 90d (sampled 30)
   [w2] (5/263) https://www.youtube.com/@RobHoughtonBJJ
         Uploads: monthly, last 2d ago, 3 in 90d (sampled 30)
   [w1] (6/263) https://www.youtube.com/@Gordonlovesjiujitsu
         Name: FloGrappling
         Subscribers: 736K subscribers (736000)
         Email listed: yes
         Type: solo (United States)
         Instagram: https://www.instagram.com/flograppling
         Name: Rob Houghton BJJ
         Subscribers: 11K subscribers (11000)
         Email listed: yes
         Type: solo
         Instagram: https://www.instagram.com/robhoughton.bjj/
         Name: Gordon Ryan
         Subscribers: 136K subscribers (136000)
         Email listed: no
         Type: solo
         Uploads: weekly, last 0d ago, 30 in 90d (sampled 30)
         Above range (736,000 > 500,000)
         Uploads: biweekly, last 21d ago, 7 in 90d (sampled 20)
         Below range (11,000 < 20,000)
   [w3] (7/263) https://www.youtube.com/@BJJ.Fanatics
   [w2] (8/263) https://www.youtube.com/@JoshRichBJJ
         Uploads: sporadic, last 0d ago, 1 in 90d (sampled 30)
         No travel/holiday wording - off niche
   [w1] (9/263) https://www.youtube.com/@Chewjitsu
         Name: BJJ Fanatics
         Subscribers: 1.03M subscribers (1030000)
         Email listed: yes
         Type: solo (United States)
         Instagram: https://www.instagram.com/bjj.fanatics/
         Name: JoshRichBJJ
         Subscribers: 108K subscribers (108000)
         Email listed: no
         Type: solo
         Instagram: https://www.instagram.com/joshrichiv/
         Name: Chewjitsu
         Subscribers: 394K subscribers (394000)
         Email listed: yes
         Type: solo (United States)
         Instagram: http://instagram.com/chewjitsu
         Uploads: weekly, last 1d ago, 30 in 90d (sampled 30)
         Above range (1,030,000 > 500,000)
         Uploads: dormant, last 335d ago, 0 in 90d (sampled 30)
   [w3] (10/263) https://www.youtube.com/@AbsoluteMMAStKilda
   [w2] (11/263) https://www.youtube.com/@gracieohio
         Uploads: weekly, last 0d ago, 30 in 90d (sampled 30)
   [w1] (12/263) https://www.youtube.com/@sarahhilliard
         Name: Absolute MMA St Kilda - Melbourne
         Subscribers: 118K subscribers (118000)
         Email listed: yes
         Type: solo (Australia)
         Instagram: https://www.instagram.com/lachlan_giles/
         Name: Gracie Ohio Jiu-Jitsu Academy
         Subscribers: 60K subscribers (60000)
         Email listed: yes
         Type: solo (United States)
         Instagram: http://instagram.com/gracieohio
         Name: Sarah Hilliard
         Subscribers: 23.2K subscribers (23200)
         Email listed: no
         Type: unclear
         Uploads: weekly, last 14d ago, 12 in 90d (sampled 30)
   [w3] (13/263) https://www.youtube.com/@MMALeech
         Uploads: inactive, last 122d ago, 0 in 90d (sampled 30)
         No travel/holiday wording - off niche
   [w2] (14/263) https://www.youtube.com/@fritzdagger
         Uploads: sporadic, last 21d ago, 1 in 90d (sampled 9)
         No travel/holiday wording - off niche
   [w1] (15/263) https://www.youtube.com/@GracieBreakdown
         Name: MMA Leech
         Subscribers: 70.3K subscribers (70300)
         Email listed: yes
         Type: solo (United States)
         Instagram: https://instagram.com/mmaleech
         Name: Keenan Cornelius
         Subscribers: 185K subscribers (185000)
         Email listed: yes
         Type: unclear (United States)
         Instagram: https://www.instagram.com/Jiu-jitsu Athlete | Creator of the worm guard |

 | KEENAN ONLINE head honcho www.keenanonline.com | 
 | LAPEL ENCYCLOPEDIA PUBLISHER www.lapelguard.com |


Made in the 808
For seminars, enquiries and more, email available below



➢ Facebook : http://www.facebook.com/KeenanCorneliusFans
➢ Instagram : http://www.instagram.com/keenancornelius (personal) | http://www.instagram.com/keenanonline (website)
➢ Twitter : https://www.twitter.com/keenancornelius
➢ Snapchat : @keenancornelius
➢ seminars@jiujitsux.com
     info@keenanonline.com
         Name: GracieBreakdown
         Subscribers: 950K subscribers (950000)
         Email listed: yes
         Type: solo (United States)
         Instagram: https://www.instagram.com/gracieuniversityhq/
         Uploads: sporadic, last 4d ago, 1 in 90d (sampled 30)
         Uploads: dormant, last 365d ago, 0 in 90d (sampled 30)
   [w3] (16/263) https://www.youtube.com/@willbrooksofficial
   [w2] (17/263) https://www.youtube.com/@BernardoFariaBJJ
         Uploads: biweekly, last 28d ago, 7 in 90d (sampled 30)
         Above range (950,000 > 500,000)
   [w1] (18/263) https://www.youtube.com/@jiujitsujunction
         Name: Will Brooks Official
         Subscribers: 69.7K subscribers (69700)
         Email listed: no
         Type: solo (United States)
         Instagram: https://www.instagram.com/willbrooksofficial
         Name: Bernardo Faria BJJ Fanatics
         Subscribers: 410K subscribers (410000)
         Email listed: no
         Type: solo
         Instagram: https://www.instagram.com/bernardofariabjj/
         Name: Jiu Jitsu Junction
         Subscribers: 6.16K subscribers (6160)
         Email listed: yes
         Type: unclear (United States)
         Instagram: https://www.instagram.com/jiujitsujunction/
         Uploads: weekly, last 4d ago, 13 in 90d (sampled 30)
   [w3] (19/263) https://www.youtube.com/@joshuasettlage
         Uploads: weekly, last 1d ago, 30 in 90d (sampled 30)
   [w2] (20/263) https://www.youtube.com/@alphadogg5682
         Uploads: dormant, last 730d ago, 0 in 90d (sampled 30)
         Below range (6,160 < 20,000)
   [w1] (21/263) https://www.youtube.com/@HPUcoaching
         Name: Joshua Settlage
         Subscribers: 43.6K subscribers (43600)
         Email listed: yes
         Type: solo (United States)
         Instagram: https://www.instagram.com/joshuasettlage
         Name: Alpha Dogg
         Subscribers: 278 subscribers (278)
         Email listed: no
         Type: unclear
         Name: Josh Saunders
         Subscribers: 81.3K subscribers (81300)
         Email listed: no
         Type: unclear (Australia)
         Uploads: biweekly, last 61d ago, 7 in 90d (sampled 30)
         Uploads: no dated videos found
         Below range (278 < 20,000)
   [w3] (22/263) https://www.youtube.com/@MattArroyoMMA
   [w2] (23/263) https://www.youtube.com/@KnightJiuJitsu
         Uploads: monthly, last 5d ago, 4 in 90d (sampled 30)
   [w1] (24/263) https://www.youtube.com/@MMAShredded
         Name: Matt Arroyo Jiu Jitsu
         Subscribers: 344K subscribers (344000)
         Email listed: yes
         Type: solo (United States)
         Name: Knight Jiu-Jitsu
         Subscribers: 380K subscribers (380000)
         Email listed: yes
         Type: solo (United States)
         Instagram: https://www.instagram.com/knight_jiu_jitsu_/?hl=en
         Name: Jeff Chan MMAShredded
         Subscribers: 827K subscribers (827000)
         Email listed: yes
         Type: solo (Canada)
         Instagram: https://www.instagram.com/mmashredded/
         Uploads: inactive, last 91d ago, 0 in 90d (sampled 30)
         Skool: https://www.skool.com/mattarroyojiujitsu/about
         Uploads: monthly, last 9d ago, 4 in 90d (sampled 30)
   [w2] (25/263) https://www.youtube.com/@Heather_MorganBJJ
         Skool community: Matt Arroyo Jiu Jitsu - 563 members
         Uploads: weekly, last 13d ago, 13 in 90d (sampled 30)
         Above range (827,000 > 500,000)
   [w3] (26/263) https://www.youtube.com/@JonThomasBJJ
   [w1] (27/263) https://www.youtube.com/@bzglick
         Name: Heather Morgan
         Subscribers: 14.2K subscribers (14200)
         Email listed: no
         Type: unclear
         Name: JonThomasBJJ
         Subscribers: 146K subscribers (146000)
         Email listed: no
         Type: solo (Sweden)
         Instagram: https://www.instagram.com/jonthomasbjj/
         Name: Brian Glick
         Subscribers: 47.4K subscribers (47400)
         Email listed: yes
         Type: business (United States)
         Instagram: http://www.instagram.com/bzglick
         Uploads: biweekly, last 10d ago, 6 in 90d (sampled 30)
         Below range (14,200 < 20,000)
   [w2] (28/263) https://www.youtube.com/@Blackbeltrandy
         Uploads: weekly, last 3d ago, 10 in 90d (sampled 30)
         Uploads: biweekly, last 9d ago, 6 in 90d (sampled 30)
   [w1] (29/263) https://www.youtube.com/@jasonsaggo
   [w3] (30/263) https://www.youtube.com/@BJJHacksTV
         Name: Black Belt Randy
         Subscribers: 20.8K subscribers (20800)
         Email listed: no
         Type: unclear
         Name: Teaching you MMA & BJJ
         Subscribers: 26K subscribers (26000)
         Email listed: yes
         Type: solo (Canada)
         Instagram: https://www.instagram.com/jasonsaggo/
         Name: BJJ Hacks TV
         Subscribers: 117K subscribers (117000)
         Email listed: yes
         Type: solo (United Kingdom)
         Instagram: http://www.instagram.com/bjjhacks
         Uploads: dormant, last 365d ago, 0 in 90d (sampled 1)
   [w2] (31/263) https://www.youtube.com/@BTeamJiuJitsu
         Uploads: monthly, last 9d ago, 4 in 90d (sampled 30)
   [w1] (32/263) https://www.youtube.com/@brandonmcninja
         Uploads: dormant, last 335d ago, 0 in 90d (sampled 30)
         Name: The B-Team
         Subscribers: 492K subscribers (492000)
         Email listed: no
         Type: solo (United States)
         Instagram: https://www.instagram.com/bteamjj/
   [w3] (33/263) https://www.youtube.com/@the.BJJproject
         Name: Brandon Mccaghren
         Subscribers: 243K subscribers (243000)
         Email listed: yes
         Type: solo (United States)
         Instagram: https://www.instagram.com/brandonmc.ninja/?hl=en
         Name: The BJJ Project
         Subscribers: 40.7K subscribers (40700)
         Email listed: yes
         Type: solo
         Instagram: https://www.instagram.com/the.bjjproject/
         Uploads: biweekly, last 14d ago, 8 in 90d (sampled 30)
   [w2] (34/263) https://www.youtube.com/@presleybjj
         Uploads: dormant, last 244d ago, 0 in 90d (sampled 20)
   [w1] (35/263) https://www.youtube.com/@joeyb10p
         Uploads: biweekly, last 6d ago, 7 in 90d (sampled 30)
   [w3] (36/263) https://www.youtube.com/@DynamixMMA
         Name: Josh Presley
         Subscribers: 12K subscribers (12000)
         Email listed: yes
         Type: solo (Canada)
         Instagram: https://www.instagram.com/presleybjj/
         Name: Joey Balistreri - BJJ Coach
         Subscribers: 222 subscribers (222)
         Email listed: no
         Type: solo
         Instagram: https://www.instagram.com/joeyb10p
         Name: Dynamix MMA
         Subscribers: 2.76K subscribers (2760)
         Email listed: yes
         Type: solo
         Instagram: https://www.instagram.com/dynamixmma/
         Uploads: inactive, last 122d ago, 0 in 90d (sampled 30)
         Below range (12,000 < 20,000)
   [w2] (37/263) https://www.youtube.com/@NexusAJJ
         Uploads: no dated videos found
         Below range (222 < 20,000)
   [w1] (38/263) https://www.youtube.com/@RVVBJJ
         Uploads: monthly, last 30d ago, 2 in 90d (sampled 23)
         Below range (2,760 < 20,000)
   [w3] (39/263) https://www.youtube.com/@GoldBJJ
         Name: Nexus American Jiu Jitsu
         Subscribers: 2.01K subscribers (2009)
         Email listed: no
         Type: solo
         Name: RVV BJJ
         Subscribers: 33.4K subscribers (33400)
         Email listed: yes
         Type: solo (Canada)
         Instagram: https://www.instagram.com/rvvbjj/
         Name: Gold BJJ
         Subscribers: 29.2K subscribers (29200)
         Email listed: yes
         Type: solo (United States)
         Instagram: https://www.instagram.com/goldbjj
         Uploads: dormant, last 183d ago, 0 in 90d (sampled 30)
         Below range (2,009 < 20,000)
   [w2] (40/263) https://www.youtube.com/@tsunamibjj3574
         Uploads: weekly, last 21d ago, 30 in 90d (sampled 30)
   [w1] (41/263) https://www.youtube.com/@bangtaomuaythaimma
         Uploads: sporadic, last 61d ago, 1 in 90d (sampled 30)
   [w3] (42/263) https://www.youtube.com/@Doubleblackjiujitsu
         Name: Tsunami BJJ
         Subscribers: 697 subscribers (697)
         Email listed: yes
         Type: unclear (United States)
         Name: Bangtao Muay Thai & MMA
         Subscribers: 86.9K subscribers (86900)
         Email listed: yes
         Type: unclear (Thailand)
         Instagram: https://www.instagram.com/bangtaomuaythaimma/
         Name: Double Black Jiu Jitsu
         Subscribers: 580 subscribers (580)
         Email listed: no
         Type: unclear
         Uploads: dormant, last 730d ago, 0 in 90d (sampled 30)
         Below range (697 < 20,000)
   [w2] (43/263) https://www.youtube.com/@RitchieYip
         Uploads: weekly, last 1d ago, 30 in 90d (sampled 30)
         Uploads: dormant, last 365d ago, 0 in 90d (sampled 30)
         Below range (580 < 20,000)
   [w1] (44/263) https://www.youtube.com/@bjjrealtor
   [w3] (45/263) https://www.youtube.com/@giancarlobodonibjj
         Name: Ritchie Yip
         Subscribers: 26.9K subscribers (26900)
         Email listed: no
         Type: unclear (Canada)
         Name: BJJ Realtor
         Subscribers: 912 subscribers (912)
         Email listed: yes
         Type: solo (United States)
         Instagram: https://www.instagram.com/bjjrealtor
         Name: Giancarlo Bodoni
         Subscribers: 36.7K subscribers (36700)
         Email listed: no
         Type: solo
         Uploads: dormant, last 730d ago, 0 in 90d (sampled 30)
   [w2] (46/263) https://www.youtube.com/@ChasenHill
         Uploads: dormant, last 1096d ago, 0 in 90d (sampled 30)
         Below range (912 < 20,000)
         Uploads: dormant, last 365d ago, 0 in 90d (sampled 30)
   [w1] (47/263) https://www.youtube.com/@TylerSpangler
   [w3] (48/263) https://www.youtube.com/@JockoPodcastOfficial
         Name: Chasen Hill
         Subscribers: 11.7K subscribers (11700)
         Email listed: yes
         Type: solo (United States)
         Instagram: https://www.instagram.com/chasenhill/
         Name: Tyler Spangler
         Subscribers: 128K subscribers (128000)
         Email listed: yes
         Type: solo (United States)
         Instagram: https://www.instagram.com/spanglertyler/
         Name: Jocko Podcast
         Subscribers: 1.98M subscribers (1980000)
         Email listed: yes
         Type: unclear (United States)
         Uploads: monthly, last 3d ago, 4 in 90d (sampled 30)
         Below range (11,700 < 20,000)
   [w2] (49/263) https://www.youtube.com/@StephanKesting
         Uploads: weekly, last 1d ago, 30 in 90d (sampled 30)
         Above range (1,980,000 > 500,000)
         Uploads: sporadic, last 13d ago, 1 in 90d (sampled 30)
   [w3] (50/263) https://www.youtube.com/@CoachZahabi
   [w1] (51/263) https://www.youtube.com/@KamaJiuJitsu
         Name: Stephan Kesting
         Subscribers: 341K subscribers (341000)
         Email listed: no
         Type: solo
         Instagram: https://www.instagram.com/stephan_kesting
         Name: Tristar Gym
         Subscribers: 331K subscribers (331000)
         Email listed: yes
         Type: unclear (Canada)
         Name: Kama Jiu-Jitsu
         Subscribers: 43.2K subscribers (43200)
         Email listed: yes
         Type: solo (United States)
         Uploads: sporadic, last 13d ago, 1 in 90d (sampled 30)
   [w2] (52/263) https://www.youtube.com/@berimbozo
         Uploads: biweekly, last 3d ago, 8 in 90d (sampled 30)
         Uploads: biweekly, last 30d ago, 5 in 90d (sampled 30)
   [w3] (53/263) https://www.youtube.com/@MorePlatesMoreDates
   [w1] (54/263) https://www.youtube.com/@GrapplingArchive
         Name: bea
         Subscribers: 9.97K subscribers (9970)
         Email listed: yes
         Type: solo (United States)
         Instagram: https://www.instagram.com/berimbozo/
         Name: More Plates More Dates
         Subscribers: 2.05M subscribers (2049999)
         Email listed: yes
         Type: solo
         Instagram: https://www.instagram.com/moreplatesmoredates/
         Name: Grappling Archive
         Subscribers: 41.4K subscribers (41400)
         Email listed: yes
         Type: solo (United States)
         Uploads: biweekly, last 0d ago, 8 in 90d (sampled 30)
         Below range (9,970 < 20,000)
   [w2] (55/263) https://www.youtube.com/@LexClips
         Uploads: dormant, last 244d ago, 0 in 90d (sampled 30)
         Above range (2,049,999 > 500,000)
   [w3] (56/263) https://www.youtube.com/@JamesSmithPT
         Uploads: weekly, last 0d ago, 30 in 90d (sampled 30)
   [w1] (57/263) https://www.youtube.com/@BrandonWilliamyt
         Name: Lex Clips
         Subscribers: 1.64M subscribers (1640000)
         Email listed: no
         Type: unclear (United States)
         Name: James Smith
         Subscribers: 470K subscribers (470000)
         Email listed: no
         Type: unclear
         Name: Brandon William
         Subscribers: 2.58M subscribers (2580000)
         Email listed: yes
         Type: solo (United States)
         Instagram: https://instagram.com/bwvine/
         Uploads: weekly, last 14d ago, 30 in 90d (sampled 30)
         Above range (1,640,000 > 500,000)
   [w2] (58/263) https://www.youtube.com/@ChrisMatakas
         Uploads: monthly, last 3d ago, 3 in 90d (sampled 30)
         Uploads: monthly, last 0d ago, 2 in 90d (sampled 30)
         Above range (2,580,000 > 500,000)
   [w3] (59/263) https://www.youtube.com/@muaythaitechnician
   [w1] (60/263) https://www.youtube.com/@tigermuaythai
         Name: Chris Matakas
         Subscribers: 4.46K subscribers (4460)
         Email listed: yes
         Type: unclear (United States)
         Name: Paul Banasiak @MuayThaiTechnician
         Subscribers: 43.3K subscribers (43300)
         Email listed: yes
         Type: solo (United States)
         Instagram: https://www.instagram.com/muaythaitechnician
         Name: Tiger Muay Thai and MMA Training Camp, Phuket, Thailand
         Subscribers: 451K subscribers (451000)
         Email listed: yes
         Type: business
         Instagram: https://instagram.com/tigermuaythai
         Uploads: dormant, last 730d ago, 0 in 90d (sampled 30)
         Below range (4,460 < 20,000)
   [w2] (61/263) https://www.youtube.com/@prostriking
         Uploads: inactive, last 122d ago, 0 in 90d (sampled 30)
   [w3] (62/263) https://www.youtube.com/@AKAThailandGym
         Uploads: biweekly, last 30d ago, 6 in 90d (sampled 30)
         Name: Pro Striking
         Subscribers: 86.6K subscribers (86600)
         Email listed: yes
         Type: solo (United Kingdom)
         Instagram: https://www.instagram.com/prostriking
   [w1] (63/263) https://www.youtube.com/@fighttips
         Name: AKA Thailand
         Subscribers: 35.5K subscribers (35500)
         Email listed: yes
         Type: business (Thailand)
         Instagram: http://www.Instagram.com/AKAThailand
         Uploads: weekly, last 0d ago, 30 in 90d (sampled 30)
         Name: fightTIPS
         Subscribers: 3.43M subscribers (3430000)
         Email listed: yes
         Type: solo (United States)
         Instagram: https://www.instagram.com/oldheadcomic
   [w2] (64/263) https://www.youtube.com/@PentagonMMA
         Uploads: weekly, last 0d ago, 18 in 90d (sampled 30)
   [w3] (65/263) https://www.youtube.com/@deusAXEmachina
         Uploads: weekly, last 7d ago, 20 in 90d (sampled 30)
         Above range (3,430,000 > 500,000)
         Name: Vivek Nakarmi - Pentagon MMA
         Subscribers: 175K subscribers (175000)
         Email listed: yes
         Type: solo (United States)
         Instagram: http://instagram.com/viveknakarmi
   [w1] (66/263) https://www.youtube.com/@teepmuaythai
         Name: deusAXEmachina
         Subscribers: 102K subscribers (102000)
         Email listed: no
         Type: solo
         Uploads: inactive, last 122d ago, 0 in 90d (sampled 30)
         Name: Teep Muay Thai
         Subscribers: 13.3K subscribers (13300)
         Email listed: yes
         Type: unclear (Australia)
   [w2] (67/263) https://www.youtube.com/@CombatCultureUSA
         Uploads: dormant, last 5844d ago, 0 in 90d (sampled 10)
   [w3] (68/263) https://www.youtube.com/@MartialSpirit
         Uploads: biweekly, last 2d ago, 5 in 90d (sampled 30)
         Below range (13,300 < 20,000)
         Name: Combat Culture
         Subscribers: 47.5K subscribers (47500)
         Email listed: no
         Type: solo (United States)
         Instagram: https://www.instagram.com/combatcultureusa
   [w1] (69/263) https://www.youtube.com/@seanfagan
         Name: Martial Spirit: Martial Arts & Fitness
         Subscribers: 85.3K subscribers (85300)
         Email listed: yes
         Type: solo (Australia)
         Instagram: https://www.instagram.com/martial_spirit/
         Uploads: biweekly, last 4d ago, 7 in 90d (sampled 30)
   [w2] (70/263) https://www.youtube.com/@8TribeMuayThai
         Name: Sean "Muay Thai Guy" Fagan
         Subscribers: 454K subscribers (454000)
         Email listed: yes
         Type: solo (United States)
         Instagram: http://instagram.com/themuaythaiguy
         Uploads: dormant, last 1826d ago, 0 in 90d (sampled 30)
   [w3] (71/263) https://www.youtube.com/@SpringSia_HeartMuaythai
         Name: 8Tribe Muay Thai
         Subscribers: 15.9K subscribers (15900)
         Email listed: yes
         Type: solo (United States)
         Instagram: https://www.instagram.com/8tribemuaythai/
         Uploads: dormant, last 183d ago, 0 in 90d (sampled 30)
   [w1] (72/263) https://www.youtube.com/@FairtexTrainingCenter
         Name: Spring Sia
         Subscribers: 30.6K subscribers (30600)
         Email listed: yes
         Type: solo (Australia)
         Instagram: https://www.instagram.com/heartmuaythai/
         Uploads: biweekly, last 7d ago, 5 in 90d (sampled 30)
         Below range (15,900 < 20,000)
         Uploads: dormant, last 365d ago, 0 in 90d (sampled 30)
   [w2] (73/263) https://www.youtube.com/@thenightmarekb
         Name: Fairtex Training Center
         Subscribers: 28.8K subscribers (28800)
         Email listed: yes
         Type: unclear (Thailand)
         Instagram: https://www.instagram.com/fairtexthai..
   [w3] (74/263) https://www.youtube.com/@topmuaythaigear
         Name: Jacob Rodriguez
         Subscribers: 140K subscribers (140000)
         Email listed: no
         Type: unclear (United States)
         Uploads: dormant, last 213d ago, 0 in 90d (sampled 30)
         Name: Top Muay Thai Gear
         Subscribers: 56.5K subscribers (56500)
         Email listed: yes
         Type: solo (Thailand)
         Instagram: https://www.instagram.com/topmuaythaigear/
   [w1] (75/263) https://www.youtube.com/@utcultimate
         Uploads: dormant, last 730d ago, 0 in 90d (sampled 3)
         Uploads: monthly, last 9d ago, 2 in 90d (sampled 30)
         No travel/holiday wording - off niche
   [w3] (76/263) https://www.youtube.com/@warriorcollective
   [w2] (77/263) https://www.youtube.com/@SiamBoxing
         Name: Lollo Fight Channel
         Subscribers: 11.3K subscribers (11300)
         Email listed: yes
         Type: unclear (Italy)
         Name: Siam Boxing
         Subscribers: 217K subscribers (217000)
         Email listed: yes
         Type: solo (United Kingdom)
         Instagram: https://www.instagram.com/siamboxing
         Uploads: dormant, last 365d ago, 0 in 90d (sampled 29)
         Below range (11,300 < 20,000)
         Name: Stuart Tomlinson
         Subscribers: 750K subscribers (750000)
         Email listed: yes
         Type: solo (United Kingdom)
         Instagram: https://www.instagram.com/warriorcollective/
   [w1] (78/263) https://www.youtube.com/@ExperienceMMA
         Uploads: weekly, last 14d ago, 13 in 90d (sampled 30)
         Uploads: weekly, last 3d ago, 10 in 90d (sampled 30)
         Above range (750,000 > 500,000)
   [w2] (79/263) https://www.youtube.com/@PrecisionBoxing
   [w3] (80/263) https://www.youtube.com/@LiamHarrisonTraining
         Name: Danny Fung
         Subscribers: 33K subscribers (33000)
         Email listed: yes
         Type: solo (Canada)
         Instagram: https://www.instagram.com/krudanny
         Name: Precision Striking
         Subscribers: 1.45M subscribers (1450000)
         Email listed: no
         Type: unclear (Canada)
         Name: Liam Harrison
         Subscribers: 143K subscribers (143000)
         Email listed: yes
         Type: solo (United Kingdom)
         Instagram: https://instagram.com/liambadco/
         Uploads: weekly, last 1d ago, 15 in 90d (sampled 30)
         Uploads: biweekly, last 8d ago, 8 in 90d (sampled 30)
         Above range (1,450,000 > 500,000)
   [w1] (81/263) https://www.youtube.com/@FightCamp
   [w2] (82/263) https://www.youtube.com/@GabrielVargaOfficial
         Uploads: biweekly, last 3d ago, 6 in 90d (sampled 30)
   [w3] (83/263) https://www.youtube.com/@The_CombatAcademy
         Name: Gabriel Varga
         Subscribers: 389K subscribers (389000)
         Email listed: yes
         Type: solo (Canada)
         Instagram: https://www.instagram.com/gabrielvargaofficial
         Name: FightCamp
         Subscribers: 614K subscribers (614000)
         Email listed: yes
         Type: solo (United States)
         Instagram: https://www.instagram.com/fightcamp/
         Name: The Combat Academy
         Subscribers: 6.41K subscribers (6410)
         Email listed: no
         Type: unclear (United Kingdom)
         Uploads: weekly, last 0d ago, 30 in 90d (sampled 30)
   [w2] (84/263) https://www.youtube.com/@MOABSelfDefense
         Uploads: monthly, last 11d ago, 3 in 90d (sampled 30)
         Above range (614,000 > 500,000)
         Uploads: monthly, last 61d ago, 4 in 90d (sampled 30)
         Below range (6,410 < 20,000)
   [w1] (85/263) https://www.youtube.com/@kidk007
   [w3] (86/263) https://www.youtube.com/@TeamMayhemMMA
         Name: Coach Tim / Self defense
         Subscribers: 155K subscribers (155000)
         Email listed: yes
         Type: unclear (United States)
         Name: kidk007
         Subscribers: 21 subscribers (21)
         Email listed: no
         Type: unclear
         Name: Team Mayhem MMA
         Subscribers: 6.63K subscribers (6630)
         Email listed: no
         Type: unclear (United Kingdom)
         Uploads: dormant, last 730d ago, 0 in 90d (sampled 30)
         Uploads: dormant, last 365d ago, 0 in 90d (sampled 30)
         Below range (21 < 20,000)
   [w2] (87/263) https://www.youtube.com/@etobicokemartialarts-10thp20
   [w1] (88/263) https://www.youtube.com/@Fighter_Ryan
         Uploads: weekly, last 5d ago, 13 in 90d (sampled 30)
         Below range (6,630 < 20,000)
   [w3] (89/263) https://www.youtube.com/@JoslinsMMA
         Name: Etobicoke Martial Arts - 10th Planet Etobicoke
         Subscribers: 32.1K subscribers (32100)
         Email listed: no
         Type: solo (Canada)
         Instagram: https://www.instagram.com/etobicokemartialarts
         Name: Fighter_Ryan
         Subscribers: 58.2K subscribers (58200)
         Email listed: yes
         Type: solo (Canada)
         Name: Joslin's MMA
         Subscribers: 22.9K subscribers (22900)
         Email listed: yes
         Type: unclear (Anguilla)
         Uploads: dormant, last 730d ago, 0 in 90d (sampled 30)
         Uploads: sporadic, last 21d ago, 1 in 90d (sampled 30)
   [w2] (90/263) https://www.youtube.com/@GlobalMartialArtsUniversity
   [w1] (91/263) https://www.youtube.com/@ONEChampionship
         Uploads: dormant, last 730d ago, 0 in 90d (sampled 30)
   [w3] (92/263) https://www.youtube.com/@Tony_Jeffries
         Name: Global Martial Arts University
         Subscribers: 383K subscribers (383000)
         Email listed: no
         Type: unclear (United States)
         Name: ONE Championship
         Subscribers: 13.3M subscribers (13300000)
         Email listed: no
         Type: solo (United States)
         Instagram: https://www.instagram.com/onechampionship
         Uploads: biweekly, last 2d ago, 6 in 90d (sampled 30)
         Uploads: weekly, last 0d ago, 30 in 90d (sampled 30)
         Above range (13,300,000 > 500,000)
   [w2] (93/263) https://www.youtube.com/@Olympics
         Name: Tony Jeffries
         Subscribers: 3.14M subscribers (3140000)
         Email listed: yes
         Type: solo (United States)
         Instagram: https://www.instagram.com/Tony_Jeffries/
   [w1] (94/263) https://www.youtube.com/@hitfit_training
         Name: Olympic Games
         Subscribers: 16.7M subscribers (16700000)
         Email listed: no
         Type: unclear
         Name: Hitfit
         Subscribers: 71.9K subscribers (71900)
         Email listed: yes
         Type: solo (Australia)
         Instagram: https://www.instagram.com/hitfit_australia
         Uploads: weekly, last 0d ago, 30 in 90d (sampled 30)
         Above range (3,140,000 > 500,000)
   [w3] (95/263) https://www.youtube.com/@fighthub
         Uploads: sporadic, last 30d ago, 1 in 90d (sampled 30)
         Uploads: weekly, last 1d ago, 30 in 90d (sampled 30)
         Above range (16,700,000 > 500,000)
   [w1] (96/263) https://www.youtube.com/@CoachAnthonyBoxing
   [w2] (97/263) https://www.youtube.com/@DTBXING
         Name: Fight Hub TV
         Subscribers: 2.21M subscribers (2210000)
         Email listed: yes
         Type: solo (United States)
         Instagram: http://instagram.com/fighthubtv
         Name: Coach Anthony
         Subscribers: 325K subscribers (325000)
         Email listed: yes
         Type: solo (United States)
         Instagram: https://instagram.com/coachanthony?igshid=YmMyMTA2M2Y=
         Name: DTBXING
         Subscribers: 64.3K subscribers (64300)
         Email listed: no
         Type: unclear
         Uploads: weekly, last 0d ago, 30 in 90d (sampled 30)
         Above range (2,210,000 > 500,000)
   [w3] (98/263) https://www.youtube.com/@AtikoAcademy
         Uploads: dormant, last 304d ago, 0 in 90d (sampled 30)
   [w1] (99/263) https://www.youtube.com/@boxinghomeworkouts
         Name: Atiko Academy
         Subscribers: 8.39K subscribers (8390)
         Email listed: no
         Type: solo (United Kingdom)
         Instagram: https://www.instagram.com/atikoacademy_/
         Uploads: monthly, last 61d ago, 2 in 90d (sampled 13)
   [w2] (100/263) https://www.youtube.com/@ElYuyuBoxing
         Uploads: monthly, last 7d ago, 2 in 90d (sampled 14)
         Skool: https://www.skool.com/atiko-academy-1778/about
         Skool community: Atiko Academy - 594 members
         Below range (8,390 < 20,000)
         Name: El Yuyu
         Subscribers: 52.2K subscribers (52200)
         Email listed: yes
         Type: solo (United States)
         Instagram: https://www.instagram.com/georgeacosta562/?hl=en
   [w3] (101/263) https://www.youtube.com/@rickbhullarfitness
         Name: Boxing Home Workouts
         Subscribers: 65.4K subscribers (65400)
         Email listed: yes
         Type: solo (Canada)
         Uploads: dormant, last 1461d ago, 0 in 90d (sampled 30)
         Name: Get Fit With Rick
         Subscribers: 1.03M subscribers (1030000)
         Email listed: yes
         Type: solo (United Arab Emirates)
         Instagram: https://www.instagram.com/rickbhullarfitness/
   [w1] (102/263) https://www.youtube.com/@TheQuietAlpha06
         Uploads: dormant, last 183d ago, 0 in 90d (sampled 30)
   [w2] (103/263) https://www.youtube.com/@Wellandgood
         Uploads: biweekly, last 2d ago, 7 in 90d (sampled 30)
         Above range (1,030,000 > 500,000)
         Name: The Quiet Alpha
         Subscribers: 20.5K subscribers (20500)
         Email listed: no
         Type: unclear (United States)
   [w3] (104/263) https://www.youtube.com/@natebowerfitness
         Name: Well+Good
         Subscribers: 764K subscribers (764000)
         Email listed: yes
         Type: solo (United States)
         Instagram: https://www.instagram.com/iamwellandgood/
         Uploads: monthly, last 28d ago, 3 in 90d (sampled 30)
   [w1] (105/263) https://www.youtube.com/@SylviaNasser
         Name: NateBowerFitness
         Subscribers: 459K subscribers (459000)
         Email listed: yes
         Type: solo (Canada)
         Instagram: https://www.instagram.com/natebowerfitness/
         Uploads: dormant, last 365d ago, 0 in 90d (sampled 30)
         Above range (764,000 > 500,000)
   [w2] (106/263) https://www.youtube.com/@BoxingLife
         Name: Sylvia Nasser
         Subscribers: 17.1K subscribers (17100)
         Email listed: yes
         Type: solo (United States)
         Instagram: https://www.instagram.com/thesylvianasser/
         Name: Boxing Life
         Subscribers: 196K subscribers (196000)
         Email listed: yes
         Type: solo (United Kingdom)
         Instagram: https://www.instagram.com/boxinglifeig
         Uploads: weekly, last 5d ago, 10 in 90d (sampled 30)
   [w3] (107/263) https://www.youtube.com/@FightHealthTV
         Uploads: biweekly, last 4d ago, 5 in 90d (sampled 30)
         Below range (17,100 < 20,000)
   [w1] (108/263) https://www.youtube.com/@skillrboxing
         Uploads: weekly, last 2d ago, 17 in 90d (sampled 30)
         Name: Fight Health TV
         Subscribers: 58.7K subscribers (58700)
         Email listed: yes
         Type: solo
   [w2] (109/263) https://www.youtube.com/@Fookcanbox
         Name: Skillr Boxing
         Subscribers: 344K subscribers (344000)
         Email listed: yes
         Type: unclear (Spain)
         Name: Jab Force Fitness
         Subscribers: 18.3K subscribers (18300)
         Email listed: yes
         Type: solo (Australia)
         Instagram: https://www.instagram.com/fookcantbox/
         Uploads: inactive, last 152d ago, 0 in 90d (sampled 30)
         No travel/holiday wording - off niche
   [w3] (110/263) https://www.youtube.com/@oracle_boxing
         Uploads: weekly, last 4d ago, 13 in 90d (sampled 30)
   [w1] (111/263) https://www.youtube.com/@GosiaCanoFitness
         Name: Oliver Betts Boxing
         Subscribers: 323K subscribers (323000)
         Email listed: yes
         Type: unclear (United Kingdom)
         Uploads: dormant, last 1096d ago, 0 in 90d (sampled 3)
         Below range (18,300 < 20,000)
         Name: Get Fit with Gosia
         Subscribers: 16.7K subscribers (16700)
         Email listed: yes
         Type: solo (Malaysia)
         Instagram: https://www.instagram.com/get_fit_with_gosia/
   [w2] (112/263) https://www.youtube.com/@regalrobertboxing
         Name: Regal Boxing
         Subscribers: 30.1K subscribers (30100)
         Email listed: yes
         Type: solo (United Kingdom)
         Instagram: https://www.instagram.com/regalboxinggym
         Uploads: dormant, last 213d ago, 0 in 90d (sampled 30)
         Below range (16,700 < 20,000)
   [w1] (113/263) https://www.youtube.com/@OfficialParallel8
         Uploads: biweekly, last 61d ago, 5 in 90d (sampled 30)
   [w3] (114/263) https://www.youtube.com/@delcardo_boxing
         Name: Parallel 8 Productions
         Subscribers: 151K subscribers (151000)
         Email listed: yes
         Type: unclear (United States)
         Uploads: biweekly, last 21d ago, 8 in 90d (sampled 30)
   [w2] (115/263) https://www.youtube.com/@ValidMMA
         Name: DelCardo Boxing
         Subscribers: 21.3K subscribers (21300)
         Email listed: yes
         Type: solo (Canada)
         Instagram: https://www.instagram.com/adrian_delcardo/
         Uploads: weekly, last 3d ago, 27 in 90d (sampled 30)
   [w1] (116/263) https://www.youtube.com/@claytonmorrow2438
         Uploads: monthly, last 1d ago, 4 in 90d (sampled 23)
   [w3] (117/263) https://www.youtube.com/@HASfit
         Name: Clayton Morrow
         Subscribers: 18 subscribers (18)
         Email listed: no
         Type: unclear
         Name: ValidMMA
         Subscribers: 4.68K subscribers (4680)
         Email listed: no
         Type: unclear
         Name: HASfit
         Subscribers: 2.29M subscribers (2290000)
         Email listed: yes
         Type: solo (United States)
         Instagram: https://www.instagram.com/hasfit_official/
         Uploads: no dated videos found
         Below range (18 < 20,000)
         Uploads: dormant, last 1096d ago, 0 in 90d (sampled 4)
         Below range (4,680 < 20,000)
   [w1] (118/263) https://www.youtube.com/@GaleaBrothers
   [w2] (119/263) https://www.youtube.com/@PowerTraining
         Uploads: weekly, last 4d ago, 18 in 90d (sampled 30)
         Above range (2,290,000 > 500,000)
   [w3] (120/263) https://www.youtube.com/@systematicwrestling
         Name: Galea Brothers
         Subscribers: 33.2K subscribers (33200)
         Email listed: no
         Type: solo
         Instagram: https://www.instagram.com/galea_brothers?utm_source=ig_web_button_share_sheet&igsh=ZDNlZDc0MzIxNw==
         Name: PowerTraining
         Subscribers: 98.3K subscribers (98300)
         Email listed: yes
         Type: solo
         Instagram: https://www.instagram.com/powertrainingcoach/
         Name: Systematic Wrestling
         Subscribers: 40.8K subscribers (40800)
         Email listed: no
         Type: solo
         Instagram: https://www.instagram.com/systematicwrestling/
         Uploads: monthly, last 14d ago, 2 in 90d (sampled 30)
         Uploads: biweekly, last 4d ago, 8 in 90d (sampled 30)
   [w1] (121/263) https://www.youtube.com/@officialfightlab
   [w2] (122/263) https://www.youtube.com/@FreeStylebender
         Uploads: sporadic, last 30d ago, 1 in 90d (sampled 30)
   [w3] (123/263) https://www.youtube.com/@TheFightSite
         Name: FREESTYLEBENDER
         Subscribers: 1.35M subscribers (1350000)
         Email listed: yes
         Type: unclear (New Zealand)
         Name: The Fight Site
         Subscribers: 29.6K subscribers (29600)
         Email listed: no
         Type: unclear (Canada)
         Name: Fight Lab
         Subscribers: 483K subscribers (483000)
         Email listed: yes
         Type: solo (United States)
         Instagram: https://www.instagram.com/officialfightlab/
         Uploads: weekly, last 5d ago, 12 in 90d (sampled 30)
         Above range (1,350,000 > 500,000)
   [w2] (124/263) https://www.youtube.com/@ThomasKincaidMMA
         Uploads: dormant, last 213d ago, 0 in 90d (sampled 30)
   [w3] (125/263) https://www.youtube.com/@BangPivot
         Uploads: dormant, last 365d ago, 0 in 90d (sampled 24)
         No travel/holiday wording - off niche
   [w1] (126/263) https://www.youtube.com/@Nerdsmma
         Name: Thomas Kincaid MMA
         Subscribers: 74.2K subscribers (74200)
         Email listed: yes
         Type: unclear
         Name: Bang & Pivot
         Subscribers: 21.8K subscribers (21800)
         Email listed: no
         Type: unclear
         Name: Nerds martial arts
         Subscribers: 2.56K subscribers (2560)
         Email listed: no
         Type: solo
         Uploads: dormant, last 183d ago, 0 in 90d (sampled 30)
   [w2] (127/263) https://www.youtube.com/@ironfaithwrestling
         Uploads: biweekly, last 1d ago, 9 in 90d (sampled 30)
         Skool: https://www.skool.com/bang-and-pivot-5039/about
         Skool community: Bang And Pivot - 50 members
   [w3] (128/263) https://www.youtube.com/@fanaticwrestling3904
         Uploads: dormant, last 335d ago, 0 in 90d (sampled 29)
         Below range (2,560 < 20,000)
         Name: Iron Faith Wrestling
         Subscribers: 109K subscribers (109000)
         Email listed: yes
         Type: unclear (United States)
         Instagram: https://www.instagram.com/ironfaithwrestling
   [w1] (129/263) https://www.youtube.com/@CaydenHenschel
         Name: FANATIC WRESTLING
         Subscribers: 87.6K subscribers (87600)
         Email listed: yes
         Type: solo (United States)
         Instagram: https://www.instagram.com/fanatic_wrestling/
         Name: Cayden Henschel
         Subscribers: 578K subscribers (578000)
         Email listed: yes
         Type: solo (United States)
         Instagram: https://www.instagram.com/caydenhenschel/?hl=en
         Uploads: weekly, last 4d ago, 10 in 90d (sampled 30)
         Uploads: weekly, last 0d ago, 30 in 90d (sampled 30)
         Skool: https://www.skool.com/iron-faith-academy/about
   [w3] (130/263) https://www.youtube.com/@KOLATCOM
         Uploads: biweekly, last 4d ago, 8 in 90d (sampled 30)
         Above range (578,000 > 500,000)
   [w1] (131/263) https://www.youtube.com/@MMAUnpacked
         Skool community: Iron Faith Wrestling Academy - 8.7k members
   [w2] (132/263) https://www.youtube.com/@PredatorsMMAGym
         Name: Cary Kolat
         Subscribers: 362K subscribers (362000)
         Email listed: yes
         Type: unclear (United States)
         Name: MMA Unpacked
         Subscribers: 52.2K subscribers (52200)
         Email listed: no
         Type: unclear
         Name: Gavin Boardman - Predators MMA and BJJ Manchester
         Subscribers: 4.46K subscribers (4460)
         Email listed: yes
         Type: solo (United Kingdom)
         Uploads: dormant, last 365d ago, 0 in 90d (sampled 30)
         Uploads: weekly, last 0d ago, 30 in 90d (sampled 30)
         Uploads: biweekly, last 9d ago, 7 in 90d (sampled 30)
         Below range (4,460 < 20,000)
   [w3] (133/263) https://www.youtube.com/@kylerlarkin159
   [w1] (134/263) https://www.youtube.com/@CoachKajan
   [w2] (135/263) https://www.youtube.com/@PakMMA-7
         Name: Kajan Johnson MMA
         Subscribers: 116K subscribers (116000)
         Email listed: yes
         Type: solo (Canada)
         Name: Kyler Larkin
         Subscribers: 33.5K subscribers (33500)
         Email listed: no
         Type: solo
         Instagram: https://www.instagram.com/larkin.kyler/?hl=en
         Name: Pak MMA
         Subscribers: 2.37K subscribers (2370)
         Email listed: no
         Type: solo (United States)
         Instagram: https://www.instagram.com/pak_mma/
         Uploads: monthly, last 13d ago, 4 in 90d (sampled 30)
         Uploads: dormant, last 213d ago, 0 in 90d (sampled 30)
         No travel/holiday wording - off niche
   [w1] (136/263) https://www.youtube.com/@Adrianleemma
   [w3] (137/263) https://www.youtube.com/@Alexei.Pergande
         Uploads: sporadic, last 21d ago, 1 in 90d (sampled 24)
         Below range (2,370 < 20,000)
   [w2] (138/263) https://www.youtube.com/@danielcuttle
         Name: Adrian Lee
         Subscribers: 21.3K subscribers (21300)
         Email listed: yes
         Type: solo
         Instagram: https://www.instagram.com/adrianleemma/
         Name: Alexei Pergande
         Subscribers: 191K subscribers (191000)
         Email listed: no
         Type: unclear
         Name: Daniel Cuttle
         Subscribers: 37.1K subscribers (37100)
         Email listed: yes
         Type: solo (United Kingdom)
         Instagram: https://www.instagram.com/danielcuttle/
         Uploads: biweekly, last 14d ago, 5 in 90d (sampled 19)
   [w1] (139/263) https://www.youtube.com/@PBKMMA
         Name: PeanutButterKidMMA
         Subscribers: 1.95K subscribers (1950)
         Email listed: yes
         Type: solo (Australia)
         Instagram: https://www.instagram.com/pbkbox/
         Uploads: biweekly, last 21d ago, 6 in 90d (sampled 12)
         No travel/holiday wording - off niche
         Uploads: biweekly, last 9d ago, 6 in 90d (sampled 30)
   [w3] (140/263) https://www.youtube.com/@TimWelchMT
   [w2] (141/263) https://www.youtube.com/@arghroy
         Uploads: monthly, last 12d ago, 4 in 90d (sampled 22)
         Below range (1,950 < 20,000)
   [w1] (142/263) https://www.youtube.com/@ArmanTsarukyanOfficial
         Name: Tim Welch
         Subscribers: 255K subscribers (255000)
         Email listed: yes
         Type: solo (United States)
         Instagram: https://www.instagram.com/timwelchmt/?hl=en
         Name: Argh Roy
         Subscribers: 3.4K subscribers (3400)
         Email listed: yes
         Type: solo (India)
         Instagram: https://instagram.com/arghroy?igshid=YmMyMTA2M2Y=
         Name: Arman Tsarukyan
         Subscribers: 295K subscribers (295000)
         Email listed: yes
         Type: solo (United States)
         Instagram: https://instagram.com/arm_011
         Uploads: biweekly, last 14d ago, 7 in 90d (sampled 30)
   [w1] (143/263) https://www.youtube.com/@ULTIMATEKARATEOFFICIAL
         Uploads: inactive, last 152d ago, 0 in 90d (sampled 27)
         Below range (3,400 < 20,000)
   [w2] (144/263) https://www.youtube.com/@KarateDojowaKu
         Uploads: weekly, last 2d ago, 29 in 90d (sampled 30)
   [w3] (145/263) https://www.youtube.com/@ZenShin
         Name: ULTIMATE KARATE
         Subscribers: 329K subscribers (329000)
         Email listed: yes
         Type: solo (United States)
         Instagram: https://www.instagram.com/ultimatekarateusa/
         Name: Karate Dojo waKu
         Subscribers: 437K subscribers (437000)
         Email listed: yes
         Type: unclear (United States)
         Uploads: dormant, last 365d ago, 0 in 90d (sampled 30)
   [w2] (146/263) https://www.youtube.com/@y_warrior
         Name: Zen-Shin Martial Arts
         Subscribers: 9.35K subscribers (9350)
         Email listed: yes
         Type: solo (United Kingdom)
         Instagram: https://www.instagram.com/faffabout/
         Uploads: biweekly, last 30d ago, 6 in 90d (sampled 30)
   [w1] (147/263) https://www.youtube.com/@KARATESIR
         Name: KARATE SIR
         Subscribers: 108K subscribers (108000)
         Email listed: yes
         Type: solo (India)
         Instagram: https://www.instagram.com/karatesir786/
         Uploads: weekly, last 7d ago, 30 in 90d (sampled 30)
         Uploads: inactive, last 152d ago, 0 in 90d (sampled 30)
         Below range (9,350 < 20,000)
   [w1] (148/263) https://www.youtube.com/@OnlineKarateLessons
   [w3] (149/263) https://www.youtube.com/@bushidotamashi5739
         Name: Online Karate Lessons
         Subscribers: 5.87K subscribers (5870)
         Email listed: yes
         Type: unclear (Netherlands)
         Name: Young Warrior
         Subscribers: 10.2K subscribers (10200)
         Email listed: yes
         Type: unclear
         Uploads: dormant, last 365d ago, 0 in 90d (sampled 8)
         Below range (10,200 < 20,000)
         Uploads: inactive, last 91d ago, 0 in 90d (sampled 30)
         Below range (5,870 < 20,000)
   [w2] (150/263) https://www.youtube.com/@FitnessKarateAcademy
   [w1] (151/263) https://www.youtube.com/@Shigashi84
         Name: Bushido Tamashi
         Subscribers: 20.7K subscribers (20700)
         Email listed: no
         Type: unclear
         Name: Shintaro Higashi
         Subscribers: 294K subscribers (294000)
         Email listed: yes
         Type: solo (United States)
         Instagram: https://www.instagram.com/kokushibudoinstitute/
         Uploads: dormant, last 4748d ago, 0 in 90d (sampled 30)
         No travel/holiday wording - off niche
   [w3] (152/263) https://www.youtube.com/@k.o_Academy
         Name: Fitness Karate Academy
         Subscribers: 19K subscribers (19000)
         Email listed: yes
         Type: solo (Australia)
         Instagram: http://instagram.com/Fitness.karate.Academy
         Uploads: weekly, last 0d ago, 11 in 90d (sampled 30)
   [w1] (153/263) https://www.youtube.com/@TravisStevensgrappling
         Name: KO Academy
         Subscribers: 30.6K subscribers (30600)
         Email listed: yes
         Type: solo
         Instagram: https://www.instagram.com/k.o_academy/
         Uploads: dormant, last 304d ago, 0 in 90d (sampled 30)
         Below range (19,000 < 20,000)
   [w2] (154/263) https://www.youtube.com/@skyhookschool
         Name: Travis Stevens
         Subscribers: 79K subscribers (79000)
         Email listed: yes
         Type: solo (United States)
         Instagram: https://www.instagram.com/judosilencer/
         Uploads: inactive, last 91d ago, 0 in 90d (sampled 7)
   [w3] (155/263) https://www.youtube.com/@shintaronakano2842
         Name: Skyhook Martial Arts & Fitness
         Subscribers: 3.11K subscribers (3110)
         Email listed: yes
         Type: solo
         Instagram: https://instagram.com/skyhookmartialarts
         Uploads: dormant, last 365d ago, 0 in 90d (sampled 30)
   [w1] (156/263) https://www.youtube.com/@grapmedia
         Name: Shintaro Nakano
         Subscribers: 84K subscribers (84000)
         Email listed: yes
         Type: business (United States)
         Instagram: https://www.instagram.com/nakano.judo.academy/?hl=en
         Uploads: dormant, last 730d ago, 0 in 90d (sampled 30)
         Below range (3,110 < 20,000)
   [w2] (157/263) https://www.youtube.com/@KODOKANJUDO
         Name: Grappling Education
         Subscribers: 50.4K subscribers (50400)
         Email listed: no
         Type: solo (Australia)
         Instagram: https://www.instagram.com/grapplingeducation/?hl=en
         Uploads: sporadic, last 12d ago, 1 in 90d (sampled 30)
   [w3] (158/263) https://www.youtube.com/@TheJudoWayofLife
         Name: KODOKAN
         Subscribers: 185K subscribers (185000)
         Email listed: no
         Type: unclear (Japan)
         Uploads: dormant, last 335d ago, 0 in 90d (sampled 30)
   [w1] (159/263) https://www.youtube.com/@tkdguide
         Name: The Judo Way of Life
         Subscribers: 52.9K subscribers (52900)
         Email listed: yes
         Type: solo (Australia)
         Instagram: https://www.instagram.com/thejudowayoflife
         Uploads: inactive, last 152d ago, 0 in 90d (sampled 30)
   [w2] (160/263) https://www.youtube.com/@VTEAMTaekwondo
         Name: Taekwondo Guide
         Subscribers: 44.1K subscribers (44100)
         Email listed: no
         Type: unclear (United States)
         Uploads: dormant, last 213d ago, 0 in 90d (sampled 30)
   [w3] (161/263) https://www.youtube.com/@GingerNinjaTrickster
         Name: VTEAM Taekwondo | Kids Confidence & Discipline
         Subscribers: 19K subscribers (19000)
         Email listed: yes
         Type: unclear (Australia)
         Uploads: sporadic, last 61d ago, 1 in 90d (sampled 30)
   [w1] (162/263) https://www.youtube.com/@taekwondofury
         Name: Ginger Ninja Trickster
         Subscribers: 1.42M subscribers (1420000)
         Email listed: yes
         Type: solo (United Kingdom)
         Instagram: http://instagram.com/gingerninjatrickster
         Uploads: dormant, last 1826d ago, 0 in 90d (sampled 30)
         Below range (19,000 < 20,000)
         Name: Tae Kwon Do Fury
         Subscribers: 108K subscribers (108000)
         Email listed: yes
         Type: solo (United States)
   [w2] (163/263) https://www.youtube.com/@ChampionsTKD
         Uploads: dormant, last 1096d ago, 0 in 90d (sampled 30)
         Above range (1,420,000 > 500,000)
   [w3] (164/263) https://www.youtube.com/@trevorhannant
         Name: Champions Taekwondo Academy
         Subscribers: 60.6K subscribers (60600)
         Email listed: no
         Type: unclear (United States)
         Uploads: weekly, last 1d ago, 16 in 90d (sampled 30)
         Skool: https://www.skool.com/the-taekwondo-fury-institution/about
         Name: Trevor Hannant
         Subscribers: 2.2M subscribers (2200000)
         Email listed: no
         Type: solo
         Skool community: Taekwondo Fury Institution - 403 members
   [w1] (165/263) https://www.youtube.com/@nathearn
         Uploads: weekly, last 9d ago, 30 in 90d (sampled 30)
   [w2] (166/263) https://www.youtube.com/@TaekwondowithChadi
         Uploads: dormant, last 730d ago, 0 in 90d (sampled 6)
         Above range (2,200,000 > 500,000)
   [w3] (167/263) https://www.youtube.com/@DanLok
         Name: Nat Hearn
         Subscribers: 2.94M subscribers (2940000)
         Email listed: yes
         Type: solo (United Kingdom)
         Name: Taekwondo with Chadi
         Subscribers: 37.6K subscribers (37600)
         Email listed: yes
         Type: solo (Lebanon)
         Instagram: https://www.instagram.com/chadi_houeiji/?next=/
         Name: Dan Lok
         Subscribers: 4.89M subscribers (4890000)
         Email listed: yes
         Type: unclear (Canada)
         Uploads: monthly, last 21d ago, 2 in 90d (sampled 30)
         Above range (2,940,000 > 500,000)
   [w1] (168/263) https://www.youtube.com/@masterwong101
         Uploads: monthly, last 6d ago, 4 in 90d (sampled 30)
   [w2] (169/263) https://www.youtube.com/@davidwongmastery
         Uploads: monthly, last 61d ago, 3 in 90d (sampled 30)
         Above range (4,890,000 > 500,000)
   [w3] (170/263) https://www.youtube.com/@KevinLeeVlog
         Name: Master Wong
         Subscribers: 2.88M subscribers (2880000)
         Email listed: yes
         Type: unclear (United Kingdom)
         Name: David Wong - Health Tech Visionary
         Subscribers: 473K subscribers (473000)
         Email listed: yes
         Type: solo (United States)
         Instagram: https://www.instagram.com/davidwongmastery/
         Uploads: weekly, last 1d ago, 26 in 90d (sampled 30)
         Skool: https://www.skool.com/master-wong-academy-8960/about
         Skool community: Master Wong Academy - 15 members
         Above range (2,880,000 > 500,000)
         Name: Kevin Lee
         Subscribers: 481K subscribers (481000)
         Email listed: yes
         Type: solo (United States)
         Instagram: https://www.instagram.com/kevinleevlog
   [w1] (171/263) https://www.youtube.com/@SenseiSeth
         Uploads: weekly, last 1d ago, 30 in 90d (sampled 30)
   [w2] (172/263) https://www.youtube.com/@GIURIT
         Uploads: monthly, last 6d ago, 4 in 90d (sampled 30)
         Name: Sensei Seth
         Subscribers: 492K subscribers (492000)
         Email listed: yes
         Type: solo (United States)
         Instagram: https://instagram.com/sensei_seth
   [w3] (173/263) https://www.youtube.com/@entertaichi
         Name: GIURIT
         Subscribers: 567 subscribers (567)
         Email listed: no
         Type: unclear
         Name: Enter Tai Chi
         Subscribers: 177K subscribers (177000)
         Email listed: yes
         Type: solo (United States)
         Instagram: https://www.instagram.com/enter.shaolin
         Uploads: no dated videos found
         Below range (567 < 20,000)
         Uploads: biweekly, last 6d ago, 8 in 90d (sampled 30)
   [w2] (174/263) https://www.youtube.com/@qodir17
   [w1] (175/263) https://www.youtube.com/@theKravMagaTraining
         Name: KRAV MAGA TRAINING
         Subscribers: 1.73M subscribers (1730000)
         Email listed: yes
         Type: solo (Italy)
         Name: Qodir 17
         Subscribers: 402K subscribers (402000)
         Email listed: no
         Type: solo (United States)
         Instagram: https://www.instagram.com/invites/contact/?i=12g55hwoexzma&utm_content=8qospmc
         Uploads: dormant, last 730d ago, 0 in 90d (sampled 30)
   [w3] (176/263) https://www.youtube.com/@howcast
         Uploads: dormant, last 2192d ago, 0 in 90d (sampled 30)
         Above range (1,730,000 > 500,000)
         Uploads: weekly, last 4d ago, 19 in 90d (sampled 30)
   [w1] (177/263) https://www.youtube.com/@IsraelDefenseForces
   [w2] (178/263) https://www.youtube.com/@ahmedhamza1140
         Name: Howcast
         Subscribers: 9.4M subscribers (9400000)
         Email listed: yes
         Type: solo (United States)
         Instagram: https://www.instagram.com/howcast/
         Name: Israel Defense Forces
         Subscribers: 1.51M subscribers (1510000)
         Email listed: yes
         Type: solo (Israel)
         Instagram: https://www.instagram.com/idf/
         Uploads: dormant, last 304d ago, 0 in 90d (sampled 30)
         Above range (9,400,000 > 500,000)
   [w3] (179/263) https://www.youtube.com/@kravmagaprotectioninternat1609
         Uploads: weekly, last 2d ago, 11 in 90d (sampled 30)
         Above range (1,510,000 > 500,000)
   [w1] (180/263) https://www.youtube.com/@BudoBrothers
         Name: KRAV MAGA PROTECTION INTERNATIONAL KMP
         Subscribers: 22.4K subscribers (22400)
         Email listed: yes
         Type: unclear (Greece)
         Name: َAhmed Hamza
         Subscribers: 5 subscribers (5)
         Email listed: no
         Type: unclear
         Name: Budo Brothers
         Subscribers: 2.13M subscribers (2130000)
         Email listed: yes
         Type: solo (United States)
         Instagram: https://www.instagram.com/budobrothers/
         Uploads: dormant, last 335d ago, 0 in 90d (sampled 30)
   [w3] (181/263) https://www.youtube.com/@elitedefenceacademyinterna6903
         Uploads: no dated videos found
         Below range (5 < 20,000)
         Uploads: biweekly, last 21d ago, 9 in 90d (sampled 30)
         Above range (2,130,000 > 500,000)
   [w2] (182/263) https://www.youtube.com/@JasonHansonSpyBriefing
   [w1] (183/263) https://www.youtube.com/@BuzzFeedVideo
         Name: Elite Defence Academy International
         Subscribers: 1.43K subscribers (1430)
         Email listed: yes
         Type: business (South Africa)
         Name: Jason Hanson
         Subscribers: 866K subscribers (866000)
         Email listed: yes
         Type: unclear (United States)
         Name: BuzzFeedVideo
         Subscribers: 19.6M subscribers (19600000)
         Email listed: no
         Type: solo (United States)
         Instagram: http://instagram.com/buzzfeedvideo
         Uploads: dormant, last 365d ago, 0 in 90d (sampled 27)
         Below range (1,430 < 20,000)
   [w3] (184/263) https://www.youtube.com/@LondonSelfDefenceAcademy
         Uploads: weekly, last 0d ago, 30 in 90d (sampled 30)
         Above range (866,000 > 500,000)
         Uploads: monthly, last 9d ago, 4 in 90d (sampled 30)
         Above range (19,600,000 > 500,000)
   [w2] (185/263) https://www.youtube.com/@LexFitness
   [w1] (186/263) https://www.youtube.com/@joannasohofficial
         Name: London Self Defence Academy
         Subscribers: 90.1K subscribers (90100)
         Email listed: yes
         Type: solo (United Kingdom)
         Instagram: https://www.instagram.com/londonselfdefenceacademy
         Name: Lex Fitness
         Subscribers: 1.21M subscribers (1210000)
         Email listed: yes
         Type: business (United Kingdom)
         Instagram: https://www.instagram.com/lex_fitness
         Name: Joanna Soh Official
         Subscribers: 3.11M subscribers (3110000)
         Email listed: yes
         Type: solo (United States)
         Instagram: http://instagram.com/joannasohofficial/
         Uploads: biweekly, last 10d ago, 6 in 90d (sampled 30)
   [w3] (187/263) https://www.youtube.com/@FightFast
         Uploads: dormant, last 1096d ago, 0 in 90d (sampled 30)
         Above range (3,110,000 > 500,000)
   [w1] (188/263) https://www.youtube.com/@Aikidoflow
         Uploads: biweekly, last 3d ago, 6 in 90d (sampled 30)
         Above range (1,210,000 > 500,000)
         Name: FightFast
         Subscribers: 516K subscribers (516000)
         Email listed: yes
         Type: solo (United States)
         Instagram: https://www.instagram.com/trssurvival/
   [w2] (189/263) https://www.youtube.com/@bobbieknott4643
         Name: Aikidoflow
         Subscribers: 293K subscribers (293000)
         Email listed: yes
         Type: unclear (United Kingdom)
         Instagram: https://www.instagram.com/aikidoflow/
         Uploads: dormant, last 304d ago, 0 in 90d (sampled 30)
         Above range (516,000 > 500,000)
         Name: Bobbie Knott
         Subscribers: 550 subscribers (550)
         Email listed: no
         Type: unclear
   [w3] (190/263) https://www.youtube.com/@pasquinilli
         Uploads: biweekly, last 9d ago, 6 in 90d (sampled 30)
   [w1] (191/263) https://www.youtube.com/@ekayy.8
         Name: Matt Pasquinilli
         Subscribers: 221K subscribers (221000)
         Email listed: yes
         Type: solo (United States)
         Uploads: no dated videos found
         Below range (550 < 20,000)
   [w2] (192/263) https://www.youtube.com/@ActiveSelfProtection
         Name: Ekayy Boxing
         Subscribers: 424K subscribers (424000)
         Email listed: no
         Type: unclear
         Name: Active Self Protection
         Subscribers: 3.48M subscribers (3480000)
         Email listed: yes
         Type: unclear (United States)
         Uploads: weekly, last 1d ago, 29 in 90d (sampled 29)
         Uploads: inactive, last 152d ago, 0 in 90d (sampled 30)
         Skool: https://www.skool.com/the-fighting-empire-3439/about
   [w3] (193/263) https://www.youtube.com/@returnstreetdefence
         Skool community: The Boxing Blueprint - 3 members
   [w1] (194/263) https://www.youtube.com/@vladtv
         Uploads: weekly, last 1d ago, 30 in 90d (sampled 30)
         Above range (3,480,000 > 500,000)
   [w2] (195/263) https://www.youtube.com/@VNDLJiuJitsu
         Name: kev t street defence all different content
         Subscribers: 3.55K subscribers (3550)
         Email listed: no
         Type: solo (United Kingdom)
         Name: djvlad
         Subscribers: 6.46M subscribers (6460000)
         Email listed: yes
         Type: solo (United States)
         Instagram: http://instagram.com/vladtv
         Uploads: weekly, last 1d ago, 30 in 90d (sampled 30)
         Below range (3,550 < 20,000)
         Name: VNDL Jiu-Jitsu
         Subscribers: 26.5K subscribers (26500)
         Email listed: no
         Type: solo
         Instagram: https://www.instagram.com/theshartmachine
   [w3] (196/263) https://www.youtube.com/@kimberlykinch
         Uploads: weekly, last 0d ago, 30 in 90d (sampled 30)
         Above range (6,460,000 > 500,000)
   [w1] (197/263) https://www.youtube.com/@RyanJuliano
         Name: Kimberly Kinch
         Subscribers: 13.2K subscribers (13200)
         Email listed: yes
         Type: solo (United States)
         Instagram: https://instagram.com/kimberlyannkinch
         Name: Ryan Juliano
         Subscribers: 148K subscribers (148000)
         Email listed: yes
         Type: unclear (United States)
         Uploads: dormant, last 304d ago, 0 in 90d (sampled 30)
         Uploads: inactive, last 122d ago, 0 in 90d (sampled 30)
         Below range (13,200 < 20,000)
   [w2] (198/263) https://www.youtube.com/@swiggitystreams
   [w3] (199/263) https://www.youtube.com/@joshbeambjj
         Uploads: dormant, last 183d ago, 0 in 90d (sampled 30)
   [w1] (200/263) https://www.youtube.com/@robrolls
         Name: SwiggityMan Streams
         Subscribers: 2.58K subscribers (2580)
         Email listed: no
         Type: unclear
         Name: Josh Beam BJJ
         Subscribers: 157K subscribers (157000)
         Email listed: yes
         Type: solo (United States)
         Instagram: https://www.instagram.com/joshbeambjj
         Name: ROB ROLLS
         Subscribers: 1.82K subscribers (1820)
         Email listed: no
         Type: solo (United States)
         Instagram: https://www.instagram.com/watchingrob/
         Uploads: monthly, last 11d ago, 2 in 90d (sampled 30)
         Below range (2,580 < 20,000)
   [w2] (201/263) https://www.youtube.com/@davidbenavidez300
         Uploads: weekly, last 6d ago, 10 in 90d (sampled 30)
   [w3] (202/263) https://www.youtube.com/@paulhughesmma
         Uploads: dormant, last 730d ago, 0 in 90d (sampled 30)
         Below range (1,820 < 20,000)
   [w1] (203/263) https://www.youtube.com/@TomDrakeMedia
         Name: Benavidez Family
         Subscribers: 15.1K subscribers (15100)
         Email listed: no
         Type: unclear
         Name: Paul Hughes
         Subscribers: 11.7K subscribers (11700)
         Email listed: yes
         Type: unclear (Ireland)
         Name: Tom Drake Media
         Subscribers: 269 subscribers (269)
         Email listed: yes
         Type: solo (United Kingdom)
         Instagram: https://www.instagram.com/tom.drake/
         Uploads: inactive, last 91d ago, 0 in 90d (sampled 23)
         Below range (15,100 < 20,000)
   [w2] (204/263) https://www.youtube.com/@SugaSeanUFC
         Uploads: biweekly, last 14d ago, 6 in 90d (sampled 30)
         Below range (11,700 < 20,000)
         Uploads: dormant, last 365d ago, 0 in 90d (sampled 3)
         Below range (269 < 20,000)
   [w3] (205/263) https://www.youtube.com/@PaddyTheBaddyUFC
   [w1] (206/263) https://www.youtube.com/@wallathemachine
         Name: Suga Sean O'Malley
         Subscribers: 1.08M subscribers (1080000)
         Email listed: yes
         Type: solo (United States)
         Instagram: https://www.instagram.com/sugaseanmma/?hl=en
         Name: Paddy The Baddy
         Subscribers: 1.43M subscribers (1430000)
         Email listed: yes
         Type: unclear (United States)
         Name: Malcolm Wellmaker
         Subscribers: 9.01K subscribers (9010)
         Email listed: no
         Type: unclear
         Uploads: weekly, last 4d ago, 16 in 90d (sampled 30)
         Above range (1,080,000 > 500,000)
         Uploads: weekly, last 4d ago, 10 in 90d (sampled 30)
         Above range (1,430,000 > 500,000)
   [w2] (207/263) https://www.youtube.com/@nicocarrillokotn
   [w3] (208/263) https://www.youtube.com/@UpwardKev
         Uploads: monthly, last 12d ago, 3 in 90d (sampled 17)
         Below range (9,010 < 20,000)
   [w1] (209/263) https://www.youtube.com/@shawnmelanson160
         Name: Nico Carrillo
         Subscribers: 12K subscribers (12000)
         Email listed: no
         Type: unclear
         Name: Kevin Cruz
         Subscribers: 372 subscribers (372)
         Email listed: yes
         Type: solo (United States)
         Instagram: https://www.instagram.com/k_krews/
         Name: shawn melanson
         Subscribers: 9.22K subscribers (9220)
         Email listed: no
         Type: unclear
         Uploads: dormant, last 183d ago, 0 in 90d (sampled 30)
         Below range (372 < 20,000)
         Uploads: biweekly, last 10d ago, 9 in 90d (sampled 30)
         Below range (12,000 < 20,000)
   [w3] (210/263) https://www.youtube.com/@EvolveNowYoga
         Uploads: biweekly, last 5d ago, 7 in 90d (sampled 30)
         Below range (9,220 < 20,000)
   [w2] (211/263) https://www.youtube.com/@usdc.rokasleo
   [w1] (212/263) https://www.youtube.com/@ClaytonCJohnson
         Name: Evolve Now - Yoga for Athletes
         Subscribers: 6.62K subscribers (6620)
         Email listed: yes
         Type: solo (Germany)
         Instagram: https://www.instagram.com/evolvenow.yoga/
         Name: USDC by Rokas Leo
         Subscribers: 663K subscribers (663000)
         Email listed: yes
         Type: unclear (Lithuania)
         Instagram: https://www.instagram.com/adrian_92__/
         Name: Journey Martial Arts
         Subscribers: 135 subscribers (135)
         Email listed: no
         Type: unclear
         Uploads: monthly, last 9d ago, 3 in 90d (sampled 30)
         Below range (6,620 < 20,000)
         Uploads: dormant, last 2192d ago, 0 in 90d (sampled 30)
         Below range (135 < 20,000)
   [w3] (213/263) https://www.youtube.com/@JourneyMA-Cabot
   [w1] (214/263) https://www.youtube.com/@journey.martialarts
         Uploads: weekly, last 11d ago, 13 in 90d (sampled 30)
         Above range (663,000 > 500,000)
   [w2] (215/263) https://www.youtube.com/@JREClips
         Name: Journey Martial Arts
         Subscribers: 79 subscribers (79)
         Email listed: no
         Type: unclear
         Name: Journey Martial Arts Academy
         Subscribers: 79 subscribers (79)
         Email listed: yes
         Type: solo (United States)
         Instagram: https://www.instagram.com/journey.martialarts/
         Name: JRE Clips
         Subscribers: 8.32M subscribers (8320000)
         Email listed: no
         Type: unclear (United States)
         Uploads: monthly, last 61d ago, 2 in 90d (sampled 12)
         Below range (79 < 20,000)
         Uploads: dormant, last 183d ago, 0 in 90d (sampled 18)
         Below range (79 < 20,000)
   [w3] (216/263) https://www.youtube.com/@KARATEbyJesse
         Uploads: weekly, last 1d ago, 30 in 90d (sampled 30)
         Above range (8,320,000 > 500,000)
   [w1] (217/263) https://www.youtube.com/@ibjjf
   [w2] (218/263) https://www.youtube.com/@ReventBuilds
         Name: Jesse Enkamp
         Subscribers: 1.66M subscribers (1660000)
         Email listed: no
         Type: solo (Sweden)
         Instagram: https://www.instagram.com/karatebyjesse/
         Name: IBJJF (International Brazilian Jiu-Jitsu Federation)
         Subscribers: 469K subscribers (469000)
         Email listed: yes
         Type: solo (United States)
         Instagram: https://www.instagram.com/ibjjf/
         Name: Revent Builds
         Subscribers: 42.7K subscribers (42700)
         Email listed: yes
         Type: solo (United States)
         Instagram: https://www.instagram.com/johngiof_builds/?hl=en
         Uploads: monthly, last 14d ago, 3 in 90d (sampled 30)
         Above range (1,660,000 > 500,000)
         Uploads: biweekly, last 0d ago, 7 in 90d (sampled 30)
         No travel/holiday wording - off niche
         Uploads: weekly, last 7d ago, 30 in 90d (sampled 30)
   [w3] (219/263) https://www.youtube.com/@Albajiujitsu
   [w2] (220/263) https://www.youtube.com/@ORIGINUSA
   [w1] (221/263) https://www.youtube.com/@Krufessor_Rad
         Name: Alba Jiu Jitsu
         Subscribers: 342 subscribers (342)
         Email listed: no
         Type: unclear (United Kingdom)
         Name: Krufessor Rad
         Subscribers: 34.7K subscribers (34700)
         Email listed: yes
         Type: solo (United States)
         Name: ORIGIN USA
         Subscribers: 170K subscribers (170000)
         Email listed: yes
         Type: solo (United States)
         Instagram: https://www.instagram.com/originusa/
         Uploads: inactive, last 91d ago, 0 in 90d (sampled 19)
         Below range (342 < 20,000)
   [w3] (222/263) https://www.youtube.com/@bobbyarmijobjj
         Uploads: weekly, last 0d ago, 10 in 90d (sampled 30)
         No travel/holiday wording - off niche
   [w2] (223/263) https://www.youtube.com/@GarageStrength
         Uploads: weekly, last 1d ago, 12 in 90d (sampled 30)
   [w1] (224/263) https://www.youtube.com/@maxholloway
         Name: Bobby Armijo
         Subscribers: 739 subscribers (739)
         Email listed: no
         Type: solo (United States)
         Name: Garage Strength
         Subscribers: 687K subscribers (687000)
         Email listed: yes
         Type: solo (United States)
         Instagram: https://www.instagram.com/garagestrength/
         Name: Max Holloway
         Subscribers: 444K subscribers (444000)
         Email listed: yes
         Type: solo (United States)
         Instagram: https://www.instagram.com/blessedmma
         Uploads: dormant, last 365d ago, 0 in 90d (sampled 22)
         Below range (739 < 20,000)
   [w3] (225/263) https://www.youtube.com/@charlesallanprice
         Uploads: weekly, last 2d ago, 30 in 90d (sampled 30)
         Above range (687,000 > 500,000)
   [w2] (226/263) https://www.youtube.com/@SvenKoch
         Uploads: weekly, last 0d ago, 13 in 90d (sampled 30)
   [w1] (227/263) https://www.youtube.com/@mikechandlermma
         Name: Charles Allan Price
         Subscribers: 46.4K subscribers (46400)
         Email listed: yes
         Type: unclear (United Kingdom)
         Name: Sven Koch
         Subscribers: 26.3K subscribers (26300)
         Email listed: yes
         Type: solo (Australia)
         Instagram: https://instagram.com/sven_koch
         Name: Michael Chandler
         Subscribers: 107K subscribers (107000)
         Email listed: no
         Type: business
         Instagram: https://www.instagram.com/mikechandlermma/
         Uploads: biweekly, last 30d ago, 5 in 90d (sampled 30)
         Uploads: dormant, last 213d ago, 0 in 90d (sampled 30)
   [w3] (228/263) https://www.youtube.com/@wildhuntconditioning
   [w2] (229/263) https://www.youtube.com/@BenWinney
         Uploads: inactive, last 91d ago, 0 in 90d (sampled 30)
         No travel/holiday wording - off niche
   [w1] (230/263) https://www.youtube.com/@PhilDaruStrong
         Name: Wild Hunt Conditioning - James Pieratt
         Subscribers: 320K subscribers (320000)
         Email listed: yes
         Type: solo (United States)
         Name: Phil Daru
         Subscribers: 485K subscribers (485000)
         Email listed: yes
         Type: solo (United States)
         Instagram: http://www.instagram.com/Darustrong
         Uploads: biweekly, last 4d ago, 6 in 90d (sampled 30)
         Skool: https://www.skool.com/wild-hunt-conditioning-group-5623/about
         Skool community: The Warrior Athlete - 3.2k members
   [w3] (231/263) https://www.youtube.com/@FunkRoberts
         Uploads: biweekly, last 0d ago, 9 in 90d (sampled 30)
   [w1] (232/263) https://www.youtube.com/@Coach_MarioRios
         Name: Ben Winney
         Subscribers: 122K subscribers (122000)
         Email listed: yes
         Type: unclear (United Kingdom)
         Name: Funk Roberts
         Subscribers: 737K subscribers (737000)
         Email listed: yes
         Type: solo (Canada)
         Instagram: http://www.instagram.com/funkrobertsfitness
         Uploads: biweekly, last 0d ago, 8 in 90d (sampled 30)
         Name: Mario Rios
         Subscribers: 437K subscribers (437000)
         Email listed: yes
         Type: solo (United States)
         Instagram: https://www.instagram.com/coachmariorios/
   [w2] (233/263) https://www.youtube.com/@BodyweightWarrior
         Uploads: weekly, last 0d ago, 29 in 90d (sampled 29)
         Above range (737,000 > 500,000)
   [w3] (234/263) https://www.youtube.com/@LuStrengthTherapy
         Uploads: sporadic, last 9d ago, 1 in 90d (sampled 30)
         Skool: https://www.skool.com/rios-twins-brotherhood-6412/about
         Name: Tom Merrick
         Subscribers: 1.16M subscribers (1160000)
         Email listed: yes
         Type: unclear (United Kingdom)
         Instagram: https://www.instagram.com/thebodyweightwarrior/
         Skool community: Athletic Rehab - 2.2k members
         No travel/holiday wording - off niche
   [w1] (235/263) https://www.youtube.com/@yogawithtim
         Name: Lu Strength & Therapy
         Subscribers: 32K subscribers (32000)
         Email listed: yes
         Type: solo (Canada)
         Instagram: http://www.instagram.com/lustrengththerapy
         Uploads: biweekly, last 11d ago, 5 in 90d (sampled 30)
         Above range (1,160,000 > 500,000)
   [w2] (236/263) https://www.youtube.com/@KierenLefevre
         Name: Yoga With Tim
         Subscribers: 537K subscribers (537000)
         Email listed: yes
         Type: solo (United States)
         Instagram: https://www.instagram.com/timsenesiyoga/
         Uploads: dormant, last 1096d ago, 0 in 90d (sampled 30)
   [w3] (237/263) https://www.youtube.com/@bulletproofforbjj
         Name: Kieren Lefevre Jiujitsu
         Subscribers: 29.4K subscribers (29400)
         Email listed: yes
         Type: unclear (Australia)
         Uploads: weekly, last 11d ago, 11 in 90d (sampled 30)
         Above range (537,000 > 500,000)
         Name: Bulletproof For BJJ
         Subscribers: 43.2K subscribers (43200)
         Email listed: yes
         Type: solo (Australia)
         Instagram: https://www.instagram.com/bulletproofforbjj/?hl=en
   [w1] (238/263) https://www.youtube.com/@WorkoutsbyDavid
         Uploads: dormant, last 365d ago, 0 in 90d (sampled 30)
   [w2] (239/263) https://www.youtube.com/@edrfitness
         Name: WorkoutsbyDavid
         Subscribers: 73.8K subscribers (73800)
         Email listed: yes
         Type: unclear (United States)
         Name: EDR Fitness
         Subscribers: 159K subscribers (159000)
         Email listed: yes
         Type: solo (Canada)
         Instagram: https://www.instagram.com/Welcome to Day 1 of this 40 day bodyweight fitness program! This is a program that is friendly for anyone of any fitness level. We provide multiple options for exercises so you can do the workouts with a partner, even if you're at different fitness levels!

All you need is 20 minutes a day and some space and you will be feeling strong, fit and flexible!

This is a progressive program so every week gets more challenging than the last. 

Make sure to follow the playlist to keep your workouts on track: https://www.youtube.com/playlist?list=PLIconE7hKrWGtMc5JDFORAB486LfMa-A6

________________________________

20 for 40 Program

20 Minutes a day (Celebrating my 20th consecutive year of my own training journey!)
40 days (Celebrating my 40th birthday this year, 2026)

This is meant to be a daily program, with no breaks! If you miss a day, just jump back in from where you left off!

The program will be on a 7 day rotation, with a different focus on each day of the week.

The weekly workout schedule:

Day 1: Mobility & Strength
Day 2: Mobility & Flexibility Flow
Day 3: Bodyweight Strength
Day 4: Rest Day Mobility
Day 5: Core & Mobility
Day 6: HIIT Cardio
Day 7: Full Body Flexibility

Please don't hesitate to ask questions on any video, we priortitize replying to training related comments of our progressive program videos!

#mobility  #edrfitness #stretching 

----------
Want to support our channel?

Here's how:

🪪YOUTUBE MEMBERSHIP🪪
Become a premium channel member and gain access to all of our workouts without music, timers only: https://www.youtube.com/channel/UCuJ9CneBKD2tZjYGk7KrwPg/join

☕Donate Directly☕ 
buymeacoffee.com/edrfitness

💊Purchase supplements from our most trusted company ATP Labs💊
Use our referral code EDR10 for 10% off your purchase and we get a small commission: https://ca.atplab.com/?rfsn=8432772.0037697&utm_source=refersion&utm_medium=affiliate&utm_campaign=8432772.0037697

The Dark Chocolate Beef Protein is by far the best protein powder I have ever had!
https://ca.atplab.com/products/supreme-beef-protein?_pos=2&_sid=018b8199c&_ss=r&variant=31178639573044

----------

🎶Music proviced by Epidemic Sound.🎶
Sign up with my link: https://share.epidemicsound.com/6j1aa6

All songs used in the program can be found in the following playlist: 
https://www.epidemicsound.com/playlist/i705ylvyr9wwtja1wkx66wbesbp2ztpu/

WEBSITE
💻www.edrfitness.ca

SOCIALS
📺 | Instagram | https://www.instagram.com/edrfitness
📺 | Instagram | https://www.instagram.com/michaelsablotny/

Before engaging in any physical activity, it is important to consult with a healthcare professional to determine if the exercise routine is appropriate for your individual needs and capabilities. The fitness workout video is intended for general educational and informational purposes only and should not be considered a substitute for professional medical advice, diagnosis, or treatment. The creators of the video are not liable for any injuries or damages that may occur as a result of participating in the exercises demonstrated. It is the responsibility of the viewer to ensure that they are physically fit and able to safely perform the exercises shown in the video.
         Uploads: weekly, last 4d ago, 11 in 90d (sampled 30)
   [w3] (240/263) https://www.youtube.com/@romanjiujitsu
         Uploads: sporadic, last 61d ago, 1 in 90d (sampled 30)
   [w1] (241/263) https://www.youtube.com/@livetrained
         Uploads: weekly, last 1d ago, 30 in 90d (sampled 30)
         Name: RomanJiuJitsu
         Subscribers: 11.9K subscribers (11900)
         Email listed: yes
         Type: unclear
   [w2] (242/263) https://www.youtube.com/@gabrieltoouli2539
         Name: Live Trained
         Subscribers: 12.8K subscribers (12800)
         Email listed: no
         Type: unclear
         Name: Gabriel Toouli
         Subscribers: 762 subscribers (762)
         Email listed: no
         Type: unclear
         Uploads: weekly, last 61d ago, 10 in 90d (sampled 30)
         Below range (11,900 < 20,000)
   [w3] (243/263) https://www.youtube.com/@DrMarcBubbs
         Uploads: weekly, last 21d ago, 30 in 90d (sampled 30)
         Below range (12,800 < 20,000)
   [w1] (244/263) https://www.youtube.com/@TheArena
         Uploads: inactive, last 122d ago, 0 in 90d (sampled 30)
         Below range (762 < 20,000)
   [w2] (245/263) https://www.youtube.com/@Grapplers_Guide
         Name: Marc Bubbs
         Subscribers: 6.44K subscribers (6440)
         Email listed: yes
         Type: solo (United Kingdom)
         Instagram: https://www.instagram.com/drbubbs/
         Name: THE ARENA
         Subscribers: 427K subscribers (427000)
         Email listed: yes
         Type: business (United States)
         Instagram: https://instagram.com/thearenagym
         Name: The Grapplers Guide by Jason Scully
         Subscribers: 167K subscribers (167000)
         Email listed: no
         Type: solo (United States)
         Instagram: http://www.instagram.com/jason_scully
         Uploads: monthly, last 28d ago, 2 in 90d (sampled 30)
         Below range (6,440 < 20,000)
         Uploads: dormant, last 730d ago, 0 in 90d (sampled 18)
   [w3] (246/263) https://www.youtube.com/@trustranker
   [w1] (247/263) https://www.youtube.com/@mygrapplingsucks
         Uploads: dormant, last 335d ago, 0 in 90d (sampled 30)
   [w2] (248/263) https://www.youtube.com/@fujisportsus
         Name: MyGrapplingSucks
         Subscribers: 5.88K subscribers (5880)
         Email listed: yes
         Type: solo
         Instagram: https://www.instagram.com/mygrapplingsucks/
         Name: TrustRanker | AI-Free Reviews & Rankings
         Subscribers: 29.3K subscribers (29300)
         Email listed: yes
         Type: unclear (United States)
         Name: FUJI Sports
         Subscribers: 10.5K subscribers (10500)
         Email listed: yes
         Type: solo (United States)
         Instagram: http://www.instagram.com/FujiSportsUS
         Uploads: dormant, last 365d ago, 0 in 90d (sampled 29)
         Below range (5,880 < 20,000)
         Uploads: weekly, last 1d ago, 29 in 90d (sampled 30)
         Uploads: biweekly, last 12d ago, 9 in 90d (sampled 30)
         Below range (10,500 < 20,000)
   [w1] (249/263) https://www.youtube.com/@TrueLegacyStudio
   [w3] (250/263) https://www.youtube.com/@Elitesportsus
   [w2] (251/263) https://www.youtube.com/@TheSalesWhispererWes
         Name: True Legacy Studio
         Subscribers: 1.89K subscribers (1890)
         Email listed: yes
         Type: solo (United States)
         Name: Elite Sports
         Subscribers: 1.33K subscribers (1330)
         Email listed: no
         Type: solo (United States)
         Instagram: https://www.instagram.com/elitesportscompany/
         Name: The Sales Whisperer®
         Subscribers: 2.04K subscribers (2040)
         Email listed: yes
         Type: unclear (United States)
         Uploads: sporadic, last 61d ago, 1 in 90d (sampled 30)
         Below range (1,890 < 20,000)
   [w1] (252/263) https://www.youtube.com/@grapplersgraveyard
         Uploads: weekly, last 1d ago, 19 in 90d (sampled 30)
         Below range (2,040 < 20,000)
         Uploads: monthly, last 1d ago, 4 in 90d (sampled 30)
         Below range (1,330 < 20,000)
   [w2] (253/263) https://www.youtube.com/@csquaredboxing
   [w3] (254/263) https://www.youtube.com/@fightingspirit93
         Name: Grapplers Graveyard
         Subscribers: 808 subscribers (808)
         Email listed: yes
         Type: solo
         Instagram: https://www.instagram.com/grapplersgraveyard/
         Name: csquaredboxing
         Subscribers: 75.8K subscribers (75800)
         Email listed: yes
         Type: solo (United States)
         Instagram: https://www.instagram.com/_csquaredboxing/?hl=en
         Uploads: biweekly, last 3d ago, 5 in 90d (sampled 30)
         Below range (808 < 20,000)
         Name: Fighting Spirit
         Subscribers: 1.51K subscribers (1510)
         Email listed: yes
         Type: solo (Australia)
         Instagram: https://www.instagram.com/fightingspirit93/
   [w1] (255/263) https://www.youtube.com/@ratethisgear
         Uploads: weekly, last 1d ago, 26 in 90d (sampled 30)
   [w2] (256/263) https://www.youtube.com/@Fit2Box
         Name: RATETHISGEAR
         Subscribers: 3.96K subscribers (3960)
         Email listed: yes
         Type: solo
         Instagram: https://instagram.com/ratethisgear
         Uploads: sporadic, last 30d ago, 1 in 90d (sampled 30)
         Below range (1,510 < 20,000)
   [w3] (257/263) https://www.youtube.com/@combat_corp
         Name: Fit2Box
         Subscribers: 30.7K subscribers (30700)
         Email listed: yes
         Type: unclear (United Kingdom)
         Instagram: https://www.instagram.com/fit2boxchannel/
         Uploads: dormant, last 2192d ago, 0 in 90d (sampled 30)
         Below range (3,960 < 20,000)
   [w1] (258/263) https://www.youtube.com/@msmfightshopmiami
         Uploads: weekly, last 5d ago, 12 in 90d (sampled 30)
   [w2] (259/263) https://www.youtube.com/@BMFRanch
         Name: MSM FIGHT SHOP
         Subscribers: 2.82K subscribers (2820)
         Email listed: yes
         Type: solo (United States)
         Instagram: http://instagram.com/msmfightshop
         Name: Thee Combat Corporation
         Subscribers: 14.8K subscribers (14800)
         Email listed: yes
         Type: solo (United States)
         Instagram: https://www.instagram.com/combat_corp/
         Uploads: sporadic, last 21d ago, 1 in 90d (sampled 30)
         Below range (2,820 < 20,000)
         Uploads: biweekly, last 9d ago, 7 in 90d (sampled 30)
         Below range (14,800 < 20,000)
   [w1] (260/263) https://www.youtube.com/@hard2hurt
         Name: Cowboy Cerrone
         Subscribers: 117K subscribers (117000)
         Email listed: yes
         Type: solo (United States)
         Instagram: https://www.instagram.com/cowboycerrone/
   [w3] (261/263) https://www.youtube.com/@MMACoach79
         Name: hard2hurt
         Subscribers: 640K subscribers (640000)
         Email listed: yes
         Type: solo (United States)
         Instagram: https://www.instagram.com/icymikep
         Name: MMA Coach
         Subscribers: 45.9K subscribers (45900)
         Email listed: yes
         Type: unclear (United States)
         Uploads: dormant, last 730d ago, 0 in 90d (sampled 30)
   [w2] (262/263) https://www.youtube.com/@Mighty15x
         Uploads: dormant, last 183d ago, 0 in 90d (sampled 30)
         Name: Mighty
         Subscribers: 1.86M subscribers (1860000)
         Email listed: yes
         Type: solo (United States)
         Instagram: https://www.instagram.com/mightymouse125/?hl=en
   [w3] (263/263) https://www.youtube.com/@rideoutmma
         Uploads: inactive, last 152d ago, 0 in 90d (sampled 30)
         Above range (640,000 > 500,000)
         Name: Rideout MMA
         Subscribers: 4.26K subscribers (4260)
         Email listed: no
         Type: unclear
         Uploads: weekly, last 1d ago, 30 in 90d (sampled 30)
         Above range (1,860,000 > 500,000)
         Uploads: inactive, last 91d ago, 0 in 90d (sampled 26)
         Below range (4,260 < 20,000)

Done. Wrote 263 rows to results.csv
