Loaded 274 channels from results/discovered_outdoor.txt
[1/274] https://www.youtube.com/@GoodBlokeOutdoors
      Good Bloke Outdoors | High | 70,000 subs | med 40,000 views | 15 uploads/90d | outdoors (0.67) | sells=True
[2/274] https://www.youtube.com/@OutdoorBoys
      Outdoor Boys | Mid | 20,700,000 subs | med 19,000,000 views | 0 uploads/90d | outdoors (1.0) | sells=False
[3/274] https://www.youtube.com/@ToddTwinz
      Todd Twinz | Mid | 938 subs | med 3,300 views | 10 uploads/90d | outdoors (1.0) | sells=False
[4/274] https://www.youtube.com/@Katieroams
      Katie Roams | Mid | 273,000 subs | med 188,000 views | 25 uploads/90d | outdoors (0.64) | sells=False
[5/274] https://www.youtube.com/@WildcraftedVeronika
      Wildcrafted Veronika | Mid | 207,000 subs | med 549,000 views | 12 uploads/90d | outdoors (1.0) | sells=False
[6/274] https://www.youtube.com/@HazeOutdoors
      Haze Outdoors | High | 134,000 subs | med 34,000 views | 10 uploads/90d | outdoors (0.93) | sells=True
[7/274] https://www.youtube.com/@MattsMoorsandMountains
      Matt's Moors & Mountains | Mid | 3,360 subs | med 2,100 views | 8 uploads/90d | outdoors (1.0) | sells=False
[8/274] https://www.youtube.com/@englishwoodsman
      English Woodsman | Mid | 115,000 subs | med 8,300 views | 19 uploads/90d | outdoors (0.83) | sells=False
[9/274] https://www.youtube.com/@forgottenamericanskills
      Forgotten American Skills | Mid | 41,400 subs | med 89,000 views | 30 uploads/90d | outdoors (0.77) | sells=False
[10/274] https://www.youtube.com/@go4x4media
      Go4x4 | Mid | 1,940,000 subs | med 541,000 views | 7 uploads/90d | outdoors (0.92) | sells=True
[11/274] https://www.youtube.com/@jens-dransfield
      Jens | Mid | 59,700 subs | med 44,000 views | 13 uploads/90d | outdoors (0.67) | sells=False
[12/274] https://www.youtube.com/@MattTheDesigner
      Matt The Designer | Mid | 61,000 subs | med 77,000 views | 0 uploads/90d | outdoors (0.67) | sells=False
[13/274] https://www.youtube.com/@allisonanderson
      Allison Anderson | Mid | 1,060,000 subs | med 268,000 views | 0 uploads/90d | travel (1.0) | sells=False
[14/274] https://www.youtube.com/@AlexArmitage
      Alex Armitage | Mid | 107,000 subs | med 93,000 views | 4 uploads/90d | finance (0.4) | sells=False
[15/274] https://www.youtube.com/@KirinCamp
      Kirin Camp | Mid | 2,780,000 subs | med 2,050,000 views | 10 uploads/90d | outdoors (1.0) | sells=False
[16/274] https://www.youtube.com/@Linmeimeiyyds
      Linmeimeiyyds | Mid | 218,000 subs | med 281,000 views | 4 uploads/90d | outdoors (0.78) | sells=False
[17/274] https://www.youtube.com/@MyLifeOutdoors
      MyLifeOutdoors | Mid | 1,250,000 subs | med 403,000 views | 5 uploads/90d | outdoors (0.8) | sells=False
[18/274] https://www.youtube.com/@TheBearEssentials
      The Bear Essentials | Low | 1,510,000 subs | med 295,000 views | 1 uploads/90d | outdoors (1.0) | sells=False
[19/274] https://www.youtube.com/@XanderBudnick
      Xander Budnick | Mid | 1,980,000 subs | med 1,500,000 views | 3 uploads/90d | outdoors (1.0) | sells=False
[20/274] https://www.youtube.com/@SurviveFrost
      Survive Frost | Mid | 13,800 subs | med 9,300 views | 30 uploads/90d | outdoors (0.93) | sells=False
[21/274] https://www.youtube.com/@365G%C3%BCnDo%C4%9Faday%C4%B1z
      365 Days in Nature | Mid | 714,000 subs | med 244,000 views | 7 uploads/90d | outdoors (1.0) | sells=False
[22/274] https://www.youtube.com/@DrenalinAdventures
      Drenalin Adventures | Mid | 110,000 subs | med 6,700 views | 5 uploads/90d | outdoors (0.69) | sells=False
[23/274] https://www.youtube.com/@TravelersTale
      Traveler's Tale | Low | 240,000 subs | med 221,000 views | 2 uploads/90d | outdoors (0.92) | sells=False
[24/274] https://www.youtube.com/@RhodySeth
      Seth's New England Trails | Low | 3,310 subs | med 757 views | 5 uploads/90d | travel (0.55) | sells=False
[25/274] https://www.youtube.com/@BackcountryExposure
      Backcountry Exposure | Mid | 81,900 subs | med 8,100 views | 9 uploads/90d | travel (0.38) | sells=False
[26/274] https://www.youtube.com/@ryansroutes1805
      Ryan’s Routes | Mid | 1,940 subs | med 1,800 views | 8 uploads/90d | travel (0.62) | sells=False
[27/274] https://www.youtube.com/@WoodsboundOutdoors
      Woodsbound Outdoors | Mid | 3,020,000 subs | med 380,000 views | 4 uploads/90d | outdoors (0.87) | sells=True
[28/274] https://www.youtube.com/@sintax77
      sintax77 | Mid | 134,000 subs | med 51,000 views | 2 uploads/90d | travel (0.6) | sells=True
[29/274] https://www.youtube.com/@BaumOutdoors
      Baum Outdoors | Mid | 281,000 subs | med 54,000 views | 6 uploads/90d | outdoors (0.87) | sells=False
[30/274] https://www.youtube.com/@JonConti
      Jon Conti | Mid | 43,300 subs | med 3,900 views | 3 uploads/90d | travel (0.75) | sells=True
[31/274] https://www.youtube.com/@wendyoutdoors2230
      Wendy Outdoors | Low | 542,000 subs | med 74,000 views | 6 uploads/90d | outdoors (0.4) | sells=False
[32/274] https://www.youtube.com/@MinnowTank
      MinnowTank | Mid | 10,300 subs | med 10,000 views | 0 uploads/90d | travel (1.0) | sells=False
[33/274] https://www.youtube.com/@procaliberhq
      ProCaliber HQ | Mid | 13,000 subs | med 1,700 views | 18 uploads/90d | outdoors (0.62) | sells=False
[34/274] https://www.youtube.com/@NickolasGreenOutdoors
      Nickolas Green Outdoors | Low | 554,000 subs | med 3,800 views | 0 uploads/90d | outdoors (0.5) | sells=True
[35/274] https://www.youtube.com/@eric_hanson
      Eric Hanson | Mid | 162,000 subs | med 67,000 views | 7 uploads/90d | outdoors (0.6) | sells=True
[36/274] https://www.youtube.com/@theoutdoorempire
      Outdoor Empire | Mid | 117,000 subs | med 36,000 views | 19 uploads/90d | outdoors (0.46) | sells=False
[37/274] https://www.youtube.com/@OnTheScout
      On The Scout | Mid | 103,000 subs | med 36,000 views | 14 uploads/90d | outdoors (0.67) | sells=False
[38/274] https://www.youtube.com/@BestDamnEDC
      Best Damn EDC [Taylor Martin] | Mid | 453,000 subs | med 38,000 views | 9 uploads/90d | outdoors (1.0) | sells=True
[39/274] https://www.youtube.com/@noahanderson14
      Noah Anderson | Mid | 524,000 subs | med 99,000 views | 9 uploads/90d | running_endurance (0.67) | sells=False
[40/274] https://www.youtube.com/@CrazyQuady
      CrazyQuady | High | 159,000 subs | med 34,000 views | 18 uploads/90d | outdoors (0.93) | sells=True
[41/274] https://www.youtube.com/@FISH13
      FISH13 | Mid | 2,920,000 subs | med 973,000 views | 11 uploads/90d | outdoors (0.93) | sells=False
[42/274] https://www.youtube.com/@Donut
      Donut | Mid | 9,350,000 subs | med 474,000 views | 14 uploads/90d | no niche (0.0) | sells=True
[43/274] https://www.youtube.com/@laurenrs
      Lauren R S | Low | 6,170 subs | med 332 views | 0 uploads/90d | outdoors (0.4) | sells=False
[44/274] https://www.youtube.com/@Lonewolfwildcamping
      Lonewolf 902 | Mid | 508,000 subs | med 23,000 views | 15 uploads/90d | outdoors (0.92) | sells=False
[45/274] https://www.youtube.com/@AussieArvos
      Aussie Arvos | Mid | 228,000 subs | med 113,000 views | 8 uploads/90d | travel (0.5) | sells=False
[46/274] https://www.youtube.com/@ChaseChristopher1
      Chase Christopher | Mid | 86,100 subs | med 6,300 views | 5 uploads/90d | outdoors (0.44) | sells=False
[47/274] https://www.youtube.com/@SaucySeth
      Saucy Seth | High | 142,000 subs | med 149,000 views | 13 uploads/90d | outdoors (0.62) | sells=True
[48/274] https://www.youtube.com/@RuggedndReady
      Rugged & Ready | Mid | 2,100 subs | med 8,100 views | 30 uploads/90d | outdoors (0.75) | sells=False
[49/274] https://www.youtube.com/@davidmrule
      David Rule | Low | 833,000 subs | med 97,000 views | 0 uploads/90d | travel (0.75) | sells=False
[50/274] https://www.youtube.com/@ConnorLee
      Connor Lee | Mid | 25,900 subs | med 3,300 views | 9 uploads/90d | outdoors (0.86) | sells=False
[51/274] https://www.youtube.com/@mav
      Mav | Mid | 2,720,000 subs | med 452,000 views | 7 uploads/90d | outdoors (1.0) | sells=False
[52/274] https://www.youtube.com/@ThAirCampers
      ThAirCamper | Low | 6,620 subs | med 39,000 views | 0 uploads/90d | outdoors (1.0) | sells=False
[53/274] https://www.youtube.com/@BushcraftHakankarahan
      Hakan Karahan Doğada | High | 908,000 subs | med 232,000 views | 13 uploads/90d | outdoors (1.0) | sells=True
[54/274] https://www.youtube.com/@MAXBUSHCKRAFT24
      MAX BUSHCRAFT | Mid | 55,300 subs | med 167,000 views | 6 uploads/90d | outdoors (0.92) | sells=False
[55/274] https://www.youtube.com/@HariKristiyanto
      Hari Kristiyanto | Mid | 252,000 subs | med 56,000 views | 7 uploads/90d | outdoors (1.0) | sells=False
[56/274] https://www.youtube.com/@TheOutdoorGearReview
      TheOutdoorGearReview | High | 769,000 subs | med 81,000 views | 30 uploads/90d | outdoors (0.78) | sells=True
[57/274] https://www.youtube.com/@campingwithsteve
      Steve Wallis | Mid | 2,150,000 subs | med 1,600,000 views | 1 uploads/90d | outdoors (0.92) | sells=False
[58/274] https://www.youtube.com/@weekendsidequest
      Weekend Sidequest | High | 14,200 subs | med 14,000 views | 13 uploads/90d | outdoors (0.93) | sells=True
[59/274] https://www.youtube.com/@nicogrigg
      Nico Grigg | Mid | 4,099,999 subs | med 2,100,000 views | 4 uploads/90d | travel (0.83) | sells=False
[60/274] https://www.youtube.com/@JoeBartolozzi
      Joe Bartolozzi | Mid | 6,020,000 subs | med 2,400,000 views | 30 uploads/90d | business (1.0) | sells=False
[61/274] https://www.youtube.com/@moreadventuresmadefromscratch
      More Adventures Made From Scratch | Mid | 27,500 subs | med 44,000 views | 5 uploads/90d | outdoors (0.67) | sells=True
[62/274] https://www.youtube.com/@Zenith.Garage
      Zenith FRS | Mid | 190,000 subs | med 244,000 views | 7 uploads/90d | food (0.83) | sells=True
[63/274] https://www.youtube.com/@upthehoe
      Hell on Earth | High | 290,000 subs | med 105,000 views | 13 uploads/90d | outdoors (0.75) | sells=True
[64/274] https://www.youtube.com/@Weisz
      Louis Weisz | Mid | 744,000 subs | med 635,000 views | 2 uploads/90d | food (1.0) | sells=True
[65/274] https://www.youtube.com/@AllThe_Gear
      All The Gear | High | 462,000 subs | med 433,000 views | 12 uploads/90d | outdoors (0.8) | sells=True
[66/274] https://www.youtube.com/@JustinOutdoors
      Justin Outdoors | Mid | 137,000 subs | med 46,000 views | 14 uploads/90d | travel (0.85) | sells=False
[67/274] https://www.youtube.com/@AQuietPlaceAdventures
      A Quiet Place Adventures | High | 59,500 subs | med 11,000 views | 14 uploads/90d | outdoors (0.93) | sells=True
[68/274] https://www.youtube.com/@Mrwhosetheboss
      Mrwhosetheboss | Mid | 23,000,000 subs | med 4,099,999 views | 12 uploads/90d | running_endurance (0.4) | sells=False
[69/274] https://www.youtube.com/@DanBecker
      Dan Becker | Mid | 519,000 subs | med 99,000 views | 7 uploads/90d | outdoors (0.89) | sells=True
[70/274] https://www.youtube.com/@dudelifeofficial
      Dude Life | Mid | 1,160,000 subs | med 570,000 views | 13 uploads/90d | outdoors (0.82) | sells=False
[71/274] https://www.youtube.com/@JStuStudios
      JStuStudios | Mid | 3,700,000 subs | med 1,100,000 views | 0 uploads/90d | finance (0.6) | sells=True
[72/274] https://www.youtube.com/@BarelyCamping
      Barely Camping | Mid | 122,000 subs | med 293,000 views | 10 uploads/90d | outdoors (1.0) | sells=False
[73/274] https://www.youtube.com/@ZachKlimes
      Zach Klimes | Mid | 8,300 subs | med 4,400 views | 1 uploads/90d | outdoors (1.0) | sells=False
[74/274] https://www.youtube.com/@Steve.Berger
      Steve Berger | Mid | 33,200 subs | med 32,000 views | 6 uploads/90d | outdoors (0.82) | sells=False
[75/274] https://www.youtube.com/@GearTestTV
      GearTest Outdoors | Low | 47,300 subs | med 10,000 views | 0 uploads/90d | travel (0.58) | sells=False
[76/274] https://www.youtube.com/@CNN
      CNN | Mid | 19,900,000 subs | med 0 views | 30 uploads/90d | no niche (0.0) | sells=False
[77/274] https://www.youtube.com/@CampingGuidance
      Camping Guidance | Mid | 34,600 subs | med 1,000 views | 10 uploads/90d | outdoors (0.8) | sells=False
[78/274] https://www.youtube.com/@VoltrixGadgets
      Voltrix Gadgets | Mid | 4,710 subs | med 2,300 views | 30 uploads/90d | outdoors (0.69) | sells=False
[79/274] https://www.youtube.com/@RBM-Outdoors_Coody
      Coody by RBM Outdoors | Mid | 87,000 subs | med 50,000 views | 18 uploads/90d | outdoors (0.86) | sells=False
[80/274] https://www.youtube.com/@Enwild
      Enwild | Low | 89,200 subs | med 0 views | 0 uploads/90d | no niche (0.0) | sells=False
[81/274] https://www.youtube.com/@rei
      REI | Mid | 455,000 subs | med 408 views | 20 uploads/90d | running_endurance (0.43) | sells=False
[82/274] https://www.youtube.com/@the_adventureaddicts
      The Adventure Addicts | Zoe & Kelby | Low | 73,500 subs | med 19,000 views | 1 uploads/90d | outdoors (0.54) | sells=False
[83/274] https://www.youtube.com/@OverlandMiniVan
      Overland Minivan | Mid | 24,900 subs | med 33,000 views | 5 uploads/90d | outdoors (0.8) | sells=False
[84/274] https://www.youtube.com/@StephenJReid
      Stephen J Reid | Mid | 195,000 subs | med 50,000 views | 13 uploads/90d | outdoors (0.54) | sells=True
[85/274] https://www.youtube.com/@mattkessler-revelo
      Matt Kessler - Revelo | Mid | 3,000 subs | med 1,600 views | 6 uploads/90d | travel (0.5) | sells=True
[86/274] https://www.youtube.com/@OutsideOnline
      X G | Low | 197 subs | med 521 views | 0 uploads/90d | no niche (0.0) | sells=False
[87/274] https://www.youtube.com/@adventure_alan_co
      Adventure Alan & Co | Mid | 9,470 subs | med 9,400 views | 0 uploads/90d | outdoors (0.67) | sells=False
[88/274] https://www.youtube.com/@outdoorlife
      Outdoor Life | Mid | 97,000 subs | med 17,000 views | 19 uploads/90d | food (1.0) | sells=False
[89/274] https://www.youtube.com/@kentsurvivalgearreview586
      Kent Survival Gear & Review | Mid | 78,200 subs | med 81,000 views | 2 uploads/90d | food (0.4) | sells=True
[90/274] https://www.youtube.com/@WilsonForestLands
      Wilson Forest Lands | High | 363,000 subs | med 219,000 views | 16 uploads/90d | food (1.0) | sells=True
[91/274] https://www.youtube.com/@TAOutdoors
      TA Outdoors | Mid | 2,490,000 subs | med 158,000 views | 6 uploads/90d | outdoors (1.0) | sells=True
[92/274] https://www.youtube.com/@grubandgravel
      Grub and Gravel | Mid | 7,660 subs | med 1,000 views | 15 uploads/90d | outdoors (0.93) | sells=False
[93/274] https://www.youtube.com/@AdvancedKnifeBro
      Advanced Knife Bro | Mid | 103,000 subs | med 7,000 views | 6 uploads/90d | food (0.25) | sells=True
[94/274] https://www.youtube.com/@GarandThumb
      Garand Thumb | Mid | 4,620,000 subs | med 692,000 views | 13 uploads/90d | tech (0.4) | sells=True
[95/274] https://www.youtube.com/@clayhayeshunter
      Clay Hayes | Mid | 1,000,000 subs | med 373,000 views | 4 uploads/90d | outdoors (0.83) | sells=False
[96/274] https://www.youtube.com/@gideonstactical
      gideonstactical | High | 307,000 subs | med 16,000 views | 30 uploads/90d | finance (0.75) | sells=True
[97/274] https://www.youtube.com/@GreeklishOutdoors
      Greeklish Outdoors | Mid | 9,630 subs | med 1,900 views | 15 uploads/90d | outdoors (0.57) | sells=True
[98/274] https://www.youtube.com/@knifecenter
      KnifeCenter | Mid | 504,000 subs | med 31,000 views | 26 uploads/90d | fitness (0.5) | sells=False
[99/274] https://www.youtube.com/@Bush.survivalist
      Bushsurvivalist | Mid | 880 subs | med 2,800 views | 0 uploads/90d | outdoors (0.87) | sells=True
[100/274] https://www.youtube.com/@bushgearreview
      Bush Gear Review | Mid | 1,940 subs | med 1,200 views | 4 uploads/90d | outdoors (0.57) | sells=False
[101/274] https://www.youtube.com/@BackpackingTV
      BackpackingTV | Mid | 147,000 subs | med 8,800 views | 3 uploads/90d | outdoors (0.5) | sells=False
[102/274] https://www.youtube.com/@ridgeandriver
      Ridge & River | Mid | 4,820 subs | med 5,000 views | 18 uploads/90d | travel (0.5) | sells=False
[103/274] https://www.youtube.com/@awaytogether
      Away Together w/ Nik and Allie | Mid | 377,000 subs | med 105,000 views | 28 uploads/90d | travel (1.0) | sells=False
[104/274] https://www.youtube.com/@TaylortheNahamshaHiker
      Taylor the Nahamsha Hiker | Mid | 67,300 subs | med 8,350 views | 17 uploads/90d | outdoors (0.67) | sells=False
[105/274] https://www.youtube.com/@SethMaxwell
      Seth Maxwell | Low | 16,700 subs | med 228 views | 0 uploads/90d | outdoors (1.0) | sells=False
[106/274] https://www.youtube.com/@KM4ACK
      KM4ACK | Mid | 40,800 subs | med 3,600 views | 27 uploads/90d | food (0.5) | sells=True
[107/274] https://www.youtube.com/@oldworldskills
      Old World Skills | Low | 5,430 subs | med 815 views | 30 uploads/90d | outdoors (0.6) | sells=False
[108/274] https://www.youtube.com/@goOutdoorZone
      Outdoor Zone | Mid | 92,300 subs | med 10,000 views | 8 uploads/90d | outdoors (0.56) | sells=False
[109/274] https://www.youtube.com/@MicrowaveSociety
      Microwave Society | Low | 669,000 subs | med 150,000 views | 14 uploads/90d | outdoors (0.5) | sells=False
[110/274] https://www.youtube.com/@survivalgearofficial
      Survival Gear | Mid | 832,000 subs | med 115,000 views | 30 uploads/90d | outdoors (1.0) | sells=False
[111/274] https://www.youtube.com/@WhereWeWild
      Where We Wild | Mid | 77,500 subs | med 3,200 views | 8 uploads/90d | outdoors (0.7) | sells=True
[112/274] https://www.youtube.com/@NarratorWins
      Narrator | High | 1,460,000 subs | med 332,000 views | 18 uploads/90d | fitness (1.0) | sells=True
[113/274] https://www.youtube.com/@BikesandBeards
      Bikes and Beards | Low | 2,840,000 subs | med 647,000 views | 13 uploads/90d | lifestyle_vlog (0.5) | sells=False
[114/274] https://www.youtube.com/@ModernTacticalShooting
      Modern Tactical Shooting | Mid | 132,000 subs | med 62,000 views | 8 uploads/90d | finance (0.33) | sells=False
[115/274] https://www.youtube.com/@phatmemer69
      Phat Memer | Mid | 210,000 subs | med 265,000 views | 7 uploads/90d | travel (1.0) | sells=False
[116/274] https://www.youtube.com/@Justin_Taylor
      Justin Taylor | High | 324,000 subs | med 301,000 views | 17 uploads/90d | food (1.0) | sells=True
[117/274] https://www.youtube.com/@ReforgeGaming
      Reforge Gaming | Mid | 67,800 subs | med 5,800 views | 24 uploads/90d | outdoors (0.5) | sells=False
[118/274] https://www.youtube.com/@techlinked
      TechLinked | Mid | 1,980,000 subs | med 318,000 views | 30 uploads/90d | food (1.0) | sells=False
[119/274] https://www.youtube.com/@TopGear
      Top Gear | Mid | 9,550,000 subs | med 480,000 views | 24 uploads/90d | fitness (0.5) | sells=False
[120/274] https://www.youtube.com/@MoistCr1TiKaLGamingOfficial
      MoistCr1TiKaL Gaming | Mid | 1,100,000 subs | med 330,500 views | 30 uploads/90d | no niche (0.0) | sells=False
[121/274] https://www.youtube.com/@SreynithSomnang
      Relaxing with Camping | Low | 1,920,000 subs | med 72,000 views | 0 uploads/90d | outdoors (1.0) | sells=False
[122/274] https://www.youtube.com/@%EC%A3%BC%EC%8B%9D_%ED%8F%AC%EC%BB%A4%EC%8A%A4
      주식 포커스 | Mid | 181,000 subs | med 501,600 views | 11 uploads/90d | outdoors (1.0) | sells=False
[123/274] https://www.youtube.com/@RangerSurvivalandFieldCraft
      Ranger Survival and Field Craft | Mid | 339,000 subs | med 25,000 views | 12 uploads/90d | outdoors (0.75) | sells=False
[124/274] https://www.youtube.com/@BallEngReview
      Sreyvorng Survival | Low | 1,620,000 subs | med 100,000 views | 0 uploads/90d | outdoors (1.0) | sells=False
[125/274] https://www.youtube.com/@HeangHorn-xw9ne
      Heang Horn | Mid | 1,030,000 subs | med 12,000 views | 18 uploads/90d | outdoors (1.0) | sells=False
[126/274] https://www.youtube.com/@Kocabogaoutdoor
      Kocaboğa Outdoor | Mid | 3,340 subs | med 12,000 views | 10 uploads/90d | outdoors (0.85) | sells=False
[127/274] https://www.youtube.com/@JungleSurvival
      Jungle Survival | Mid | 7,140,000 subs | med 114,000 views | 9 uploads/90d | outdoors (1.0) | sells=False
[128/274] https://www.youtube.com/@PrimitiveSurvivalTool
      Primitive Survival Tool | Mid | 6,610,000 subs | med 126,000 views | 5 uploads/90d | fitness (1.0) | sells=True
[129/274] https://www.youtube.com/@PolissyaBushcraft
      Polissya Bushcraft | Mid | 1,290,000 subs | med 8,800,000 views | 3 uploads/90d | outdoors (1.0) | sells=False
[130/274] https://www.youtube.com/@PrimitiveTechnologyIdea
      Primitive Technology Idea | Mid | 6,500,000 subs | med 271,000 views | 4 uploads/90d | outdoors (1.0) | sells=False
[131/274] https://www.youtube.com/@PrimitiveWildBuild
      Primitive Wild Build | Mid | 289,000 subs | med 3,300 views | 30 uploads/90d | food (1.0) | sells=False
[132/274] https://www.youtube.com/@BUSHCRAFTTOOLS
      BUSHCRAFT TOOLS | Mid | 353,000 subs | med 7,400 views | 3 uploads/90d | outdoors (0.87) | sells=True
[133/274] https://www.youtube.com/@AustrianKnifeGuy
      Austrian Knife Guy | Mid | 988,000 subs | med 167,000 views | 0 uploads/90d | outdoors (1.0) | sells=False
[134/274] https://www.youtube.com/@WIRED
      WIRED | Mid | 13,000,000 subs | med 436,000 views | 30 uploads/90d | no niche (0.0) | sells=False
[135/274] https://www.youtube.com/@dirty-civilian
      Dirty Civilian | Mid | 825,000 subs | med 433,000 views | 12 uploads/90d | running_endurance (0.5) | sells=True
[136/274] https://www.youtube.com/@ONThree
      ON Three | High | 117,000 subs | med 7,400 views | 26 uploads/90d | outdoors (0.91) | sells=True
[137/274] https://www.youtube.com/@untamedscience
      StoneAgeMan | Low | 502,000 subs | med 147,000 views | 0 uploads/90d | food (0.5) | sells=True
[138/274] https://www.youtube.com/@FollowTheCompassNorth
      Follow The Compass North | Low | 401,000 subs | med 1,100 views | 1 uploads/90d | travel (0.33) | sells=False
[139/274] https://www.youtube.com/@corporalscorner03
      Corporals Corner | Mid | 1,100,000 subs | med 27,000 views | 20 uploads/90d | outdoors (0.75) | sells=False
[140/274] https://www.youtube.com/@OvensRockyMountainBushcraft
      Ovens Rocky Mountain Bushcraft | Mid | 1,110,000 subs | med 153,000 views | 5 uploads/90d | outdoors (0.67) | sells=True
[141/274] https://www.youtube.com/@WILDBOYRiL
      WILD BOY RiL | Mid | 237,000 subs | med 5,900 views | 1 uploads/90d | outdoors (0.82) | sells=False
[142/274] https://www.youtube.com/@botanik6140
      Botanik Bushcraft Survival | High | 704,000 subs | med 138,000 views | 11 uploads/90d | outdoors (1.0) | sells=True
[143/274] https://www.youtube.com/@BeautySurvivalSkills
      Survival Skills | Mid | 38,800 subs | med 17,000 views | 9 uploads/90d | outdoors (0.92) | sells=False
[144/274] https://www.youtube.com/@QuantumMakers
      Quantum Makers | Mid | 19,100,000 subs | med 951,000 views | 30 uploads/90d | outdoors (0.67) | sells=False
[145/274] https://www.youtube.com/@CyprienAdventures
      Cyprien Outdoor Adventures | Mid | 2,930,000 subs | med 3,300,000 views | 2 uploads/90d | outdoors (1.0) | sells=False
[146/274] https://www.youtube.com/@WildBushDriveTurbo
      Wild Bush Drive Turbo | Mid | 46,200 subs | med 64,000 views | 0 uploads/90d | outdoors (0.83) | sells=False
[147/274] https://www.youtube.com/@andrazegart
      Andraz Egart | Mid | 227,000 subs | med 246,000 views | 3 uploads/90d | outdoors (1.0) | sells=False
[148/274] https://www.youtube.com/@Bushcraftimprovisation
      Bushcraft improvisation | Low | 2,480,000 subs | med 245,000 views | 2 uploads/90d | outdoors (0.93) | sells=False
[149/274] https://www.youtube.com/@KuskBushcraft
      Kusk Bushcraft | Mid | 624,000 subs | med 27,000 views | 1 uploads/90d | outdoors (0.85) | sells=False
[150/274] https://www.youtube.com/@ryan
      Ryan Trahan | Low | 24,000,000 subs | med 7,700,000 views | 2 uploads/90d | travel (1.0) | sells=False
[151/274] https://www.youtube.com/@BROTHER_WOOD_08
      BROTHER WOOD | Low | 89,300 subs | med 4,600 views | 0 uploads/90d | fitness (0.5) | sells=False
[152/274] https://www.youtube.com/@BushcraftSurvivalSkills
      Bushcraft Survival Skills | Mid | 59,600 subs | med 38,000 views | 7 uploads/90d | outdoors (1.0) | sells=False
[153/274] https://www.youtube.com/@survivalshelterideas
      survival shelter ideas | Low | 856,000 subs | med 7,400 views | 2 uploads/90d | outdoors (1.0) | sells=False
[154/274] https://www.youtube.com/@Robin.Greenfield
      Robin Greenfield | Mid | 486,000 subs | med 10,000 views | 9 uploads/90d | outdoors (0.85) | sells=False
[155/274] https://www.youtube.com/@FeralForaging
      Feral Foraging | Low | 552,000 subs | med 151,000 views | 1 uploads/90d | nutrition (1.0) | sells=False
[156/274] https://www.youtube.com/@bbclearningenglish
      BBC Learning English | Mid | 10,900,000 subs | med 133,000 views | 30 uploads/90d | food (0.67) | sells=False
[157/274] https://www.youtube.com/@TheOutsiderCabin
      The Outsider | Mid | 1,210,000 subs | med 343,000 views | 3 uploads/90d | outdoors (0.83) | sells=True
[158/274] https://www.youtube.com/@dianxixiaoge
      Dianxi Xiaoge | Mid | 12,400,000 subs | med 2,400,000 views | 10 uploads/90d | food (0.62) | sells=False
[159/274] https://www.youtube.com/@FieldDays
      Field Days | Mid | 2,000,000 subs | med 396,000 views | 6 uploads/90d | food (0.5) | sells=True
[160/274] https://www.youtube.com/@townsends
      Townsends | Mid | 2,990,000 subs | med 156,000 views | 13 uploads/90d | food (0.78) | sells=False
[161/274] https://www.youtube.com/@simonablokeinthewoods
      Simon, a bloke in the woods | Mid | 243,000 subs | med 112,000 views | 1 uploads/90d | outdoors (0.85) | sells=True
[162/274] https://www.youtube.com/@MakeItEasyEducation
      Make It Easy Education | Low | 128,000 subs | med 0 views | 0 uploads/90d | no niche (0.0) | sells=False
[163/274] https://www.youtube.com/@waterfilterguru
      Water Filter Guru | Mid | 86,200 subs | med 30,000 views | 6 uploads/90d | outdoors (0.5) | sells=False
[164/274] https://www.youtube.com/@TheSurvivalSummit
      The Survival Summit | Low | 113,000 subs | med 792 views | 0 uploads/90d | outdoors (0.75) | sells=False
[165/274] https://www.youtube.com/@CanadianPrepper
      Canadian Prepper | Mid | 1,360,000 subs | med 193,000 views | 30 uploads/90d | running_endurance (0.5) | sells=True
[166/274] https://www.youtube.com/@coalcracker
      Coalcracker Bushcraft | Mid | 578,000 subs | med 15,000 views | 14 uploads/90d | outdoors (0.75) | sells=False
[167/274] https://www.youtube.com/@grimgranite
      Grim Granite | Mid | 198,000 subs | med 4,400 views | 3 uploads/90d | outdoors (0.75) | sells=False
[168/274] https://www.youtube.com/@RayMearsWoodloreLtd1983
      Ray Mears & Woodlore Ltd. | Mid | 117,000 subs | med 24,000 views | 0 uploads/90d | outdoors (1.0) | sells=False
[169/274] https://www.youtube.com/@STOKERMATIC
      STOKERMATIC | Mid | 104,000 subs | med 3,550 views | 20 uploads/90d | nutrition (1.0) | sells=False
[170/274] https://www.youtube.com/@useful.knowledge
      Useful Knowledge | Low | 74,400 subs | med 7,000 views | 0 uploads/90d | fitness (1.0) | sells=False
[171/274] https://www.youtube.com/@TheJoyfulWarrior
      The Joyful Warrior | Mid | 17,700 subs | med 3,200 views | 1 uploads/90d | outdoors (0.67) | sells=True
[172/274] https://www.youtube.com/@littlecampfires
      Little Campfires | Low | 24,600 subs | med 22,000 views | 0 uploads/90d | outdoors (0.89) | sells=False
[173/274] https://www.youtube.com/@izzythrills
      Izzythrills | Mid | 10,400 subs | med 238 views | 24 uploads/90d | travel (0.4) | sells=False
[174/274] https://www.youtube.com/@AlfieAesthetics
      AlfieAesthetics | Mid | 385,000 subs | med 233,000 views | 0 uploads/90d | outdoors (1.0) | sells=True
[175/274] https://www.youtube.com/@GOOutdoorsTV
      GO Outdoors TV | Mid | 28,400 subs | med 12,450 views | 0 uploads/90d | outdoors (0.56) | sells=False
[176/274] https://www.youtube.com/@parksNC
      NC State Parks | Low | 4,820 subs | med 436 views | 0 uploads/90d | outdoors (0.33) | sells=False
[177/274] https://www.youtube.com/@Snoopy
      Snoopy | Mid | 890,000 subs | med 131,000 views | 7 uploads/90d | travel (0.5) | sells=False
[178/274] https://www.youtube.com/@cbbc
      CBBC | Mid | 893,000 subs | med 2,850 views | 10 uploads/90d | food (0.67) | sells=False
[179/274] https://www.youtube.com/@TheHelpfulChannel
      TheHelpfulChannel | Mid | 14,200 subs | med 2,600 views | 0 uploads/90d | nutrition (0.83) | sells=False
[180/274] https://www.youtube.com/@CampandCaravanning
      The Camping and Caravanning Club | Mid | 21,900 subs | med 1,700 views | 4 uploads/90d | outdoors (1.0) | sells=False
[181/274] https://www.youtube.com/@JupiterHikes
      JupiterHikes | Mid | 106,000 subs | med 20,000 views | 1 uploads/90d | outdoors (0.73) | sells=True
[182/274] https://www.youtube.com/@OscarHikes
      Oscar Hikes | Mid | 94,700 subs | med 58,000 views | 1 uploads/90d | outdoors (0.55) | sells=False
[183/274] https://www.youtube.com/@StepMassive
      StepMassive | Mid | 20,400 subs | med 9,100 views | 11 uploads/90d | travel (1.0) | sells=False
[184/274] https://www.youtube.com/@trailblazeherTS
      Trailblazeher | Low | 3,570 subs | med 1,400 views | 0 uploads/90d | outdoors (0.62) | sells=False
[185/274] https://www.youtube.com/@Wild.cat.adventures
      Wild Cat Adventures | Mid | 13,800 subs | med 3,550 views | 11 uploads/90d | outdoors (0.9) | sells=False
[186/274] https://www.youtube.com/@PaulMessner
      Paul Messner | Mid | 224,000 subs | med 25,000 views | 18 uploads/90d | food (0.4) | sells=True
[187/274] https://www.youtube.com/@SummitOrNothing
      Summit Or Nothing | Mid | 34,100 subs | med 10,000 views | 0 uploads/90d | outdoors (0.77) | sells=False
[188/274] https://www.youtube.com/@norwaywithpal
      Norway with Pål | Mid | 35,900 subs | med 26,000 views | 0 uploads/90d | travel (1.0) | sells=True
[189/274] https://www.youtube.com/@inforestsandlands
      In Forests And Lands | Mid | 25,400 subs | med 2,800 views | 4 uploads/90d | outdoors (0.93) | sells=False
[190/274] https://www.youtube.com/@OutdoorsMagicTV
      Outdoors Magic | Low | 27,100 subs | med 80,000 views | 0 uploads/90d | outdoors (1.0) | sells=False
[191/274] https://www.youtube.com/@NPSWilderness
      National Park Service Wilderness | Low | 4,120 subs | med 9,800 views | 0 uploads/90d | outdoors (0.5) | sells=False
[192/274] https://www.youtube.com/@WildWoodsman
      Wild Woodsman | Low | 333 subs | med 139 views | 0 uploads/90d | outdoors (0.86) | sells=False
[193/274] https://www.youtube.com/@NZMountainSafetyCouncil
      NZ Mountain Safety Council | Mid | 22,100 subs | med 44,000 views | 7 uploads/90d | outdoors (0.9) | sells=False
[194/274] https://www.youtube.com/@CleverHiker
      Dave Collins | Mid | 32,800 subs | med 101,000 views | 0 uploads/90d | travel (1.0) | sells=False
[195/274] https://www.youtube.com/@cndccc
      Candace | Low | 24 subs | med 22,000 views | 0 uploads/90d | no niche (0.0) | sells=False
[196/274] https://www.youtube.com/@tripoutside
      TripOutside | Low | 203 subs | med 247 views | 0 uploads/90d | travel (0.55) | sells=False
[197/274] https://www.youtube.com/@DarwinOnthetrail
      Darwin onthetrail | Mid | 358,000 subs | med 54,000 views | 5 uploads/90d | travel (0.55) | sells=True
[198/274] https://www.youtube.com/@EnlightenedEquipment
      Enlightened Equipment | Low | 5,220 subs | med 9,900 views | 0 uploads/90d | outdoors (0.5) | sells=False
[199/274] https://www.youtube.com/@llbean
      L.L.Bean | Mid | 706,000 subs | med 8,700 views | 5 uploads/90d | travel (0.57) | sells=False
[200/274] https://www.youtube.com/@UCOGear
      UCO | Mid | 54,700 subs | med 38,000 views | 0 uploads/90d | outdoors (1.0) | sells=False
[201/274] https://www.youtube.com/@amanda.outside
      Amanda Outside | Mid | 135,000 subs | med 21,000 views | 1 uploads/90d | outdoors (0.83) | sells=False
[202/274] https://www.youtube.com/@CowboyKentRollins
      Cowboy Kent Rollins | Mid | 3,570,000 subs | med 109,000 views | 26 uploads/90d | food (1.0) | sells=False
[203/274] https://www.youtube.com/@firetofork
      Fire to Fork | Mid | 132,000 subs | med 24,000 views | 13 uploads/90d | food (0.5) | sells=True
[204/274] https://www.youtube.com/@ggg4runner
      GGG4Runner | Mid | 28,100 subs | med 7,000 views | 0 uploads/90d | outdoors (0.87) | sells=False
[205/274] https://www.youtube.com/@RoadtrippersHQ
      Roadtrippers | Mid | 14,100 subs | med 1,600 views | 0 uploads/90d | travel (0.92) | sells=False
[206/274] https://www.youtube.com/@coleeades
      COLE EADES | Mid | 7,630 subs | med 6,800 views | 0 uploads/90d | outdoors (0.73) | sells=False
[207/274] https://www.youtube.com/@ExpeditionOverland
      Expedition Overland | Mid | 470,000 subs | med 314,000 views | 0 uploads/90d | outdoors (0.75) | sells=False
[208/274] https://www.youtube.com/@TrailRecon
      TrailRecon | High | 687,000 subs | med 103,000 views | 14 uploads/90d | outdoors (1.0) | sells=True
[209/274] https://www.youtube.com/@PacificRoamer
      Pacific Roamer | Low | 13,900 subs | med 16,000 views | 0 uploads/90d | outdoors (0.64) | sells=False
[210/274] https://www.youtube.com/@drewsimms
      Drew Simms | Mid | 484,000 subs | med 297,000 views | 1 uploads/90d | outdoors (0.54) | sells=True
[211/274] https://www.youtube.com/@DirtLifestyle
      Dirt Lifestyle | High | 446,000 subs | med 71,000 views | 17 uploads/90d | outdoors (1.0) | sells=True
[212/274] https://www.youtube.com/@4WD247
      4WD 24-7 | Mid | 1,500,000 subs | med 320,000 views | 14 uploads/90d | outdoors (0.43) | sells=False
[213/274] https://www.youtube.com/@FourWheelCampers
      Four Wheel Campers | Mid | 28,500 subs | med 4,400 views | 5 uploads/90d | outdoors (1.0) | sells=False
[214/274] https://www.youtube.com/@projectyonder
      Project Yonder | Low | 8,460 subs | med 84,000 views | 1 uploads/90d | outdoors (1.0) | sells=False
[215/274] https://www.youtube.com/@Adv4x4
      Adv4x4 | Mid | 46,600 subs | med 29,000 views | 2 uploads/90d | outdoors (0.54) | sells=False
[216/274] https://www.youtube.com/@expe.advent
      Expedition Adventure | Mid | 10,400 subs | med 2,100 views | 1 uploads/90d | travel (0.43) | sells=True
[217/274] https://www.youtube.com/@DrewBuildsStuff
      Drew Builds Stuff | Low | 1,990,000 subs | med 7,000,000 views | 1 uploads/90d | outdoors (0.67) | sells=False
[218/274] https://www.youtube.com/@Dualex_Builds
      DualEx | Low | 941,000 subs | med 421,500 views | 0 uploads/90d | running_endurance (0.44) | sells=False
[219/274] https://www.youtube.com/@DanticYT
      Dantic | Mid | 3,500,000 subs | med 5,800,000 views | 2 uploads/90d | travel (0.67) | sells=False
[220/274] https://www.youtube.com/@Hangtime37
      Hangtime | Mid | 4,040,000 subs | med 6,300,000 views | 3 uploads/90d | travel (0.75) | sells=False
[221/274] https://www.youtube.com/@beelinefox
      Beeline Fox | Low | 6,700 subs | med 1,900 views | 0 uploads/90d | outdoors (0.43) | sells=False
[222/274] https://www.youtube.com/@JakeAdvs
      Jake Adv | Mid | 39,300 subs | med 3,600 views | 1 uploads/90d | outdoors (0.71) | sells=False
[223/274] https://www.youtube.com/@LoveSundays
      Love Sundays | High | 169,000 subs | med 24,000 views | 13 uploads/90d | outdoors (0.91) | sells=True
[224/274] https://www.youtube.com/@buildersblueprint
      Builders Blueprint | Low | 464,000 subs | med 483,000 views | 1 uploads/90d | fitness (0.5) | sells=False
[225/274] https://www.youtube.com/@GenevievesPlayhouse
      Genevieve's Playhouse - Learning Videos for Kids | Low | 51,100,000 subs | med 4,500,000 views | 14 uploads/90d | outdoors (0.5) | sells=False
[226/274] https://www.youtube.com/@PAWPatrolOfficial
      PAW Patrol Official & Friends | Mid | 11,500,000 subs | med 107,500 views | 25 uploads/90d | running_endurance (1.0) | sells=False
[227/274] https://www.youtube.com/@WideOpenRoams
      Wide Open Roams | Mid | 11,800 subs | med 6,800 views | 11 uploads/90d | outdoors (0.62) | sells=False
[228/274] https://www.youtube.com/@WestenChamplin
      Westen Champlin | Mid | 5,900,000 subs | med 2,800,000 views | 13 uploads/90d | travel (0.33) | sells=False
[229/274] https://www.youtube.com/@Weretherussos
      We're the Russos | Mid | 279,000 subs | med 48,000 views | 6 uploads/90d | outdoors (0.93) | sells=False
[230/274] https://www.youtube.com/@TheMuseRanch
      The Muse Ranch | Mid | 22,600 subs | med 66,500 views | 9 uploads/90d | outdoors (1.0) | sells=True
[231/274] https://www.youtube.com/channel/UCZzfOkvfLKdKYEWAZ_Vc0zg
      Toddler Fun Learning | Mid | 4,600,000 subs | med 33,000 views | 30 uploads/90d | travel (0.5) | sells=False
[232/274] https://www.youtube.com/@waimeawanders
      Waimea Wanders | Low | 7,310 subs | med 478,550 views | 0 uploads/90d | food (0.5) | sells=False
[233/274] https://www.youtube.com/@courtneyevewhite
      Courtney Eve White | Low | 25,800 subs | med 64,000 views | 0 uploads/90d | outdoors (0.86) | sells=False
[234/274] https://www.youtube.com/@austinseder
      Austin Seder | Low | 9,880 subs | med 641,500 views | 0 uploads/90d | outdoors (1.0) | sells=False
[235/274] https://www.youtube.com/@satherkatelyn
      Katelyn Sather | Mid | 917 subs | med 1,700 views | 5 uploads/90d | outdoors (1.0) | sells=False
[236/274] https://www.youtube.com/@nathanoutside
      Nathan Brooks | Low | 4,670 subs | med 502,350 views | 0 uploads/90d | outdoors (1.0) | sells=False
[237/274] https://www.youtube.com/@TheHoleshoes
      The Holeshoes | Low | 2,440 subs | med 1,700 views | 0 uploads/90d | outdoors (0.77) | sells=False
[238/274] https://www.youtube.com/@Hiking.Inspired
      Jeremy 78 | Mid | 1,130 subs | med 1,500 views | 4 uploads/90d | outdoors (1.0) | sells=False
[239/274] https://www.youtube.com/@RyanKodakBrown
      Ryan & Ilse | Patagonia to Alaska | Mid | 27,600 subs | med 40,000 views | 3 uploads/90d | travel (0.57) | sells=True
[240/274] https://www.youtube.com/@jeremy.miller
      Jeremy Miller | Low | 377,000 subs | med 30,000 views | 9 uploads/90d | running_endurance (0.46) | sells=False
[241/274] https://www.youtube.com/@chriscage
      Chris Cage | Mid | 36,700 subs | med 162,000 views | 6 uploads/90d | outdoors (1.0) | sells=False
[242/274] https://www.youtube.com/@gaelchasingtrails2943
      Gael Chasing Trails | Low | 1,420 subs | med 1,400 views | 2 uploads/90d | outdoors (1.0) | sells=False
[243/274] https://www.youtube.com/@hikingdaydreams
      Hiking Daydreams | Mid | 754 subs | med 76 views | 6 uploads/90d | outdoors (0.79) | sells=False
[244/274] https://www.youtube.com/@fredlaventurier
      Fred the adventurer | Low | 130 subs | med 219 views | 0 uploads/90d | outdoors (0.5) | sells=False
[245/274] https://www.youtube.com/@HarmenHoek
      Harmen Hoek | Mid | 492,000 subs | med 758,000 views | 1 uploads/90d | outdoors (0.79) | sells=True
[246/274] https://www.youtube.com/@wildstraybymikkelbizmandru5793
      Mikkel Mandrup Fogt | Low | 705 subs | med 1,850 views | 0 uploads/90d | outdoors (0.8) | sells=False
[247/274] https://www.youtube.com/@mollyroseoutdoors
      Molly Rose Outdoors | Mid | 12,900 subs | med 9,000 views | 30 uploads/90d | outdoors (1.0) | sells=False
[248/274] https://www.youtube.com/@adventure_outdoors
      Megan's Adventure Outdoors | Mid | 5,500 subs | med 1,300 views | 12 uploads/90d | outdoors (0.64) | sells=False
[249/274] https://www.youtube.com/@TheTrek
      The Trek | Mid | 49,100 subs | med 19,000 views | 24 uploads/90d | outdoors (0.57) | sells=False
[250/274] https://www.youtube.com/@taratreks
      Tara Treks | Mid | 41,900 subs | med 932 views | 5 uploads/90d | outdoors (0.6) | sells=False
[251/274] https://www.youtube.com/@_jimmyjoyce
      Jimmy Joyce | Mid | 2,800 subs | med 878 views | 11 uploads/90d | outdoors (0.93) | sells=False
[252/274] https://www.youtube.com/@ElsaRhae
      Elsa Rhae & Barron | Mid | 606,000 subs | med 80,000 views | 3 uploads/90d | outdoors (1.0) | sells=False
[253/274] https://www.youtube.com/@FrozensAdventures
      Outdoor Adventures | Mid | 84,400 subs | med 4,100 views | 9 uploads/90d | travel (0.44) | sells=True
[254/274] https://www.youtube.com/@craig.m.spielberg
      Craig M - Spielberg | Low | 8,200 subs | med 3,200 views | 0 uploads/90d | outdoors (1.0) | sells=False
[255/274] https://www.youtube.com/@appalachianadventurista
      Appalachian Adventurista | Mid | 9,950 subs | med 3,700 views | 13 uploads/90d | lifestyle_vlog (0.5) | sells=False
[256/274] https://www.youtube.com/@megancombo
      megan combo | Low | 315 subs | med 36,000 views | 0 uploads/90d | outdoors (1.0) | sells=False
[257/274] https://www.youtube.com/@juliezweng
      Julie Zweng | Low | 1,550 subs | med 204,000 views | 0 uploads/90d | outdoors (1.0) | sells=False
[258/274] https://www.youtube.com/@KyleHatesHiking
      Kyle Hates Hiking | Mid | 988,000 subs | med 926,000 views | 9 uploads/90d | travel (0.71) | sells=False
[259/274] https://www.youtube.com/@Travellightmel
      Travel Light Mel | Mid | 28,500 subs | med 11,000 views | 2 uploads/90d | travel (0.5) | sells=False
[260/274] https://www.youtube.com/@NadineWalks
      Nadine Walks | High | 22,000 subs | med 5,000 views | 14 uploads/90d | travel (0.67) | sells=True
[261/274] https://www.youtube.com/@UTracksTravel
      UTracksTravel | Low | 2,480 subs | med 451 views | 1 uploads/90d | travel (0.4) | sells=False
[262/274] https://www.youtube.com/@Caminohacks
      Camino Hacks and Tips | Mid | 14,300 subs | med 43,000 views | 5 uploads/90d | travel (1.0) | sells=True
[263/274] https://www.youtube.com/@Ramdinohikes
      Ramdino Hiking the Trails | High | 22,500 subs | med 5,700 views | 30 uploads/90d | outdoors (1.0) | sells=True
[264/274] https://www.youtube.com/@hikethecamino
      Hike the Camino | Low | 685 subs | med 493 views | 0 uploads/90d | running_endurance (0.4) | sells=False
[265/274] https://www.youtube.com/@CBSMornings
      CBS Mornings | Mid | 3,320,000 subs | med 0 views | 22 uploads/90d | no niche (0.0) | sells=False
[266/274] https://www.youtube.com/@caminotellers
      Caminotellers | Mid | 36,600 subs | med 3,200 views | 20 uploads/90d | travel (0.33) | sells=True
[267/274] https://www.youtube.com/@RyanMitchellYT
      Ryan Mitchell | Mid | 394,000 subs | med 108,000 views | 4 uploads/90d | outdoors (0.87) | sells=False
[268/274] https://www.youtube.com/@californiathroughmylens
      California Through My Lens | Mid | 314,000 subs | med 47,000 views | 1 uploads/90d | travel (0.6) | sells=False
[269/274] https://www.youtube.com/@Summit_Archives
      Summit Archives | Mid | 1,320 subs | med 29,000 views | 12 uploads/90d | food (0.6) | sells=False
[270/274] https://www.youtube.com/@MediocreAmateur
      Mediocre Amateur | Low | 114,000 subs | med 46,000 views | 2 uploads/90d | travel (0.4) | sells=False
[271/274] https://www.youtube.com/@SoloSoloTravel
      Solo Solo Travel | Mid | 1,620,000 subs | med 569,000 views | 6 uploads/90d | travel (0.86) | sells=False
[272/274] https://www.youtube.com/@EddieBauerNW
      Eddie Bauer | Low | 94,600 subs | med 1,200 views | 0 uploads/90d | outdoors (0.5) | sells=False
[273/274] https://www.youtube.com/@JonGupta
      Jon Gupta | Low | 57,100 subs | med 5,200 views | 1 uploads/90d | outdoors (0.6) | sells=False
[274/274] https://www.youtube.com/@LukeGeeTravels
      LukeGee Travels | Mid | 9,510 subs | med 666 views | 13 uploads/90d | travel (0.67) | sells=False

274 leads -> outdoor_leads.csv  {'High': 21, 'Mid': 192, 'Low': 61}
